C:/Users/C837269287/Documents/GitHub/MT48LC4M16A2_STM32_interface/GPIO_InfiniteLedToggling_Init/Drivers/STM32H7RSxx_HAL_Driver/Src/stm32h7rsxx_ll_fmc.c:195:20:FMC_NORSRAM_Init	32	static
C:/Users/C837269287/Documents/GitHub/MT48LC4M16A2_STM32_interface/GPIO_InfiniteLedToggling_Init/Drivers/STM32H7RSxx_HAL_Driver/Src/stm32h7rsxx_ll_fmc.c:292:19:FMC_NORSRAM_DeInit	24	static
C:/Users/C837269287/Documents/GitHub/MT48LC4M16A2_STM32_interface/GPIO_InfiniteLedToggling_Init/Drivers/STM32H7RSxx_HAL_Driver/Src/stm32h7rsxx_ll_fmc.c:329:19:FMC_NORSRAM_Timing_Init	32	static
C:/Users/C837269287/Documents/GitHub/MT48LC4M16A2_STM32_interface/GPIO_InfiniteLedToggling_Init/Drivers/STM32H7RSxx_HAL_Driver/Src/stm32h7rsxx_ll_fmc.c:378:19:FMC_NORSRAM_Extended_Timing_Init	24	static
C:/Users/C837269287/Documents/GitHub/MT48LC4M16A2_STM32_interface/GPIO_InfiniteLedToggling_Init/Drivers/STM32H7RSxx_HAL_Driver/Src/stm32h7rsxx_ll_fmc.c:445:19:FMC_NORSRAM_WriteOperation_Enable	16	static
C:/Users/C837269287/Documents/GitHub/MT48LC4M16A2_STM32_interface/GPIO_InfiniteLedToggling_Init/Drivers/STM32H7RSxx_HAL_Driver/Src/stm32h7rsxx_ll_fmc.c:463:19:FMC_NORSRAM_WriteOperation_Disable	16	static
C:/Users/C837269287/Documents/GitHub/MT48LC4M16A2_STM32_interface/GPIO_InfiniteLedToggling_Init/Drivers/STM32H7RSxx_HAL_Driver/Src/stm32h7rsxx_ll_fmc.c:533:19:FMC_NAND_Init	16	static
C:/Users/C837269287/Documents/GitHub/MT48LC4M16A2_STM32_interface/GPIO_InfiniteLedToggling_Init/Drivers/STM32H7RSxx_HAL_Driver/Src/stm32h7rsxx_ll_fmc.c:565:19:FMC_NAND_CommonSpace_Timing_Init	24	static
C:/Users/C837269287/Documents/GitHub/MT48LC4M16A2_STM32_interface/GPIO_InfiniteLedToggling_Init/Drivers/STM32H7RSxx_HAL_Driver/Src/stm32h7rsxx_ll_fmc.c:596:19:FMC_NAND_AttributeSpace_Timing_Init	24	static
C:/Users/C837269287/Documents/GitHub/MT48LC4M16A2_STM32_interface/GPIO_InfiniteLedToggling_Init/Drivers/STM32H7RSxx_HAL_Driver/Src/stm32h7rsxx_ll_fmc.c:625:19:FMC_NAND_DeInit	16	static
C:/Users/C837269287/Documents/GitHub/MT48LC4M16A2_STM32_interface/GPIO_InfiniteLedToggling_Init/Drivers/STM32H7RSxx_HAL_Driver/Src/stm32h7rsxx_ll_fmc.c:673:19:FMC_NAND_ECC_Enable	16	static
C:/Users/C837269287/Documents/GitHub/MT48LC4M16A2_STM32_interface/GPIO_InfiniteLedToggling_Init/Drivers/STM32H7RSxx_HAL_Driver/Src/stm32h7rsxx_ll_fmc.c:695:19:FMC_NAND_ECC_Disable	16	static
C:/Users/C837269287/Documents/GitHub/MT48LC4M16A2_STM32_interface/GPIO_InfiniteLedToggling_Init/Drivers/STM32H7RSxx_HAL_Driver/Src/stm32h7rsxx_ll_fmc.c:718:19:FMC_NAND_GetECC	32	static
C:/Users/C837269287/Documents/GitHub/MT48LC4M16A2_STM32_interface/GPIO_InfiniteLedToggling_Init/Drivers/STM32H7RSxx_HAL_Driver/Src/stm32h7rsxx_ll_fmc.c:803:19:FMC_SDRAM_Init	16	static
C:/Users/C837269287/Documents/GitHub/MT48LC4M16A2_STM32_interface/GPIO_InfiniteLedToggling_Init/Drivers/STM32H7RSxx_HAL_Driver/Src/stm32h7rsxx_ll_fmc.c:865:19:FMC_SDRAM_Timing_Init	24	static
C:/Users/C837269287/Documents/GitHub/MT48LC4M16A2_STM32_interface/GPIO_InfiniteLedToggling_Init/Drivers/STM32H7RSxx_HAL_Driver/Src/stm32h7rsxx_ll_fmc.c:917:19:FMC_SDRAM_DeInit	16	static
C:/Users/C837269287/Documents/GitHub/MT48LC4M16A2_STM32_interface/GPIO_InfiniteLedToggling_Init/Drivers/STM32H7RSxx_HAL_Driver/Src/stm32h7rsxx_ll_fmc.c:958:19:FMC_SDRAM_WriteProtection_Enable	16	static
C:/Users/C837269287/Documents/GitHub/MT48LC4M16A2_STM32_interface/GPIO_InfiniteLedToggling_Init/Drivers/STM32H7RSxx_HAL_Driver/Src/stm32h7rsxx_ll_fmc.c:975:19:FMC_SDRAM_WriteProtection_Disable	16	static
C:/Users/C837269287/Documents/GitHub/MT48LC4M16A2_STM32_interface/GPIO_InfiniteLedToggling_Init/Drivers/STM32H7RSxx_HAL_Driver/Src/stm32h7rsxx_ll_fmc.c:995:19:FMC_SDRAM_SendCommand	24	static
C:/Users/C837269287/Documents/GitHub/MT48LC4M16A2_STM32_interface/GPIO_InfiniteLedToggling_Init/Drivers/STM32H7RSxx_HAL_Driver/Src/stm32h7rsxx_ll_fmc.c:1021:19:FMC_SDRAM_ProgramRefreshRate	16	static
C:/Users/C837269287/Documents/GitHub/MT48LC4M16A2_STM32_interface/GPIO_InfiniteLedToggling_Init/Drivers/STM32H7RSxx_HAL_Driver/Src/stm32h7rsxx_ll_fmc.c:1039:19:FMC_SDRAM_SetAutoRefreshNumber	16	static
C:/Users/C837269287/Documents/GitHub/MT48LC4M16A2_STM32_interface/GPIO_InfiniteLedToggling_Init/Drivers/STM32H7RSxx_HAL_Driver/Src/stm32h7rsxx_ll_fmc.c:1061:10:FMC_SDRAM_GetModeStatus	24	static
