../../../Drivers/STM32H7RSxx_HAL_Driver/Inc/stm32h7rsxx_ll_rcc.h:1376:26:LL_RCC_HSE_IsReady	4	static
../../../Drivers/STM32H7RSxx_HAL_Driver/Inc/stm32h7rsxx_ll_rcc.h:1414:26:LL_RCC_HSI_IsReady	4	static
../../../Drivers/STM32H7RSxx_HAL_Driver/Inc/stm32h7rsxx_ll_rcc.h:1424:26:LL_RCC_HSI_IsDividerReady	4	static
../../../Drivers/STM32H7RSxx_HAL_Driver/Inc/stm32h7rsxx_ll_rcc.h:1453:26:LL_RCC_HSI_GetDivider	4	static
../../../Drivers/STM32H7RSxx_HAL_Driver/Inc/stm32h7rsxx_ll_rcc.h:1558:26:LL_RCC_GetXSPI2SwitchPosition	4	static
../../../Drivers/STM32H7RSxx_HAL_Driver/Inc/stm32h7rsxx_ll_rcc.h:1573:26:LL_RCC_GetXSPI1SwitchPosition	4	static
../../../Drivers/STM32H7RSxx_HAL_Driver/Inc/stm32h7rsxx_ll_rcc.h:1589:26:LL_RCC_GetFMCSwitchPosition	4	static
../../../Drivers/STM32H7RSxx_HAL_Driver/Inc/stm32h7rsxx_ll_rcc.h:1663:26:LL_RCC_CSI_IsReady	4	static
../../../Drivers/STM32H7RSxx_HAL_Driver/Inc/stm32h7rsxx_ll_rcc.h:1936:26:LL_RCC_LSE_IsReady	4	static
../../../Drivers/STM32H7RSxx_HAL_Driver/Inc/stm32h7rsxx_ll_rcc.h:1974:26:LL_RCC_LSI_IsReady	4	static
../../../Drivers/STM32H7RSxx_HAL_Driver/Inc/stm32h7rsxx_ll_rcc.h:2011:26:LL_RCC_GetSysClkSource	4	static
../../../Drivers/STM32H7RSxx_HAL_Driver/Inc/stm32h7rsxx_ll_rcc.h:2184:26:LL_RCC_GetSysPrescaler	4	static
../../../Drivers/STM32H7RSxx_HAL_Driver/Inc/stm32h7rsxx_ll_rcc.h:2203:26:LL_RCC_GetAHBPrescaler	4	static
../../../Drivers/STM32H7RSxx_HAL_Driver/Inc/stm32h7rsxx_ll_rcc.h:2218:26:LL_RCC_GetAPB1Prescaler	4	static
../../../Drivers/STM32H7RSxx_HAL_Driver/Inc/stm32h7rsxx_ll_rcc.h:2233:26:LL_RCC_GetAPB2Prescaler	4	static
../../../Drivers/STM32H7RSxx_HAL_Driver/Inc/stm32h7rsxx_ll_rcc.h:2248:26:LL_RCC_GetAPB4Prescaler	4	static
../../../Drivers/STM32H7RSxx_HAL_Driver/Inc/stm32h7rsxx_ll_rcc.h:2263:26:LL_RCC_GetAPB5Prescaler	4	static
../../../Drivers/STM32H7RSxx_HAL_Driver/Inc/stm32h7rsxx_ll_rcc.h:2921:26:LL_RCC_GetClockSource	24	static
../../../Drivers/STM32H7RSxx_HAL_Driver/Inc/stm32h7rsxx_ll_rcc.h:2937:26:LL_RCC_GetADCClockSource	16	static
../../../Drivers/STM32H7RSxx_HAL_Driver/Inc/stm32h7rsxx_ll_rcc.h:2956:26:LL_RCC_GetADFClockSource	16	static
../../../Drivers/STM32H7RSxx_HAL_Driver/Inc/stm32h7rsxx_ll_rcc.h:2972:26:LL_RCC_GetCECClockSource	16	static
../../../Drivers/STM32H7RSxx_HAL_Driver/Inc/stm32h7rsxx_ll_rcc.h:2988:26:LL_RCC_GetCLKPClockSource	16	static
../../../Drivers/STM32H7RSxx_HAL_Driver/Inc/stm32h7rsxx_ll_rcc.h:3003:26:LL_RCC_GetETHPHYClockSource	16	static
../../../Drivers/STM32H7RSxx_HAL_Driver/Inc/stm32h7rsxx_ll_rcc.h:3035:26:LL_RCC_GetFDCANClockSource	16	static
../../../Drivers/STM32H7RSxx_HAL_Driver/Inc/stm32h7rsxx_ll_rcc.h:3052:26:LL_RCC_GetFMCClockSource	16	static
../../../Drivers/STM32H7RSxx_HAL_Driver/Inc/stm32h7rsxx_ll_rcc.h:3075:26:LL_RCC_GetI2CClockSource	16	static
../../../Drivers/STM32H7RSxx_HAL_Driver/Inc/stm32h7rsxx_ll_rcc.h:3091:26:LL_RCC_GetI3CClockSource	16	static
../../../Drivers/STM32H7RSxx_HAL_Driver/Inc/stm32h7rsxx_ll_rcc.h:3127:26:LL_RCC_GetLPTIMClockSource	16	static
../../../Drivers/STM32H7RSxx_HAL_Driver/Inc/stm32h7rsxx_ll_rcc.h:3145:26:LL_RCC_GetLPUARTClockSource	16	static
../../../Drivers/STM32H7RSxx_HAL_Driver/Inc/stm32h7rsxx_ll_rcc.h:3183:26:LL_RCC_GetXSPIClockSource	16	static
../../../Drivers/STM32H7RSxx_HAL_Driver/Inc/stm32h7rsxx_ll_rcc.h:3197:26:LL_RCC_GetPSSIClockSource	16	static
../../../Drivers/STM32H7RSxx_HAL_Driver/Inc/stm32h7rsxx_ll_rcc.h:3223:26:LL_RCC_GetSAIClockSource	16	static
../../../Drivers/STM32H7RSxx_HAL_Driver/Inc/stm32h7rsxx_ll_rcc.h:3238:26:LL_RCC_GetSDMMCClockSource	16	static
../../../Drivers/STM32H7RSxx_HAL_Driver/Inc/stm32h7rsxx_ll_rcc.h:3255:26:LL_RCC_GetSPDIFRXClockSource	16	static
../../../Drivers/STM32H7RSxx_HAL_Driver/Inc/stm32h7rsxx_ll_rcc.h:3296:26:LL_RCC_GetSPIClockSource	16	static
../../../Drivers/STM32H7RSxx_HAL_Driver/Inc/stm32h7rsxx_ll_rcc.h:3322:26:LL_RCC_GetUSARTClockSource	16	static
../../../Drivers/STM32H7RSxx_HAL_Driver/Inc/stm32h7rsxx_ll_rcc.h:3339:26:LL_RCC_GetUSBPHYCClockSource	16	static
../../../Drivers/STM32H7RSxx_HAL_Driver/Inc/stm32h7rsxx_ll_rcc.h:3707:26:LL_RCC_PLL_GetSource	4	static
../../../Drivers/STM32H7RSxx_HAL_Driver/Inc/stm32h7rsxx_ll_rcc.h:3738:26:LL_RCC_PLL1_IsReady	4	static
../../../Drivers/STM32H7RSxx_HAL_Driver/Inc/stm32h7rsxx_ll_rcc.h:3829:26:LL_RCC_PLL1P_IsEnabled	4	static
../../../Drivers/STM32H7RSxx_HAL_Driver/Inc/stm32h7rsxx_ll_rcc.h:3839:26:LL_RCC_PLL1Q_IsEnabled	4	static
../../../Drivers/STM32H7RSxx_HAL_Driver/Inc/stm32h7rsxx_ll_rcc.h:3849:26:LL_RCC_PLL1R_IsEnabled	4	static
../../../Drivers/STM32H7RSxx_HAL_Driver/Inc/stm32h7rsxx_ll_rcc.h:3859:26:LL_RCC_PLL1S_IsEnabled	4	static
../../../Drivers/STM32H7RSxx_HAL_Driver/Inc/stm32h7rsxx_ll_rcc.h:3869:26:LL_RCC_PLL1FRACN_IsEnabled	4	static
../../../Drivers/STM32H7RSxx_HAL_Driver/Inc/stm32h7rsxx_ll_rcc.h:3989:26:LL_RCC_PLL1_GetN	4	static
../../../Drivers/STM32H7RSxx_HAL_Driver/Inc/stm32h7rsxx_ll_rcc.h:3999:26:LL_RCC_PLL1_GetM	4	static
../../../Drivers/STM32H7RSxx_HAL_Driver/Inc/stm32h7rsxx_ll_rcc.h:4009:26:LL_RCC_PLL1_GetP	4	static
../../../Drivers/STM32H7RSxx_HAL_Driver/Inc/stm32h7rsxx_ll_rcc.h:4019:26:LL_RCC_PLL1_GetQ	4	static
../../../Drivers/STM32H7RSxx_HAL_Driver/Inc/stm32h7rsxx_ll_rcc.h:4029:26:LL_RCC_PLL1_GetR	4	static
../../../Drivers/STM32H7RSxx_HAL_Driver/Inc/stm32h7rsxx_ll_rcc.h:4039:26:LL_RCC_PLL1_GetS	4	static
../../../Drivers/STM32H7RSxx_HAL_Driver/Inc/stm32h7rsxx_ll_rcc.h:4049:26:LL_RCC_PLL1_GetFRACN	4	static
../../../Drivers/STM32H7RSxx_HAL_Driver/Inc/stm32h7rsxx_ll_rcc.h:4239:26:LL_RCC_PLL2_IsReady	4	static
../../../Drivers/STM32H7RSxx_HAL_Driver/Inc/stm32h7rsxx_ll_rcc.h:4314:26:LL_RCC_PLL2P_IsEnabled	4	static
../../../Drivers/STM32H7RSxx_HAL_Driver/Inc/stm32h7rsxx_ll_rcc.h:4324:26:LL_RCC_PLL2Q_IsEnabled	4	static
../../../Drivers/STM32H7RSxx_HAL_Driver/Inc/stm32h7rsxx_ll_rcc.h:4334:26:LL_RCC_PLL2R_IsEnabled	4	static
../../../Drivers/STM32H7RSxx_HAL_Driver/Inc/stm32h7rsxx_ll_rcc.h:4344:26:LL_RCC_PLL2S_IsEnabled	4	static
../../../Drivers/STM32H7RSxx_HAL_Driver/Inc/stm32h7rsxx_ll_rcc.h:4354:26:LL_RCC_PLL2T_IsEnabled	4	static
../../../Drivers/STM32H7RSxx_HAL_Driver/Inc/stm32h7rsxx_ll_rcc.h:4364:26:LL_RCC_PLL2FRACN_IsEnabled	4	static
../../../Drivers/STM32H7RSxx_HAL_Driver/Inc/stm32h7rsxx_ll_rcc.h:4495:26:LL_RCC_PLL2_GetN	4	static
../../../Drivers/STM32H7RSxx_HAL_Driver/Inc/stm32h7rsxx_ll_rcc.h:4505:26:LL_RCC_PLL2_GetM	4	static
../../../Drivers/STM32H7RSxx_HAL_Driver/Inc/stm32h7rsxx_ll_rcc.h:4515:26:LL_RCC_PLL2_GetP	4	static
../../../Drivers/STM32H7RSxx_HAL_Driver/Inc/stm32h7rsxx_ll_rcc.h:4525:26:LL_RCC_PLL2_GetQ	4	static
../../../Drivers/STM32H7RSxx_HAL_Driver/Inc/stm32h7rsxx_ll_rcc.h:4535:26:LL_RCC_PLL2_GetR	4	static
../../../Drivers/STM32H7RSxx_HAL_Driver/Inc/stm32h7rsxx_ll_rcc.h:4545:26:LL_RCC_PLL2_GetS	4	static
../../../Drivers/STM32H7RSxx_HAL_Driver/Inc/stm32h7rsxx_ll_rcc.h:4555:26:LL_RCC_PLL2_GetT	4	static
../../../Drivers/STM32H7RSxx_HAL_Driver/Inc/stm32h7rsxx_ll_rcc.h:4565:26:LL_RCC_PLL2_GetFRACN	4	static
../../../Drivers/STM32H7RSxx_HAL_Driver/Inc/stm32h7rsxx_ll_rcc.h:4766:26:LL_RCC_PLL3_IsReady	4	static
../../../Drivers/STM32H7RSxx_HAL_Driver/Inc/stm32h7rsxx_ll_rcc.h:4830:26:LL_RCC_PLL3P_IsEnabled	4	static
../../../Drivers/STM32H7RSxx_HAL_Driver/Inc/stm32h7rsxx_ll_rcc.h:4840:26:LL_RCC_PLL3Q_IsEnabled	4	static
../../../Drivers/STM32H7RSxx_HAL_Driver/Inc/stm32h7rsxx_ll_rcc.h:4850:26:LL_RCC_PLL3R_IsEnabled	4	static
../../../Drivers/STM32H7RSxx_HAL_Driver/Inc/stm32h7rsxx_ll_rcc.h:4860:26:LL_RCC_PLL3S_IsEnabled	4	static
../../../Drivers/STM32H7RSxx_HAL_Driver/Inc/stm32h7rsxx_ll_rcc.h:4870:26:LL_RCC_PLL3FRACN_IsEnabled	4	static
../../../Drivers/STM32H7RSxx_HAL_Driver/Inc/stm32h7rsxx_ll_rcc.h:4990:26:LL_RCC_PLL3_GetN	4	static
../../../Drivers/STM32H7RSxx_HAL_Driver/Inc/stm32h7rsxx_ll_rcc.h:5000:26:LL_RCC_PLL3_GetM	4	static
../../../Drivers/STM32H7RSxx_HAL_Driver/Inc/stm32h7rsxx_ll_rcc.h:5010:26:LL_RCC_PLL3_GetP	4	static
../../../Drivers/STM32H7RSxx_HAL_Driver/Inc/stm32h7rsxx_ll_rcc.h:5020:26:LL_RCC_PLL3_GetQ	4	static
../../../Drivers/STM32H7RSxx_HAL_Driver/Inc/stm32h7rsxx_ll_rcc.h:5030:26:LL_RCC_PLL3_GetR	4	static
../../../Drivers/STM32H7RSxx_HAL_Driver/Inc/stm32h7rsxx_ll_rcc.h:5040:26:LL_RCC_PLL3_GetS	4	static
../../../Drivers/STM32H7RSxx_HAL_Driver/Inc/stm32h7rsxx_ll_rcc.h:5050:26:LL_RCC_PLL3_GetFRACN	4	static
../../../Drivers/STM32H7RSxx_HAL_Driver/Inc/stm32h7rsxx_ll_rcc.h:5850:26:LL_RCC_CalcPLLClockFreq	32	static
C:/Users/C837269287/Documents/GitHub/MT48LC4M16A2_STM32_interface/GPIO_InfiniteLedToggling_Init/Drivers/STM32H7RSxx_HAL_Driver/Src/stm32h7rsxx_ll_rcc.c:156:6:LL_RCC_DeInit	8	static
C:/Users/C837269287/Documents/GitHub/MT48LC4M16A2_STM32_interface/GPIO_InfiniteLedToggling_Init/Drivers/STM32H7RSxx_HAL_Driver/Src/stm32h7rsxx_ll_rcc.c:287:6:LL_RCC_GetSystemClocksFreq	24	static
C:/Users/C837269287/Documents/GitHub/MT48LC4M16A2_STM32_interface/GPIO_InfiniteLedToggling_Init/Drivers/STM32H7RSxx_HAL_Driver/Src/stm32h7rsxx_ll_rcc.c:313:6:LL_RCC_GetPLL1ClockFreq	48	static
C:/Users/C837269287/Documents/GitHub/MT48LC4M16A2_STM32_interface/GPIO_InfiniteLedToggling_Init/Drivers/STM32H7RSxx_HAL_Driver/Src/stm32h7rsxx_ll_rcc.c:400:6:LL_RCC_GetPLL2ClockFreq	48	static
C:/Users/C837269287/Documents/GitHub/MT48LC4M16A2_STM32_interface/GPIO_InfiniteLedToggling_Init/Drivers/STM32H7RSxx_HAL_Driver/Src/stm32h7rsxx_ll_rcc.c:492:6:LL_RCC_GetPLL3ClockFreq	48	static
C:/Users/C837269287/Documents/GitHub/MT48LC4M16A2_STM32_interface/GPIO_InfiniteLedToggling_Init/Drivers/STM32H7RSxx_HAL_Driver/Src/stm32h7rsxx_ll_rcc.c:586:6:LL_RCC_PLL1_ConfigSpreadSpectrum	16	static
C:/Users/C837269287/Documents/GitHub/MT48LC4M16A2_STM32_interface/GPIO_InfiniteLedToggling_Init/Drivers/STM32H7RSxx_HAL_Driver/Src/stm32h7rsxx_ll_rcc.c:606:6:LL_RCC_PLL2_ConfigSpreadSpectrum	16	static
C:/Users/C837269287/Documents/GitHub/MT48LC4M16A2_STM32_interface/GPIO_InfiniteLedToggling_Init/Drivers/STM32H7RSxx_HAL_Driver/Src/stm32h7rsxx_ll_rcc.c:626:6:LL_RCC_PLL3_ConfigSpreadSpectrum	16	static
C:/Users/C837269287/Documents/GitHub/MT48LC4M16A2_STM32_interface/GPIO_InfiniteLedToggling_Init/Drivers/STM32H7RSxx_HAL_Driver/Src/stm32h7rsxx_ll_rcc.c:644:10:LL_RCC_GetUSARTClockFreq	48	static
C:/Users/C837269287/Documents/GitHub/MT48LC4M16A2_STM32_interface/GPIO_InfiniteLedToggling_Init/Drivers/STM32H7RSxx_HAL_Driver/Src/stm32h7rsxx_ll_rcc.c:722:10:LL_RCC_GetUARTClockFreq	48	static
C:/Users/C837269287/Documents/GitHub/MT48LC4M16A2_STM32_interface/GPIO_InfiniteLedToggling_Init/Drivers/STM32H7RSxx_HAL_Driver/Src/stm32h7rsxx_ll_rcc.c:791:10:LL_RCC_GetLPUARTClockFreq	48	static
C:/Users/C837269287/Documents/GitHub/MT48LC4M16A2_STM32_interface/GPIO_InfiniteLedToggling_Init/Drivers/STM32H7RSxx_HAL_Driver/Src/stm32h7rsxx_ll_rcc.c:861:10:LL_RCC_GetI2CClockFreq	48	static
C:/Users/C837269287/Documents/GitHub/MT48LC4M16A2_STM32_interface/GPIO_InfiniteLedToggling_Init/Drivers/STM32H7RSxx_HAL_Driver/Src/stm32h7rsxx_ll_rcc.c:919:10:LL_RCC_GetI3CClockFreq	48	static
C:/Users/C837269287/Documents/GitHub/MT48LC4M16A2_STM32_interface/GPIO_InfiniteLedToggling_Init/Drivers/STM32H7RSxx_HAL_Driver/Src/stm32h7rsxx_ll_rcc.c:975:10:LL_RCC_GetLPTIMClockFreq	48	static
C:/Users/C837269287/Documents/GitHub/MT48LC4M16A2_STM32_interface/GPIO_InfiniteLedToggling_Init/Drivers/STM32H7RSxx_HAL_Driver/Src/stm32h7rsxx_ll_rcc.c:1054:10:LL_RCC_GetSAIClockFreq	40	static
C:/Users/C837269287/Documents/GitHub/MT48LC4M16A2_STM32_interface/GPIO_InfiniteLedToggling_Init/Drivers/STM32H7RSxx_HAL_Driver/Src/stm32h7rsxx_ll_rcc.c:1116:10:LL_RCC_GetADCClockFreq	40	static
C:/Users/C837269287/Documents/GitHub/MT48LC4M16A2_STM32_interface/GPIO_InfiniteLedToggling_Init/Drivers/STM32H7RSxx_HAL_Driver/Src/stm32h7rsxx_ll_rcc.c:1161:10:LL_RCC_GetSDMMCClockFreq	40	static
C:/Users/C837269287/Documents/GitHub/MT48LC4M16A2_STM32_interface/GPIO_InfiniteLedToggling_Init/Drivers/STM32H7RSxx_HAL_Driver/Src/stm32h7rsxx_ll_rcc.c:1202:10:LL_RCC_GetCECClockFreq	24	static
C:/Users/C837269287/Documents/GitHub/MT48LC4M16A2_STM32_interface/GPIO_InfiniteLedToggling_Init/Drivers/STM32H7RSxx_HAL_Driver/Src/stm32h7rsxx_ll_rcc.c:1247:10:LL_RCC_GetPSSIClockFreq	40	static
C:/Users/C837269287/Documents/GitHub/MT48LC4M16A2_STM32_interface/GPIO_InfiniteLedToggling_Init/Drivers/STM32H7RSxx_HAL_Driver/Src/stm32h7rsxx_ll_rcc.c:1285:10:LL_RCC_GetUSBPHYCClockFreq	40	static
C:/Users/C837269287/Documents/GitHub/MT48LC4M16A2_STM32_interface/GPIO_InfiniteLedToggling_Init/Drivers/STM32H7RSxx_HAL_Driver/Src/stm32h7rsxx_ll_rcc.c:1333:10:LL_RCC_GetADFClockFreq	48	static
C:/Users/C837269287/Documents/GitHub/MT48LC4M16A2_STM32_interface/GPIO_InfiniteLedToggling_Init/Drivers/STM32H7RSxx_HAL_Driver/Src/stm32h7rsxx_ll_rcc.c:1399:10:LL_RCC_GetSPDIFRXClockFreq	40	static
C:/Users/C837269287/Documents/GitHub/MT48LC4M16A2_STM32_interface/GPIO_InfiniteLedToggling_Init/Drivers/STM32H7RSxx_HAL_Driver/Src/stm32h7rsxx_ll_rcc.c:1461:10:LL_RCC_GetSPIClockFreq	48	static
C:/Users/C837269287/Documents/GitHub/MT48LC4M16A2_STM32_interface/GPIO_InfiniteLedToggling_Init/Drivers/STM32H7RSxx_HAL_Driver/Src/stm32h7rsxx_ll_rcc.c:1576:10:LL_RCC_GetETHPHYClockFreq	40	static
C:/Users/C837269287/Documents/GitHub/MT48LC4M16A2_STM32_interface/GPIO_InfiniteLedToggling_Init/Drivers/STM32H7RSxx_HAL_Driver/Src/stm32h7rsxx_ll_rcc.c:1617:10:LL_RCC_GetFDCANClockFreq	40	static
C:/Users/C837269287/Documents/GitHub/MT48LC4M16A2_STM32_interface/GPIO_InfiniteLedToggling_Init/Drivers/STM32H7RSxx_HAL_Driver/Src/stm32h7rsxx_ll_rcc.c:1665:10:LL_RCC_GetFMCClockFreq	56	static
C:/Users/C837269287/Documents/GitHub/MT48LC4M16A2_STM32_interface/GPIO_InfiniteLedToggling_Init/Drivers/STM32H7RSxx_HAL_Driver/Src/stm32h7rsxx_ll_rcc.c:1736:10:LL_RCC_GetXSPIClockFreq	56	static
C:/Users/C837269287/Documents/GitHub/MT48LC4M16A2_STM32_interface/GPIO_InfiniteLedToggling_Init/Drivers/STM32H7RSxx_HAL_Driver/Src/stm32h7rsxx_ll_rcc.c:1812:10:LL_RCC_GetCLKPClockFreq	24	static
C:/Users/C837269287/Documents/GitHub/MT48LC4M16A2_STM32_interface/GPIO_InfiniteLedToggling_Init/Drivers/STM32H7RSxx_HAL_Driver/Src/stm32h7rsxx_ll_rcc.c:1869:17:RCC_GetSystemClockFreq	32	static
C:/Users/C837269287/Documents/GitHub/MT48LC4M16A2_STM32_interface/GPIO_InfiniteLedToggling_Init/Drivers/STM32H7RSxx_HAL_Driver/Src/stm32h7rsxx_ll_rcc.c:1908:17:RCC_GetHCLKClockFreq	16	static
C:/Users/C837269287/Documents/GitHub/MT48LC4M16A2_STM32_interface/GPIO_InfiniteLedToggling_Init/Drivers/STM32H7RSxx_HAL_Driver/Src/stm32h7rsxx_ll_rcc.c:1919:17:RCC_GetPCLK1ClockFreq	16	static
C:/Users/C837269287/Documents/GitHub/MT48LC4M16A2_STM32_interface/GPIO_InfiniteLedToggling_Init/Drivers/STM32H7RSxx_HAL_Driver/Src/stm32h7rsxx_ll_rcc.c:1930:17:RCC_GetPCLK2ClockFreq	16	static
C:/Users/C837269287/Documents/GitHub/MT48LC4M16A2_STM32_interface/GPIO_InfiniteLedToggling_Init/Drivers/STM32H7RSxx_HAL_Driver/Src/stm32h7rsxx_ll_rcc.c:1941:17:RCC_GetPCLK4ClockFreq	16	static
C:/Users/C837269287/Documents/GitHub/MT48LC4M16A2_STM32_interface/GPIO_InfiniteLedToggling_Init/Drivers/STM32H7RSxx_HAL_Driver/Src/stm32h7rsxx_ll_rcc.c:1952:17:RCC_GetPCLK5ClockFreq	16	static
