../../../Drivers/STM32H7RSxx_HAL_Driver/Inc/stm32h7rsxx_ll_rcc.h:1394:22:LL_RCC_HSI_Enable	4	static
../../../Drivers/STM32H7RSxx_HAL_Driver/Inc/stm32h7rsxx_ll_rcc.h:1414:26:LL_RCC_HSI_IsReady	4	static
../../../Drivers/STM32H7RSxx_HAL_Driver/Inc/stm32h7rsxx_ll_rcc.h:1439:22:LL_RCC_HSI_SetDivider	16	static
../../../Drivers/STM32H7RSxx_HAL_Driver/Inc/stm32h7rsxx_ll_rcc.h:1615:22:LL_RCC_HSI_SetCalibTrimming	16	static
../../../Drivers/STM32H7RSxx_HAL_Driver/Inc/stm32h7rsxx_ll_rcc.h:1997:22:LL_RCC_SetSysClkSource	16	static
../../../Drivers/STM32H7RSxx_HAL_Driver/Inc/stm32h7rsxx_ll_rcc.h:2011:26:LL_RCC_GetSysClkSource	4	static
../../../Drivers/STM32H7RSxx_HAL_Driver/Inc/stm32h7rsxx_ll_rcc.h:2081:22:LL_RCC_SetSysPrescaler	16	static
../../../Drivers/STM32H7RSxx_HAL_Driver/Inc/stm32h7rsxx_ll_rcc.h:2101:22:LL_RCC_SetAHBPrescaler	16	static
../../../Drivers/STM32H7RSxx_HAL_Driver/Inc/stm32h7rsxx_ll_rcc.h:2117:22:LL_RCC_SetAPB1Prescaler	16	static
../../../Drivers/STM32H7RSxx_HAL_Driver/Inc/stm32h7rsxx_ll_rcc.h:2133:22:LL_RCC_SetAPB2Prescaler	16	static
../../../Drivers/STM32H7RSxx_HAL_Driver/Inc/stm32h7rsxx_ll_rcc.h:2149:22:LL_RCC_SetAPB4Prescaler	16	static
../../../Drivers/STM32H7RSxx_HAL_Driver/Inc/stm32h7rsxx_ll_rcc.h:2165:22:LL_RCC_SetAPB5Prescaler	16	static
../../../Drivers/STM32H7RSxx_HAL_Driver/Inc/stm32h7rsxx_ll_rcc.h:3717:22:LL_RCC_PLL1_Enable	4	static
../../../Drivers/STM32H7RSxx_HAL_Driver/Inc/stm32h7rsxx_ll_rcc.h:3738:26:LL_RCC_PLL1_IsReady	4	static
../../../Drivers/STM32H7RSxx_HAL_Driver/Inc/stm32h7rsxx_ll_rcc.h:3776:22:LL_RCC_PLL1P_Enable	4	static
../../../Drivers/STM32H7RSxx_HAL_Driver/Inc/stm32h7rsxx_ll_rcc.h:3965:22:LL_RCC_PLL1_SetVCOInputRange	16	static
../../../Drivers/STM32H7RSxx_HAL_Driver/Inc/stm32h7rsxx_ll_rcc.h:3979:22:LL_RCC_PLL1_SetVCOOutputRange	16	static
../../../Drivers/STM32H7RSxx_HAL_Driver/Inc/stm32h7rsxx_ll_rcc.h:4060:22:LL_RCC_PLL1_SetN	16	static
../../../Drivers/STM32H7RSxx_HAL_Driver/Inc/stm32h7rsxx_ll_rcc.h:4071:22:LL_RCC_PLL1_SetM	16	static
../../../Drivers/STM32H7RSxx_HAL_Driver/Inc/stm32h7rsxx_ll_rcc.h:4082:22:LL_RCC_PLL1_SetP	16	static
../../../Drivers/STM32H7RSxx_HAL_Driver/Inc/stm32h7rsxx_ll_rcc.h:4093:22:LL_RCC_PLL1_SetQ	16	static
../../../Drivers/STM32H7RSxx_HAL_Driver/Inc/stm32h7rsxx_ll_rcc.h:4104:22:LL_RCC_PLL1_SetR	16	static
../../../Drivers/STM32H7RSxx_HAL_Driver/Inc/stm32h7rsxx_ll_rcc.h:4115:22:LL_RCC_PLL1_SetS	16	static
../../../Drivers/STM32H7RSxx_HAL_Driver/Inc/stm32h7rsxx_ll_rcc.h:4218:22:LL_RCC_PLL2_Enable	4	static
../../../Drivers/STM32H7RSxx_HAL_Driver/Inc/stm32h7rsxx_ll_rcc.h:4239:26:LL_RCC_PLL2_IsReady	4	static
../../../Drivers/STM32H7RSxx_HAL_Driver/Inc/stm32h7rsxx_ll_rcc.h:4272:22:LL_RCC_PLL2R_Enable	4	static
../../../Drivers/STM32H7RSxx_HAL_Driver/Inc/stm32h7rsxx_ll_rcc.h:4471:22:LL_RCC_PLL2_SetVCOInputRange	16	static
../../../Drivers/STM32H7RSxx_HAL_Driver/Inc/stm32h7rsxx_ll_rcc.h:4485:22:LL_RCC_PLL2_SetVCOOutputRange	16	static
../../../Drivers/STM32H7RSxx_HAL_Driver/Inc/stm32h7rsxx_ll_rcc.h:4576:22:LL_RCC_PLL2_SetN	16	static
../../../Drivers/STM32H7RSxx_HAL_Driver/Inc/stm32h7rsxx_ll_rcc.h:4587:22:LL_RCC_PLL2_SetM	16	static
../../../Drivers/STM32H7RSxx_HAL_Driver/Inc/stm32h7rsxx_ll_rcc.h:4598:22:LL_RCC_PLL2_SetP	16	static
../../../Drivers/STM32H7RSxx_HAL_Driver/Inc/stm32h7rsxx_ll_rcc.h:4609:22:LL_RCC_PLL2_SetQ	16	static
../../../Drivers/STM32H7RSxx_HAL_Driver/Inc/stm32h7rsxx_ll_rcc.h:4620:22:LL_RCC_PLL2_SetR	16	static
../../../Drivers/STM32H7RSxx_HAL_Driver/Inc/stm32h7rsxx_ll_rcc.h:4631:22:LL_RCC_PLL2_SetS	16	static
../../../Drivers/STM32H7RSxx_HAL_Driver/Inc/stm32h7rsxx_ll_rcc.h:4642:22:LL_RCC_PLL2_SetT	16	static
../../../Drivers/STM32H7RSxx_HAL_Driver/Inc/stm32h7rsxx_ll_bus.h:854:22:LL_AHB4_GRP1_EnableClock	24	static
../../../Drivers/STM32H7RSxx_HAL_Driver/Inc/stm32h7rsxx_ll_system.h:2024:22:LL_FLASH_SetLatency	16	static
../../../Drivers/STM32H7RSxx_HAL_Driver/Inc/stm32h7rsxx_ll_system.h:2042:26:LL_FLASH_GetLatency	4	static
../../../Drivers/STM32H7RSxx_HAL_Driver/Inc/stm32h7rsxx_ll_pwr.h:609:22:LL_PWR_ConfigSupply	16	static
../../../Drivers/STM32H7RSxx_HAL_Driver/Inc/stm32h7rsxx_ll_pwr.h:998:22:LL_PWR_SetRegulVoltageScaling	16	static
../../../Drivers/STM32H7RSxx_HAL_Driver/Inc/stm32h7rsxx_ll_pwr.h:1622:26:LL_PWR_IsActiveFlag_ACTVOSRDY	4	static
../../../Drivers/STM32H7RSxx_HAL_Driver/Inc/stm32h7rsxx_ll_pwr.h:1743:26:LL_PWR_IsActiveFlag_VOSRDY	4	static
../../../Drivers/STM32H7RSxx_HAL_Driver/Inc/stm32h7rsxx_ll_gpio.h:921:22:LL_GPIO_ResetOutputPin	16	static
../../../Drivers/STM32H7RSxx_HAL_Driver/Inc/stm32h7rsxx_ll_gpio.h:950:22:LL_GPIO_TogglePin	24	static
C:/Users/C837269287/Documents/GitHub/MT48LC4M16A2_STM32_interface/GPIO_InfiniteLedToggling_Init/Boot/Src/main.c:64:6:FMC_ERASE	24	static
C:/Users/C837269287/Documents/GitHub/MT48LC4M16A2_STM32_interface/GPIO_InfiniteLedToggling_Init/Boot/Src/main.c:78:6:FMC_WRITE	24	static
C:/Users/C837269287/Documents/GitHub/MT48LC4M16A2_STM32_interface/GPIO_InfiniteLedToggling_Init/Boot/Src/main.c:100:5:main	24	static,ignoring_inline_asm
C:/Users/C837269287/Documents/GitHub/MT48LC4M16A2_STM32_interface/GPIO_InfiniteLedToggling_Init/Boot/Src/main.c:167:6:SystemClock_Config	8	static
C:/Users/C837269287/Documents/GitHub/MT48LC4M16A2_STM32_interface/GPIO_InfiniteLedToggling_Init/Boot/Src/main.c:242:13:MX_FMC_Init	56	static
C:/Users/C837269287/Documents/GitHub/MT48LC4M16A2_STM32_interface/GPIO_InfiniteLedToggling_Init/Boot/Src/main.c:319:13:MX_GPIO_Init	32	static
C:/Users/C837269287/Documents/GitHub/MT48LC4M16A2_STM32_interface/GPIO_InfiniteLedToggling_Init/Boot/Src/main.c:357:6:Error_Handler	4	static
