Archive member included to satisfy reference by file (symbol)

C:/ST/STM32CubeIDE_1.16.1/STM32CubeIDE/plugins/com.st.stm32cube.ide.mcu.externaltools.gnu-tools-for-stm32.12.3.rel1.win32_1.0.200.202406191623/tools/bin/../lib/gcc/arm-none-eabi/12.3.1/../../../../arm-none-eabi/lib/thumb/v7e-m+dp/hard\libc_nano.a(libc_a-exit.o)
                              C:/ST/STM32CubeIDE_1.16.1/STM32CubeIDE/plugins/com.st.stm32cube.ide.mcu.externaltools.gnu-tools-for-stm32.12.3.rel1.win32_1.0.200.202406191623/tools/bin/../lib/gcc/arm-none-eabi/12.3.1/../../../../arm-none-eabi/lib/thumb/v7e-m+dp/hard/crt0.o (exit)
C:/ST/STM32CubeIDE_1.16.1/STM32CubeIDE/plugins/com.st.stm32cube.ide.mcu.externaltools.gnu-tools-for-stm32.12.3.rel1.win32_1.0.200.202406191623/tools/bin/../lib/gcc/arm-none-eabi/12.3.1/../../../../arm-none-eabi/lib/thumb/v7e-m+dp/hard\libc_nano.a(libc_a-findfp.o)
                              C:/ST/STM32CubeIDE_1.16.1/STM32CubeIDE/plugins/com.st.stm32cube.ide.mcu.externaltools.gnu-tools-for-stm32.12.3.rel1.win32_1.0.200.202406191623/tools/bin/../lib/gcc/arm-none-eabi/12.3.1/../../../../arm-none-eabi/lib/thumb/v7e-m+dp/hard\libc_nano.a(libc_a-exit.o) (__stdio_exit_handler)
C:/ST/STM32CubeIDE_1.16.1/STM32CubeIDE/plugins/com.st.stm32cube.ide.mcu.externaltools.gnu-tools-for-stm32.12.3.rel1.win32_1.0.200.202406191623/tools/bin/../lib/gcc/arm-none-eabi/12.3.1/../../../../arm-none-eabi/lib/thumb/v7e-m+dp/hard\libc_nano.a(libc_a-fwalk.o)
                              C:/ST/STM32CubeIDE_1.16.1/STM32CubeIDE/plugins/com.st.stm32cube.ide.mcu.externaltools.gnu-tools-for-stm32.12.3.rel1.win32_1.0.200.202406191623/tools/bin/../lib/gcc/arm-none-eabi/12.3.1/../../../../arm-none-eabi/lib/thumb/v7e-m+dp/hard\libc_nano.a(libc_a-findfp.o) (_fwalk_sglue)
C:/ST/STM32CubeIDE_1.16.1/STM32CubeIDE/plugins/com.st.stm32cube.ide.mcu.externaltools.gnu-tools-for-stm32.12.3.rel1.win32_1.0.200.202406191623/tools/bin/../lib/gcc/arm-none-eabi/12.3.1/../../../../arm-none-eabi/lib/thumb/v7e-m+dp/hard\libc_nano.a(libc_a-stdio.o)
                              C:/ST/STM32CubeIDE_1.16.1/STM32CubeIDE/plugins/com.st.stm32cube.ide.mcu.externaltools.gnu-tools-for-stm32.12.3.rel1.win32_1.0.200.202406191623/tools/bin/../lib/gcc/arm-none-eabi/12.3.1/../../../../arm-none-eabi/lib/thumb/v7e-m+dp/hard\libc_nano.a(libc_a-findfp.o) (__sread)
C:/ST/STM32CubeIDE_1.16.1/STM32CubeIDE/plugins/com.st.stm32cube.ide.mcu.externaltools.gnu-tools-for-stm32.12.3.rel1.win32_1.0.200.202406191623/tools/bin/../lib/gcc/arm-none-eabi/12.3.1/../../../../arm-none-eabi/lib/thumb/v7e-m+dp/hard\libc_nano.a(libc_a-memset.o)
                              C:/ST/STM32CubeIDE_1.16.1/STM32CubeIDE/plugins/com.st.stm32cube.ide.mcu.externaltools.gnu-tools-for-stm32.12.3.rel1.win32_1.0.200.202406191623/tools/bin/../lib/gcc/arm-none-eabi/12.3.1/../../../../arm-none-eabi/lib/thumb/v7e-m+dp/hard/crt0.o (memset)
C:/ST/STM32CubeIDE_1.16.1/STM32CubeIDE/plugins/com.st.stm32cube.ide.mcu.externaltools.gnu-tools-for-stm32.12.3.rel1.win32_1.0.200.202406191623/tools/bin/../lib/gcc/arm-none-eabi/12.3.1/../../../../arm-none-eabi/lib/thumb/v7e-m+dp/hard\libc_nano.a(libc_a-closer.o)
                              C:/ST/STM32CubeIDE_1.16.1/STM32CubeIDE/plugins/com.st.stm32cube.ide.mcu.externaltools.gnu-tools-for-stm32.12.3.rel1.win32_1.0.200.202406191623/tools/bin/../lib/gcc/arm-none-eabi/12.3.1/../../../../arm-none-eabi/lib/thumb/v7e-m+dp/hard\libc_nano.a(libc_a-stdio.o) (_close_r)
C:/ST/STM32CubeIDE_1.16.1/STM32CubeIDE/plugins/com.st.stm32cube.ide.mcu.externaltools.gnu-tools-for-stm32.12.3.rel1.win32_1.0.200.202406191623/tools/bin/../lib/gcc/arm-none-eabi/12.3.1/../../../../arm-none-eabi/lib/thumb/v7e-m+dp/hard\libc_nano.a(libc_a-reent.o)
                              C:/ST/STM32CubeIDE_1.16.1/STM32CubeIDE/plugins/com.st.stm32cube.ide.mcu.externaltools.gnu-tools-for-stm32.12.3.rel1.win32_1.0.200.202406191623/tools/bin/../lib/gcc/arm-none-eabi/12.3.1/../../../../arm-none-eabi/lib/thumb/v7e-m+dp/hard\libc_nano.a(libc_a-closer.o) (errno)
C:/ST/STM32CubeIDE_1.16.1/STM32CubeIDE/plugins/com.st.stm32cube.ide.mcu.externaltools.gnu-tools-for-stm32.12.3.rel1.win32_1.0.200.202406191623/tools/bin/../lib/gcc/arm-none-eabi/12.3.1/../../../../arm-none-eabi/lib/thumb/v7e-m+dp/hard\libc_nano.a(libc_a-impure.o)
                              C:/ST/STM32CubeIDE_1.16.1/STM32CubeIDE/plugins/com.st.stm32cube.ide.mcu.externaltools.gnu-tools-for-stm32.12.3.rel1.win32_1.0.200.202406191623/tools/bin/../lib/gcc/arm-none-eabi/12.3.1/../../../../arm-none-eabi/lib/thumb/v7e-m+dp/hard\libc_nano.a(libc_a-reent.o) (_impure_ptr)
C:/ST/STM32CubeIDE_1.16.1/STM32CubeIDE/plugins/com.st.stm32cube.ide.mcu.externaltools.gnu-tools-for-stm32.12.3.rel1.win32_1.0.200.202406191623/tools/bin/../lib/gcc/arm-none-eabi/12.3.1/../../../../arm-none-eabi/lib/thumb/v7e-m+dp/hard\libc_nano.a(libc_a-lseekr.o)
[...]
Memory Configuration

Name             Origin             Length             Attributes
RAM              0x24000000         0x00071c00         xrw
RAM_NONCACHEABLEBUFFER 0x24071c00         0x00000400         xrw
ITCM             0x00000000         0x00010000         xrw
DTCM             0x20000000         0x00010000         rw
SRAMAHB          0x30000000         0x00008000         rw
BKPSRAM          0x38800000         0x00001000         rw
FLASH            0x08000000         0x00010000         xrw
*default*        0x00000000         0xffffffff

Linker script and memory map

LOAD C:/ST/STM32CubeIDE_1.16.1/STM32CubeIDE/plugins/com.st.stm32cube.ide.mcu.externaltools.gnu-tools-for-stm32.12.3.rel1.win32_1.0.200.202406191623/tools/bin/../lib/gcc/arm-none-eabi/12.3.1/thumb/v7e-m+dp/hard/crti.o
LOAD C:/ST/STM32CubeIDE_1.16.1/STM32CubeIDE/plugins/com.st.stm32cube.ide.mcu.externaltools.gnu-tools-for-stm32.12.3.rel1.win32_1.0.200.202406191623/tools/bin/../lib/gcc/arm-none-eabi/12.3.1/thumb/v7e-m+dp/hard/crtbegin.o
LOAD C:/ST/STM32CubeIDE_1.16.1/STM32CubeIDE/plugins/com.st.stm32cube.ide.mcu.externaltools.gnu-tools-for-stm32.12.3.rel1.win32_1.0.200.202406191623/tools/bin/../lib/gcc/arm-none-eabi/12.3.1/../../../../arm-none-eabi/lib/thumb/v7e-m+dp/hard/crt0.o
LOAD ./Core/Src/extmem_manager.o
LOAD ./Core/Src/main.o
LOAD ./Core/Src/stm32h7rsxx_hal_msp.o
LOAD ./Core/Src/stm32h7rsxx_it.o
LOAD ./Core/Src/syscalls.o
LOAD ./Core/Src/sysmem.o
LOAD ./Core/Src/system_stm32h7rsxx.o
LOAD ./Core/Startup/startup_stm32h7s3l8hx.o
LOAD ./Drivers/STM32H7RSxx_HAL_Driver/stm32h7rsxx_hal.o
LOAD ./Drivers/STM32H7RSxx_HAL_Driver/stm32h7rsxx_hal_cortex.o
LOAD ./Drivers/STM32H7RSxx_HAL_Driver/stm32h7rsxx_hal_dma.o
LOAD ./Drivers/STM32H7RSxx_HAL_Driver/stm32h7rsxx_hal_dma_ex.o
LOAD ./Drivers/STM32H7RSxx_HAL_Driver/stm32h7rsxx_hal_exti.o
LOAD ./Drivers/STM32H7RSxx_HAL_Driver/stm32h7rsxx_hal_flash.o
LOAD ./Drivers/STM32H7RSxx_HAL_Driver/stm32h7rsxx_hal_flash_ex.o
LOAD ./Drivers/STM32H7RSxx_HAL_Driver/stm32h7rsxx_hal_gpio.o
LOAD ./Drivers/STM32H7RSxx_HAL_Driver/stm32h7rsxx_hal_pwr.o
LOAD ./Drivers/STM32H7RSxx_HAL_Driver/stm32h7rsxx_hal_pwr_ex.o
LOAD ./Drivers/STM32H7RSxx_HAL_Driver/stm32h7rsxx_hal_rcc.o
LOAD ./Drivers/STM32H7RSxx_HAL_Driver/stm32h7rsxx_hal_rcc_ex.o
LOAD ./Drivers/STM32H7RSxx_HAL_Driver/stm32h7rsxx_hal_sdram.o
LOAD ./Drivers/STM32H7RSxx_HAL_Driver/stm32h7rsxx_hal_tim.o
LOAD ./Drivers/STM32H7RSxx_HAL_Driver/stm32h7rsxx_hal_tim_ex.o
LOAD ./Drivers/STM32H7RSxx_HAL_Driver/stm32h7rsxx_hal_xspi.o
LOAD ./Drivers/STM32H7RSxx_HAL_Driver/stm32h7rsxx_ll_fmc.o
LOAD ./Middlewares/ST/STM32_ExtMem_Manager/stm32_boot_xip.o
LOAD ./Middlewares/ST/STM32_ExtMem_Manager/stm32_extmem.o
LOAD ./Middlewares/ST/STM32_ExtMem_Manager/stm32_psram_driver.o
LOAD ./Middlewares/ST/STM32_ExtMem_Manager/stm32_sal_sd.o
LOAD ./Middlewares/ST/STM32_ExtMem_Manager/stm32_sal_xspi.o
LOAD ./Middlewares/ST/STM32_ExtMem_Manager/stm32_sdcard_driver.o
LOAD ./Middlewares/ST/STM32_ExtMem_Manager/stm32_sfdp_data.o
LOAD ./Middlewares/ST/STM32_ExtMem_Manager/stm32_sfdp_driver.o
LOAD ./Middlewares/ST/STM32_ExtMem_Manager/stm32_user_driver.o
START GROUP
LOAD C:/ST/STM32CubeIDE_1.16.1/STM32CubeIDE/plugins/com.st.stm32cube.ide.mcu.externaltools.gnu-tools-for-stm32.12.3.rel1.win32_1.0.200.202406191623/tools/bin/../lib/gcc/arm-none-eabi/12.3.1/../../../../arm-none-eabi/lib/thumb/v7e-m+dp/hard\libc_nano.a
LOAD C:/ST/STM32CubeIDE_1.16.1/STM32CubeIDE/plugins/com.st.stm32cube.ide.mcu.externaltools.gnu-tools-for-stm32.12.3.rel1.win32_1.0.200.202406191623/tools/bin/../lib/gcc/arm-none-eabi/12.3.1/../../../../arm-none-eabi/lib/thumb/v7e-m+dp/hard\libm.a
END GROUP
START GROUP
LOAD C:/ST/STM32CubeIDE_1.16.1/STM32CubeIDE/plugins/com.st.stm32cube.ide.mcu.externaltools.gnu-tools-for-stm32.12.3.rel1.win32_1.0.200.202406191623/tools/bin/../lib/gcc/arm-none-eabi/12.3.1/thumb/v7e-m+dp/hard\libgcc.a
LOAD C:/ST/STM32CubeIDE_1.16.1/STM32CubeIDE/plugins/com.st.stm32cube.ide.mcu.externaltools.gnu-tools-for-stm32.12.3.rel1.win32_1.0.200.202406191623/tools/bin/../lib/gcc/arm-none-eabi/12.3.1/../../../../arm-none-eabi/lib/thumb/v7e-m+dp/hard\libc_nano.a
END GROUP
START GROUP
LOAD C:/ST/STM32CubeIDE_1.16.1/STM32CubeIDE/plugins/com.st.stm32cube.ide.mcu.externaltools.gnu-tools-for-stm32.12.3.rel1.win32_1.0.200.202406191623/tools/bin/../lib/gcc/arm-none-eabi/12.3.1/thumb/v7e-m+dp/hard\libgcc.a
LOAD C:/ST/STM32CubeIDE_1.16.1/STM32CubeIDE/plugins/com.st.stm32cube.ide.mcu.externaltools.gnu-tools-for-stm32.12.3.rel1.win32_1.0.200.202406191623/tools/bin/../lib/gcc/arm-none-eabi/12.3.1/../../../../arm-none-eabi/lib/thumb/v7e-m+dp/hard\libc_nano.a
LOAD C:/ST/STM32CubeIDE_1.16.1/STM32CubeIDE/plugins/com.st.stm32cube.ide.mcu.externaltools.gnu-tools-for-stm32.12.3.rel1.win32_1.0.200.202406191623/tools/bin/../lib/gcc/arm-none-eabi/12.3.1/../../../../arm-none-eabi/lib/thumb/v7e-m+dp/hard\libnosys.a
END GROUP
START GROUP
LOAD C:/ST/STM32CubeIDE_1.16.1/STM32CubeIDE/plugins/com.st.stm32cube.ide.mcu.externaltools.gnu-tools-for-stm32.12.3.rel1.win32_1.0.200.202406191623/tools/bin/../lib/gcc/arm-none-eabi/12.3.1/thumb/v7e-m+dp/hard\libgcc.a
LOAD C:/ST/STM32CubeIDE_1.16.1/STM32CubeIDE/plugins/com.st.stm32cube.ide.mcu.externaltools.gnu-tools-for-stm32.12.3.rel1.win32_1.0.200.202406191623/tools/bin/../lib/gcc/arm-none-eabi/12.3.1/../../../../arm-none-eabi/lib/thumb/v7e-m+dp/hard\libc_nano.a
LOAD C:/ST/STM32CubeIDE_1.16.1/STM32CubeIDE/plugins/com.st.stm32cube.ide.mcu.externaltools.gnu-tools-for-stm32.12.3.rel1.win32_1.0.200.202406191623/tools/bin/../lib/gcc/arm-none-eabi/12.3.1/../../../../arm-none-eabi/lib/thumb/v7e-m+dp/hard\libnosys.a
END GROUP
LOAD C:/ST/STM32CubeIDE_1.16.1/STM32CubeIDE/plugins/com.st.stm32cube.ide.mcu.externaltools.gnu-tools-for-stm32.12.3.rel1.win32_1.0.200.202406191623/tools/bin/../lib/gcc/arm-none-eabi/12.3.1/thumb/v7e-m+dp/hard/crtend.o
LOAD C:/ST/STM32CubeIDE_1.16.1/STM32CubeIDE/plugins/com.st.stm32cube.ide.mcu.externaltools.gnu-tools-for-stm32.12.3.rel1.win32_1.0.200.202406191623/tools/bin/../lib/gcc/arm-none-eabi/12.3.1/thumb/v7e-m+dp/hard/crtn.o
                0x20010000                        _estack = (ORIGIN (DTCM) + LENGTH (DTCM))
                0x00000200                        _Min_Heap_Size = 0x200
                0x00000400                        _Min_Stack_Size = 0x400
                0x08000000                        __FLASH_BEGIN = 0x8000000
                0x00010000                        __FLASH_SIZE = 0x10000
                0x24000000                        __RAM_BEGIN = 0x24000000
                0x00071c00                        __RAM_SIZE = 0x71c00
                0x00000400                        __RAM_NONCACHEABLEBUFFER_SIZE = 0x400

.isr_vector     0x08000000      0x2b0
                0x08000000                        . = ALIGN (0x4)
 *(.isr_vector)
 .isr_vector    0x08000000      0x2b0 ./Core/Startup/startup_stm32h7s3l8hx.o
                0x08000000                g_pfnVectors
                0x080002b0                        . = ALIGN (0x4)

.text           0x080002b0     0x89c8
                0x080002b0                        . = ALIGN (0x4)
 *(.text)
 .text          0x080002b0       0x40 C:/ST/STM32CubeIDE_1.16.1/STM32CubeIDE/plugins/com.st.stm32cube.ide.mcu.externaltools.gnu-tools-for-stm32.12.3.rel1.win32_1.0.200.202406191623/tools/bin/../lib/gcc/arm-none-eabi/12.3.1/thumb/v7e-m+dp/hard/crtbegin.o
 *(.text*)
 .text.MX_EXTMEM_MANAGER_Init
                0x080002f0       0x44 ./Core/Src/extmem_manager.o
                0x080002f0                MX_EXTMEM_MANAGER_Init
 .text.FMC_WRITE
                0x08000334       0x40 ./Core/Src/main.o
                0x08000334                FMC_WRITE
 .text.main     0x08000374      0x108 ./Core/Src/main.o
                0x08000374                main
 .text.SystemClock_Config
                0x0800047c       0xf6 ./Core/Src/main.o
                0x0800047c                SystemClock_Config
 .text.MX_SBS_Init
                0x08000572        0xe ./Core/Src/main.o
 .text.MX_XSPI2_Init
                0x08000580       0xb4 ./Core/Src/main.o
 .text.MX_FMC_Init
                0x08000634      0x114 ./Core/Src/main.o
 .text.MX_GPIO_Init
                0x08000748       0xcc ./Core/Src/main.o
 .text.MPU_Config
                0x08000814       0x8a ./Core/Src/main.o
 .text.Error_Handler
                0x0800089e        0xc ./Core/Src/main.o
                0x0800089e                Error_Handler
 *fill*         0x080008aa        0x2 
 .text.HAL_MspInit
                0x080008ac       0x90 ./Core/Src/stm32h7rsxx_hal_msp.o
                0x080008ac                HAL_MspInit
 .text.HAL_XSPI_MspInit
                0x0800093c       0xdc ./Core/Src/stm32h7rsxx_hal_msp.o
                0x0800093c                HAL_XSPI_MspInit
 .text.HAL_FMC_MspInit
                0x08000a18      0x1c4 ./Core/Src/stm32h7rsxx_hal_msp.o
 .text.HAL_SDRAM_MspInit
                0x08000bdc       0x14 ./Core/Src/stm32h7rsxx_hal_msp.o
                0x08000bdc                HAL_SDRAM_MspInit
 .text.NMI_Handler
                0x08000bf0        0x8 ./Core/Src/stm32h7rsxx_it.o
                0x08000bf0                NMI_Handler
 .text.HardFault_Handler
                0x08000bf8        0x8 ./Core/Src/stm32h7rsxx_it.o
                0x08000bf8                HardFault_Handler
 .text.MemManage_Handler
                0x08000c00        0x8 ./Core/Src/stm32h7rsxx_it.o
                0x08000c00                MemManage_Handler
 .text.BusFault_Handler
                0x08000c08        0x8 ./Core/Src/stm32h7rsxx_it.o
                0x08000c08                BusFault_Handler
 .text.UsageFault_Handler
                0x08000c10        0x8 ./Core/Src/stm32h7rsxx_it.o
                0x08000c10                UsageFault_Handler
 .text.SVC_Handler
                0x08000c18        0xe ./Core/Src/stm32h7rsxx_it.o
                0x08000c18                SVC_Handler
 .text.DebugMon_Handler
                0x08000c26        0xe ./Core/Src/stm32h7rsxx_it.o
                0x08000c26                DebugMon_Handler
 .text.PendSV_Handler
                0x08000c34        0xe ./Core/Src/stm32h7rsxx_it.o
                0x08000c34                PendSV_Handler
 .text.SysTick_Handler
                0x08000c42        0xc ./Core/Src/stm32h7rsxx_it.o
                0x08000c42                SysTick_Handler
 *fill*         0x08000c4e        0x2 
 .text.SystemInit
                0x08000c50       0x2c ./Core/Src/system_stm32h7rsxx.o
                0x08000c50                SystemInit
 .text.Reset_Handler
                0x08000c7c       0x50 ./Core/Startup/startup_stm32h7s3l8hx.o
                0x08000c7c                Reset_Handler
 .text.Default_Handler
                0x08000ccc        0x2 ./Core/Startup/startup_stm32h7s3l8hx.o
                0x08000ccc                HPDMA1_Channel13_IRQHandler
                0x08000ccc                EXTI2_IRQHandler
                0x08000ccc                MCE2_IRQHandler
                0x08000ccc                SAI1_A_IRQHandler
                0x08000ccc                EXTI5_IRQHandler
                0x08000ccc                I3C1_ER_IRQHandler
                0x08000ccc                UART8_IRQHandler
                0x08000ccc                SPI4_IRQHandler
                0x08000ccc                EXTI13_IRQHandler
                0x08000ccc                TIM1_CC_IRQHandler
                0x08000ccc                XSPI1_IRQHandler
                0x08000ccc                JPEG_IRQHandler
                0x08000ccc                TAMP_IRQHandler
                0x08000ccc                TIM6_IRQHandler
                0x08000ccc                EXTI12_IRQHandler
                0x08000ccc                CORDIC_IRQHandler
                0x08000ccc                GFXTIM_IRQHandler
                0x08000ccc                EXTI3_IRQHandler
                0x08000ccc                LPTIM4_IRQHandler
                0x08000ccc                GPDMA1_Channel5_IRQHandler
                0x08000ccc                EXTI8_IRQHandler
                0x08000ccc                LPTIM2_IRQHandler
                0x08000ccc                GFXMMU_IRQHandler
                0x08000ccc                I2C3_ER_IRQHandler
                0x08000ccc                LPTIM3_IRQHandler
                0x08000ccc                SAI2_A_IRQHandler
                0x08000ccc                EXTI0_IRQHandler
                0x08000ccc                HPDMA1_Channel9_IRQHandler
                0x08000ccc                I2C2_EV_IRQHandler
                0x08000ccc                FPU_IRQHandler
                0x08000ccc                GPDMA1_Channel3_IRQHandler
                0x08000ccc                GPDMA1_Channel7_IRQHandler
                0x08000ccc                FDCAN1_IT1_IRQHandler
                0x08000ccc                HPDMA1_Channel3_IRQHandler
                0x08000ccc                ADC1_2_IRQHandler
                0x08000ccc                GPDMA1_Channel9_IRQHandler
                0x08000ccc                SPI1_IRQHandler
                0x08000ccc                SAI1_B_IRQHandler
                0x08000ccc                GPDMA1_Channel2_IRQHandler
                0x08000ccc                I3C1_WKUP_IRQHandler
                0x08000ccc                PKA_IRQHandler
                0x08000ccc                HPDMA1_Channel2_IRQHandler
                0x08000ccc                EXTI15_IRQHandler
                0x08000ccc                TIM17_IRQHandler
                0x08000ccc                USART3_IRQHandler
                0x08000ccc                HPDMA1_Channel6_IRQHandler
                0x08000ccc                CRYP_IRQHandler
                0x08000ccc                RTC_IRQHandler
                0x08000ccc                XSPI2_IRQHandler
                0x08000ccc                EXTI9_IRQHandler
                0x08000ccc                HPDMA1_Channel0_IRQHandler
                0x08000ccc                LPTIM5_IRQHandler
                0x08000ccc                HPDMA1_Channel1_IRQHandler
                0x08000ccc                UART5_IRQHandler
                0x08000ccc                TIM4_IRQHandler
                0x08000ccc                I2C1_EV_IRQHandler
                0x08000ccc                GPDMA1_Channel12_IRQHandler
                0x08000ccc                HPDMA1_Channel7_IRQHandler
                0x08000ccc                GPDMA1_Channel1_IRQHandler
                0x08000ccc                TIM16_IRQHandler
                0x08000ccc                GPDMA1_Channel15_IRQHandler
                0x08000ccc                UART4_IRQHandler
                0x08000ccc                TIM3_IRQHandler
                0x08000ccc                RCC_IRQHandler
                0x08000ccc                TIM1_TRG_COM_IRQHandler
                0x08000ccc                SAI2_B_IRQHandler
                0x08000ccc                Default_Handler
                0x08000ccc                GPDMA1_Channel8_IRQHandler
                0x08000ccc                HPDMA1_Channel8_IRQHandler
                0x08000ccc                CEC_IRQHandler
                0x08000ccc                TIM14_IRQHandler
                0x08000ccc                TIM13_IRQHandler
                0x08000ccc                GPDMA1_Channel11_IRQHandler
                0x08000ccc                SPI5_IRQHandler
                0x08000ccc                TIM12_IRQHandler
                0x08000ccc                TIM7_IRQHandler
                0x08000ccc                HPDMA1_Channel10_IRQHandler
                0x08000ccc                SDMMC1_IRQHandler
                0x08000ccc                SAES_IRQHandler
                0x08000ccc                TIM5_IRQHandler
                0x08000ccc                UCPD1_IRQHandler
                0x08000ccc                GPDMA1_Channel0_IRQHandler
                0x08000ccc                I3C1_EV_IRQHandler
                0x08000ccc                HPDMA1_Channel5_IRQHandler
                0x08000ccc                TIM15_IRQHandler
                0x08000ccc                I2C3_EV_IRQHandler
                0x08000ccc                HPDMA1_Channel4_IRQHandler
                0x08000ccc                HPDMA1_Channel15_IRQHandler
                0x08000ccc                TIM9_IRQHandler
                0x08000ccc                SPDIF_RX_IRQHandler
                0x08000ccc                PVD_PVM_IRQHandler
                0x08000ccc                SPI2_IRQHandler
                0x08000ccc                HPDMA1_Channel11_IRQHandler
                0x08000ccc                EXTI14_IRQHandler
                0x08000ccc                EXTI11_IRQHandler
                0x08000ccc                CRS_IRQHandler
                0x08000ccc                GPDMA1_Channel14_IRQHandler
                0x08000ccc                EXTI4_IRQHandler
                0x08000ccc                GPDMA1_Channel13_IRQHandler
                0x08000ccc                RNG_IRQHandler
                0x08000ccc                FDCAN2_IT1_IRQHandler
                0x08000ccc                ETH_IRQHandler
                0x08000ccc                TIM1_UP_IRQHandler
                0x08000ccc                WWDG_IRQHandler
                0x08000ccc                SPI6_IRQHandler
                0x08000ccc                MDIOS_IRQHandler
                0x08000ccc                FDCAN2_IT0_IRQHandler
                0x08000ccc                IWDG_IRQHandler
                0x08000ccc                HPDMA1_Channel14_IRQHandler
                0x08000ccc                LPUART1_IRQHandler
                0x08000ccc                FDCAN1_IT0_IRQHandler
                0x08000ccc                TIM2_IRQHandler
                0x08000ccc                PSSI_IRQHandler
                0x08000ccc                MCE3_IRQHandler
                0x08000ccc                GPDMA1_Channel4_IRQHandler
                0x08000ccc                OTG_HS_IRQHandler
                0x08000ccc                EXTI7_IRQHandler
                0x08000ccc                DMA2D_IRQHandler
                0x08000ccc                TIM1_BRK_IRQHandler
                0x08000ccc                EXTI1_IRQHandler
                0x08000ccc                SDMMC2_IRQHandler
                0x08000ccc                UART7_IRQHandler
                0x08000ccc                DTS_IRQHandler
                0x08000ccc                USART2_IRQHandler
                0x08000ccc                GPDMA1_Channel6_IRQHandler
                0x08000ccc                ADF1_FLT0_IRQHandler
                0x08000ccc                RAMECC_IRQHandler
                0x08000ccc                I2C2_ER_IRQHandler
                0x08000ccc                MCE1_IRQHandler
                0x08000ccc                HPDMA1_Channel12_IRQHandler
                0x08000ccc                FLASH_IRQHandler
                0x08000ccc                USART1_IRQHandler
                0x08000ccc                EXTI10_IRQHandler
                0x08000ccc                OTG_FS_IRQHandler
                0x08000ccc                SPI3_IRQHandler
                0x08000ccc                WAKEUP_PIN_IRQHandler
                0x08000ccc                DCMIPP_IRQHandler
                0x08000ccc                I2C1_ER_IRQHandler
                0x08000ccc                FMC_IRQHandler
                0x08000ccc                EXTI6_IRQHandler
                0x08000ccc                LPTIM1_IRQHandler
                0x08000ccc                GPDMA1_Channel10_IRQHandler
                0x08000ccc                HASH_IRQHandler
 .text.HAL_Init
                0x08000cce       0x30 ./Drivers/STM32H7RSxx_HAL_Driver/stm32h7rsxx_hal.o
                0x08000cce                HAL_Init
 *fill*         0x08000cfe        0x2 
 .text.HAL_InitTick
                0x08000d00       0x78 ./Drivers/STM32H7RSxx_HAL_Driver/stm32h7rsxx_hal.o
                0x08000d00                HAL_InitTick
 .text.HAL_IncTick
                0x08000d78       0x28 ./Drivers/STM32H7RSxx_HAL_Driver/stm32h7rsxx_hal.o
                0x08000d78                HAL_IncTick
 .text.HAL_GetTick
                0x08000da0       0x18 ./Drivers/STM32H7RSxx_HAL_Driver/stm32h7rsxx_hal.o
                0x08000da0                HAL_GetTick
 .text.HAL_Delay
                0x08000db8       0x48 ./Drivers/STM32H7RSxx_HAL_Driver/stm32h7rsxx_hal.o
                0x08000db8                HAL_Delay
 .text.HAL_SuspendTick
                0x08000e00       0x20 ./Drivers/STM32H7RSxx_HAL_Driver/stm32h7rsxx_hal.o
                0x08000e00                HAL_SuspendTick
 .text.HAL_SBS_EnableCompensationCell
                0x08000e20       0x28 ./Drivers/STM32H7RSxx_HAL_Driver/stm32h7rsxx_hal.o
                0x08000e20                HAL_SBS_EnableCompensationCell
 .text.HAL_SBS_GetCompensationCellReadyStatus
                0x08000e48       0x2c ./Drivers/STM32H7RSxx_HAL_Driver/stm32h7rsxx_hal.o
                0x08000e48                HAL_SBS_GetCompensationCellReadyStatus
 .text.HAL_SBS_ConfigCompensationCell
                0x08000e74       0xa8 ./Drivers/STM32H7RSxx_HAL_Driver/stm32h7rsxx_hal.o
                0x08000e74                HAL_SBS_ConfigCompensationCell
 .text.HAL_SBS_EnableIOSpeedOptimize
                0x08000f1c       0x28 ./Drivers/STM32H7RSxx_HAL_Driver/stm32h7rsxx_hal.o
                0x08000f1c                HAL_SBS_EnableIOSpeedOptimize
 .text.__NVIC_SetPriorityGrouping
                0x08000f44       0x48 ./Drivers/STM32H7RSxx_HAL_Driver/stm32h7rsxx_hal_cortex.o
 .text.__NVIC_GetPriorityGrouping
                0x08000f8c       0x1c ./Drivers/STM32H7RSxx_HAL_Driver/stm32h7rsxx_hal_cortex.o
 .text.__NVIC_SetPriority
                0x08000fa8       0x54 ./Drivers/STM32H7RSxx_HAL_Driver/stm32h7rsxx_hal_cortex.o
 .text.NVIC_EncodePriority
                0x08000ffc       0x66 ./Drivers/STM32H7RSxx_HAL_Driver/stm32h7rsxx_hal_cortex.o
 *fill*         0x08001062        0x2 
 .text.SysTick_Config
                0x08001064       0x44 ./Drivers/STM32H7RSxx_HAL_Driver/stm32h7rsxx_hal_cortex.o
 .text.HAL_NVIC_SetPriorityGrouping
                0x080010a8       0x16 ./Drivers/STM32H7RSxx_HAL_Driver/stm32h7rsxx_hal_cortex.o
                0x080010a8                HAL_NVIC_SetPriorityGrouping
 .text.HAL_NVIC_SetPriority
                0x080010be       0x34 ./Drivers/STM32H7RSxx_HAL_Driver/stm32h7rsxx_hal_cortex.o
                0x080010be                HAL_NVIC_SetPriority
 .text.HAL_SYSTICK_Config
                0x080010f2       0x18 ./Drivers/STM32H7RSxx_HAL_Driver/stm32h7rsxx_hal_cortex.o
                0x080010f2                HAL_SYSTICK_Config
 *fill*         0x0800110a        0x2 
 .text.HAL_MPU_Enable
                0x0800110c       0x44 ./Drivers/STM32H7RSxx_HAL_Driver/stm32h7rsxx_hal_cortex.o
                0x0800110c                HAL_MPU_Enable
 .text.HAL_MPU_Disable
                0x08001150       0x3c ./Drivers/STM32H7RSxx_HAL_Driver/stm32h7rsxx_hal_cortex.o
                0x08001150                HAL_MPU_Disable
 .text.HAL_MPU_ConfigRegion
                0x0800118c       0x8c ./Drivers/STM32H7RSxx_HAL_Driver/stm32h7rsxx_hal_cortex.o
                0x0800118c                HAL_MPU_ConfigRegion
 .text.HAL_DMA_Abort
                0x08001218       0xf8 ./Drivers/STM32H7RSxx_HAL_Driver/stm32h7rsxx_hal_dma.o
                0x08001218                HAL_DMA_Abort
 .text.HAL_GPIO_Init
                0x08001310      0x2ac ./Drivers/STM32H7RSxx_HAL_Driver/stm32h7rsxx_hal_gpio.o
                0x08001310                HAL_GPIO_Init
 .text.HAL_PWREx_ConfigSupply
                0x080015bc       0xa4 ./Drivers/STM32H7RSxx_HAL_Driver/stm32h7rsxx_hal_pwr_ex.o
                0x080015bc                HAL_PWREx_ConfigSupply
 .text.HAL_PWREx_ControlVoltageScaling
                0x08001660       0x50 ./Drivers/STM32H7RSxx_HAL_Driver/stm32h7rsxx_hal_pwr_ex.o
                0x08001660                HAL_PWREx_ControlVoltageScaling
 .text.HAL_PWREx_EnableXSPIM2
                0x080016b0       0x20 ./Drivers/STM32H7RSxx_HAL_Driver/stm32h7rsxx_hal_pwr_ex.o
                0x080016b0                HAL_PWREx_EnableXSPIM2
 .text.HAL_RCC_OscConfig
                0x080016d0      0x674 ./Drivers/STM32H7RSxx_HAL_Driver/stm32h7rsxx_hal_rcc.o
                0x080016d0                HAL_RCC_OscConfig
 .text.HAL_RCC_ClockConfig
                0x08001d44      0x330 ./Drivers/STM32H7RSxx_HAL_Driver/stm32h7rsxx_hal_rcc.o
                0x08001d44                HAL_RCC_ClockConfig
 .text.HAL_RCC_GetSysClockFreq
                0x08002074      0x2cc ./Drivers/STM32H7RSxx_HAL_Driver/stm32h7rsxx_hal_rcc.o
                0x08002074                HAL_RCC_GetSysClockFreq
 .text.HAL_RCC_GetHCLKFreq
                0x08002340       0x50 ./Drivers/STM32H7RSxx_HAL_Driver/stm32h7rsxx_hal_rcc.o
                0x08002340                HAL_RCC_GetHCLKFreq
 .text.HAL_RCC_GetPCLK1Freq
                0x08002390       0x38 ./Drivers/STM32H7RSxx_HAL_Driver/stm32h7rsxx_hal_rcc.o
                0x08002390                HAL_RCC_GetPCLK1Freq
 .text.HAL_RCC_GetPCLK2Freq
                0x080023c8       0x38 ./Drivers/STM32H7RSxx_HAL_Driver/stm32h7rsxx_hal_rcc.o
                0x080023c8                HAL_RCC_GetPCLK2Freq
 .text.HAL_RCC_GetPCLK4Freq
                0x08002400       0x38 ./Drivers/STM32H7RSxx_HAL_Driver/stm32h7rsxx_hal_rcc.o
                0x08002400                HAL_RCC_GetPCLK4Freq
 .text.HAL_RCC_GetPLL1QFreq
                0x08002438       0x2c ./Drivers/STM32H7RSxx_HAL_Driver/stm32h7rsxx_hal_rcc.o
                0x08002438                HAL_RCC_GetPLL1QFreq
 .text.HAL_RCC_GetPLL2PFreq
                0x08002464       0x2c ./Drivers/STM32H7RSxx_HAL_Driver/stm32h7rsxx_hal_rcc.o
                0x08002464                HAL_RCC_GetPLL2PFreq
 .text.HAL_RCC_GetPLL2QFreq
                0x08002490       0x2c ./Drivers/STM32H7RSxx_HAL_Driver/stm32h7rsxx_hal_rcc.o
                0x08002490                HAL_RCC_GetPLL2QFreq
 .text.HAL_RCC_GetPLL2RFreq
                0x080024bc       0x2c ./Drivers/STM32H7RSxx_HAL_Driver/stm32h7rsxx_hal_rcc.o
                0x080024bc                HAL_RCC_GetPLL2RFreq
 .text.HAL_RCC_GetPLL2SFreq
                0x080024e8       0x2c ./Drivers/STM32H7RSxx_HAL_Driver/stm32h7rsxx_hal_rcc.o
                0x080024e8                HAL_RCC_GetPLL2SFreq
 .text.HAL_RCC_GetPLL2TFreq
                0x08002514       0x30 ./Drivers/STM32H7RSxx_HAL_Driver/stm32h7rsxx_hal_rcc.o
                0x08002514                HAL_RCC_GetPLL2TFreq
 .text.HAL_RCC_GetPLL3PFreq
                0x08002544       0x2c ./Drivers/STM32H7RSxx_HAL_Driver/stm32h7rsxx_hal_rcc.o
                0x08002544                HAL_RCC_GetPLL3PFreq
 .text.HAL_RCC_GetPLL3QFreq
                0x08002570       0x2c ./Drivers/STM32H7RSxx_HAL_Driver/stm32h7rsxx_hal_rcc.o
                0x08002570                HAL_RCC_GetPLL3QFreq
 .text.HAL_RCC_GetPLL3RFreq
                0x0800259c       0x2c ./Drivers/STM32H7RSxx_HAL_Driver/stm32h7rsxx_hal_rcc.o
                0x0800259c                HAL_RCC_GetPLL3RFreq
 .text.HAL_RCC_GetPLL3SFreq
                0x080025c8       0x2c ./Drivers/STM32H7RSxx_HAL_Driver/stm32h7rsxx_hal_rcc.o
                0x080025c8                HAL_RCC_GetPLL3SFreq
 .text.RCC_PLL_Config
                0x080025f4      0x2ac ./Drivers/STM32H7RSxx_HAL_Driver/stm32h7rsxx_hal_rcc.o
 .text.RCC_PLL1_GetVCOOutputFreq
                0x080028a0      0x10c ./Drivers/STM32H7RSxx_HAL_Driver/stm32h7rsxx_hal_rcc.o
 .text.RCC_PLL2_GetVCOOutputFreq
                0x080029ac      0x10c ./Drivers/STM32H7RSxx_HAL_Driver/stm32h7rsxx_hal_rcc.o
 .text.RCC_PLL3_GetVCOOutputFreq
                0x08002ab8      0x10c ./Drivers/STM32H7RSxx_HAL_Driver/stm32h7rsxx_hal_rcc.o
 .text.HAL_RCCEx_PeriphCLKConfig
                0x08002bc4      0xe08 ./Drivers/STM32H7RSxx_HAL_Driver/stm32h7rsxx_hal_rcc_ex.o
                0x08002bc4                HAL_RCCEx_PeriphCLKConfig
 .text.HAL_RCCEx_GetPeriphCLKFreq
                0x080039cc     0x1680 ./Drivers/STM32H7RSxx_HAL_Driver/stm32h7rsxx_hal_rcc_ex.o
                0x080039cc                HAL_RCCEx_GetPeriphCLKFreq
 .text.HAL_RCCEx_EnableClockProtection
                0x0800504c       0x28 ./Drivers/STM32H7RSxx_HAL_Driver/stm32h7rsxx_hal_rcc_ex.o
                0x0800504c                HAL_RCCEx_EnableClockProtection
 .text.RCC_GetCLKPFreq
                0x08005074       0x98 ./Drivers/STM32H7RSxx_HAL_Driver/stm32h7rsxx_hal_rcc_ex.o
 .text.HAL_SDRAM_Init
                0x0800510c       0x78 ./Drivers/STM32H7RSxx_HAL_Driver/stm32h7rsxx_hal_sdram.o
                0x0800510c                HAL_SDRAM_Init
 .text.HAL_SDRAM_SendCommand
                0x08005184       0x6a ./Drivers/STM32H7RSxx_HAL_Driver/stm32h7rsxx_hal_sdram.o
                0x08005184                HAL_SDRAM_SendCommand
 .text.HAL_SDRAM_ProgramRefreshRate
                0x080051ee       0x50 ./Drivers/STM32H7RSxx_HAL_Driver/stm32h7rsxx_hal_sdram.o
                0x080051ee                HAL_SDRAM_ProgramRefreshRate
 *fill*         0x0800523e        0x2 
 .text.HAL_XSPI_Init
                0x08005240      0x1d0 ./Drivers/STM32H7RSxx_HAL_Driver/stm32h7rsxx_hal_xspi.o
                0x08005240                HAL_XSPI_Init
 .text.HAL_XSPI_Command
                0x08005410      0x120 ./Drivers/STM32H7RSxx_HAL_Driver/stm32h7rsxx_hal_xspi.o
                0x08005410                HAL_XSPI_Command
 .text.HAL_XSPI_Transmit
                0x08005530       0xe6 ./Drivers/STM32H7RSxx_HAL_Driver/stm32h7rsxx_hal_xspi.o
                0x08005530                HAL_XSPI_Transmit
 .text.HAL_XSPI_Receive
                0x08005616      0x146 ./Drivers/STM32H7RSxx_HAL_Driver/stm32h7rsxx_hal_xspi.o
                0x08005616                HAL_XSPI_Receive
 .text.HAL_XSPI_AutoPolling
                0x0800575c      0x114 ./Drivers/STM32H7RSxx_HAL_Driver/stm32h7rsxx_hal_xspi.o
                0x0800575c                HAL_XSPI_AutoPolling
 .text.HAL_XSPI_MemoryMapped
                0x08005870       0x9c ./Drivers/STM32H7RSxx_HAL_Driver/stm32h7rsxx_hal_xspi.o
                0x08005870                HAL_XSPI_MemoryMapped
 .text.HAL_XSPI_Abort
                0x0800590c      0x10e ./Drivers/STM32H7RSxx_HAL_Driver/stm32h7rsxx_hal_xspi.o
                0x0800590c                HAL_XSPI_Abort
 .text.HAL_XSPI_SetTimeout
                0x08005a1a       0x1e ./Drivers/STM32H7RSxx_HAL_Driver/stm32h7rsxx_hal_xspi.o
                0x08005a1a                HAL_XSPI_SetTimeout
 .text.HAL_XSPIM_Config
                0x08005a38      0x1e0 ./Drivers/STM32H7RSxx_HAL_Driver/stm32h7rsxx_hal_xspi.o
                0x08005a38                HAL_XSPIM_Config
 .text.XSPI_WaitFlagStateUntilTimeout
                0x08005c18       0x6c ./Drivers/STM32H7RSxx_HAL_Driver/stm32h7rsxx_hal_xspi.o
 .text.XSPI_ConfigCmd
                0x08005c84      0x334 ./Drivers/STM32H7RSxx_HAL_Driver/stm32h7rsxx_hal_xspi.o
 .text.XSPIM_GetConfig
                0x08005fb8       0xc8 ./Drivers/STM32H7RSxx_HAL_Driver/stm32h7rsxx_hal_xspi.o
 .text.FMC_SDRAM_Init
                0x08006080       0xb8 ./Drivers/STM32H7RSxx_HAL_Driver/stm32h7rsxx_ll_fmc.o
                0x08006080                FMC_SDRAM_Init
 .text.FMC_SDRAM_Timing_Init
                0x08006138       0xd4 ./Drivers/STM32H7RSxx_HAL_Driver/stm32h7rsxx_ll_fmc.o
                0x08006138                FMC_SDRAM_Timing_Init
 .text.FMC_SDRAM_SendCommand
                0x0800620c       0x48 ./Drivers/STM32H7RSxx_HAL_Driver/stm32h7rsxx_ll_fmc.o
                0x0800620c                FMC_SDRAM_SendCommand
 .text.FMC_SDRAM_ProgramRefreshRate
                0x08006254       0x30 ./Drivers/STM32H7RSxx_HAL_Driver/stm32h7rsxx_ll_fmc.o
                0x08006254                FMC_SDRAM_ProgramRefreshRate
 .text.BOOT_Application
                0x08006284       0x26 ./Middlewares/ST/STM32_ExtMem_Manager/stm32_boot_xip.o
                0x08006284                BOOT_Application
 .text.MapMemory
                0x080062aa       0x5c ./Middlewares/ST/STM32_ExtMem_Manager/stm32_boot_xip.o
                0x080062aa                MapMemory
 *fill*         0x08006306        0x2 
 .text.JumpToApplication
                0x08006308      0x10c ./Middlewares/ST/STM32_ExtMem_Manager/stm32_boot_xip.o
                0x08006308                JumpToApplication
 .text.EXTMEM_Init
                0x08006414       0x84 ./Middlewares/ST/STM32_ExtMem_Manager/stm32_extmem.o
                0x08006414                EXTMEM_Init
 .text.EXTMEM_DeInit
                0x08006498       0x58 ./Middlewares/ST/STM32_ExtMem_Manager/stm32_extmem.o
                0x08006498                EXTMEM_DeInit
 .text.EXTMEM_MemoryMappedMode
                0x080064f0       0x9c ./Middlewares/ST/STM32_ExtMem_Manager/stm32_extmem.o
                0x080064f0                EXTMEM_MemoryMappedMode
 .text.EXTMEM_GetMapAddress
                0x0800658c       0x9c ./Middlewares/ST/STM32_ExtMem_Manager/stm32_extmem.o
                0x0800658c                EXTMEM_GetMapAddress
 .text.SAL_XSPI_SetClock
                0x08006628       0x7e ./Middlewares/ST/STM32_ExtMem_Manager/stm32_sal_xspi.o
                0x08006628                SAL_XSPI_SetClock
 .text.SAL_XSPI_Init
                0x080066a6       0x66 ./Middlewares/ST/STM32_ExtMem_Manager/stm32_sal_xspi.o
                0x080066a6                SAL_XSPI_Init
 .text.SAL_XSPI_MemoryConfig
                0x0800670c      0x2a4 ./Middlewares/ST/STM32_ExtMem_Manager/stm32_sal_xspi.o
                0x0800670c                SAL_XSPI_MemoryConfig
 .text.SAL_XSPI_GetSFDP
                0x080069b0       0xb8 ./Middlewares/ST/STM32_ExtMem_Manager/stm32_sal_xspi.o
                0x080069b0                SAL_XSPI_GetSFDP
 .text.SAL_XSPI_GetId
                0x08006a68       0xa6 ./Middlewares/ST/STM32_ExtMem_Manager/stm32_sal_xspi.o
                0x08006a68                SAL_XSPI_GetId
 .text.SAL_XSPI_Read
                0x08006b0e       0xd0 ./Middlewares/ST/STM32_ExtMem_Manager/stm32_sal_xspi.o
                0x08006b0e                SAL_XSPI_Read
 .text.SAL_XSPI_Write
                0x08006bde       0x92 ./Middlewares/ST/STM32_ExtMem_Manager/stm32_sal_xspi.o
                0x08006bde                SAL_XSPI_Write
 .text.SAL_XSPI_CommandSendData
                0x08006c70       0xa8 ./Middlewares/ST/STM32_ExtMem_Manager/stm32_sal_xspi.o
                0x08006c70                SAL_XSPI_CommandSendData
 .text.SAL_XSPI_SendReadCommand
                0x08006d18       0xa8 ./Middlewares/ST/STM32_ExtMem_Manager/stm32_sal_xspi.o
                0x08006d18                SAL_XSPI_SendReadCommand
 .text.SAL_XSPI_CommandSendReadAddress
                0x08006dc0       0x9a ./Middlewares/ST/STM32_ExtMem_Manager/stm32_sal_xspi.o
                0x08006dc0                SAL_XSPI_CommandSendReadAddress
 .text.SAL_XSPI_CheckStatusRegister
                0x08006e5a       0xd8 ./Middlewares/ST/STM32_ExtMem_Manager/stm32_sal_xspi.o
                0x08006e5a                SAL_XSPI_CheckStatusRegister
 .text.SAL_XSPI_EnableMapMode
                0x08006f32       0xee ./Middlewares/ST/STM32_ExtMem_Manager/stm32_sal_xspi.o
                0x08006f32                SAL_XSPI_EnableMapMode
 .text.SAL_XSPI_DisableMapMode
                0x08007020       0x22 ./Middlewares/ST/STM32_ExtMem_Manager/stm32_sal_xspi.o
                0x08007020                SAL_XSPI_DisableMapMode
 .text.SAL_XSPI_UpdateMemoryType
                0x08007042       0x70 ./Middlewares/ST/STM32_ExtMem_Manager/stm32_sal_xspi.o
                0x08007042                SAL_XSPI_UpdateMemoryType
 .text.XSPI_FormatCommand
                0x080070b2       0x52 ./Middlewares/ST/STM32_ExtMem_Manager/stm32_sal_xspi.o
                0x080070b2                XSPI_FormatCommand
 .text.XSPI_Transmit
                0x08007104       0x26 ./Middlewares/ST/STM32_ExtMem_Manager/stm32_sal_xspi.o
                0x08007104                XSPI_Transmit
 .text.XSPI_Receive
                0x0800712a       0x26 ./Middlewares/ST/STM32_ExtMem_Manager/stm32_sal_xspi.o
                0x0800712a                XSPI_Receive
 .text.SFDP_ReadHeader
                0x08007150       0x7a ./Middlewares/ST/STM32_ExtMem_Manager/stm32_sfdp_data.o
                0x08007150                SFDP_ReadHeader
 *fill*         0x080071ca        0x2 
 .text.SFDP_GetHeader
                0x080071cc       0xbc ./Middlewares/ST/STM32_ExtMem_Manager/stm32_sfdp_data.o
                0x080071cc                SFDP_GetHeader
 .text.SFDP_CollectData
                0x08007288      0x1b8 ./Middlewares/ST/STM32_ExtMem_Manager/stm32_sfdp_data.o
                0x08007288                SFDP_CollectData
 .text.SFDP_MemoryReset
                0x08007440      0x1b8 ./Middlewares/ST/STM32_ExtMem_Manager/stm32_sfdp_data.o
                0x08007440                SFDP_MemoryReset
 .text.SFDP_BuildGenericDriver
                0x080075f8      0xb6c ./Middlewares/ST/STM32_ExtMem_Manager/stm32_sfdp_data.o
                0x080075f8                SFDP_BuildGenericDriver
 .text.driver_check_FlagBUSY
                0x08008164       0x72 ./Middlewares/ST/STM32_ExtMem_Manager/stm32_sfdp_data.o
                0x08008164                driver_check_FlagBUSY
 *fill*         0x080081d6        0x2 
 .text.sfdp_getfrequencevalue
                0x080081d8       0x4c ./Middlewares/ST/STM32_ExtMem_Manager/stm32_sfdp_data.o
                0x080081d8                sfdp_getfrequencevalue
 .text.sfdp_get_paraminfo
                0x08008224      0x1e8 ./Middlewares/ST/STM32_ExtMem_Manager/stm32_sfdp_data.o
                0x08008224                sfdp_get_paraminfo
 .text.sfpd_enter_octal_mode
                0x0800840c      0x1d4 ./Middlewares/ST/STM32_ExtMem_Manager/stm32_sfdp_data.o
                0x0800840c                sfpd_enter_octal_mode
 .text.sfpd_set_dummycycle
                0x080085e0      0x1c8 ./Middlewares/ST/STM32_ExtMem_Manager/stm32_sfdp_data.o
                0x080085e0                sfpd_set_dummycycle
 .text.JEDEC_Basic_ManageQuadEnableRequierement
                0x080087a8      0x174 ./Middlewares/ST/STM32_ExtMem_Manager/stm32_sfdp_data.o
                0x080087a8                JEDEC_Basic_ManageQuadEnableRequierement
 .text.JEDEC_Basic_Manage4S4S4SEnableSequence
                0x0800891c       0x7c ./Middlewares/ST/STM32_ExtMem_Manager/stm32_sfdp_data.o
                0x0800891c                JEDEC_Basic_Manage4S4S4SEnableSequence
 .text.CheckSFDP_Signature
                0x08008998       0x54 ./Middlewares/ST/STM32_ExtMem_Manager/stm32_sfdp_data.o
                0x08008998                CheckSFDP_Signature
 .text.EXTMEM_DRIVER_NOR_SFDP_Init
                0x080089ec      0x174 ./Middlewares/ST/STM32_ExtMem_Manager/stm32_sfdp_driver.o
                0x080089ec                EXTMEM_DRIVER_NOR_SFDP_Init
 .text.EXTMEM_DRIVER_NOR_SFDP_DeInit
                0x08008b60       0x1e ./Middlewares/ST/STM32_ExtMem_Manager/stm32_sfdp_driver.o
                0x08008b60                EXTMEM_DRIVER_NOR_SFDP_DeInit
 .text.EXTMEM_DRIVER_NOR_SFDP_Enable_MemoryMappedMode
                0x08008b7e       0x42 ./Middlewares/ST/STM32_ExtMem_Manager/stm32_sfdp_driver.o
                0x08008b7e                EXTMEM_DRIVER_NOR_SFDP_Enable_MemoryMappedMode
 .text.EXTMEM_DRIVER_NOR_SFDP_Disable_MemoryMappedMode
                0x08008bc0       0x2c ./Middlewares/ST/STM32_ExtMem_Manager/stm32_sfdp_driver.o
                0x08008bc0                EXTMEM_DRIVER_NOR_SFDP_Disable_MemoryMappedMode
 .text.memset   0x08008bec       0x10 C:/ST/STM32CubeIDE_1.16.1/STM32CubeIDE/plugins/com.st.stm32cube.ide.mcu.externaltools.gnu-tools-for-stm32.12.3.rel1.win32_1.0.200.202406191623/tools/bin/../lib/gcc/arm-none-eabi/12.3.1/../../../../arm-none-eabi/lib/thumb/v7e-m+dp/hard\libc_nano.a(libc_a-memset.o)
                0x08008bec                memset
 .text.__libc_init_array
                0x08008bfc       0x48 C:/ST/STM32CubeIDE_1.16.1/STM32CubeIDE/plugins/com.st.stm32cube.ide.mcu.externaltools.gnu-tools-for-stm32.12.3.rel1.win32_1.0.200.202406191623/tools/bin/../lib/gcc/arm-none-eabi/12.3.1/../../../../arm-none-eabi/lib/thumb/v7e-m+dp/hard\libc_nano.a(libc_a-init.o)
                0x08008bfc                __libc_init_array
 .text.memcpy   0x08008c44       0x1c C:/ST/STM32CubeIDE_1.16.1/STM32CubeIDE/plugins/com.st.stm32cube.ide.mcu.externaltools.gnu-tools-for-stm32.12.3.rel1.win32_1.0.200.202406191623/tools/bin/../lib/gcc/arm-none-eabi/12.3.1/../../../../arm-none-eabi/lib/thumb/v7e-m+dp/hard\libc_nano.a(libc_a-memcpy-stub.o)
                0x08008c44                memcpy
 *(.glue_7)
 .glue_7        0x08008c60        0x0 linker stubs
 *(.glue_7t)
 .glue_7t       0x08008c60        0x0 linker stubs
 *(.eh_frame)
 .eh_frame      0x08008c60        0x0 C:/ST/STM32CubeIDE_1.16.1/STM32CubeIDE/plugins/com.st.stm32cube.ide.mcu.externaltools.gnu-tools-for-stm32.12.3.rel1.win32_1.0.200.202406191623/tools/bin/../lib/gcc/arm-none-eabi/12.3.1/thumb/v7e-m+dp/hard/crtbegin.o
 *(.init)
 .init          0x08008c60        0x4 C:/ST/STM32CubeIDE_1.16.1/STM32CubeIDE/plugins/com.st.stm32cube.ide.mcu.externaltools.gnu-tools-for-stm32.12.3.rel1.win32_1.0.200.202406191623/tools/bin/../lib/gcc/arm-none-eabi/12.3.1/thumb/v7e-m+dp/hard/crti.o
                0x08008c60                _init
 .init          0x08008c64        0x8 C:/ST/STM32CubeIDE_1.16.1/STM32CubeIDE/plugins/com.st.stm32cube.ide.mcu.externaltools.gnu-tools-for-stm32.12.3.rel1.win32_1.0.200.202406191623/tools/bin/../lib/gcc/arm-none-eabi/12.3.1/thumb/v7e-m+dp/hard/crtn.o
 *(.fini)
 .fini          0x08008c6c        0x4 C:/ST/STM32CubeIDE_1.16.1/STM32CubeIDE/plugins/com.st.stm32cube.ide.mcu.externaltools.gnu-tools-for-stm32.12.3.rel1.win32_1.0.200.202406191623/tools/bin/../lib/gcc/arm-none-eabi/12.3.1/thumb/v7e-m+dp/hard/crti.o
                0x08008c6c                _fini
 .fini          0x08008c70        0x8 C:/ST/STM32CubeIDE_1.16.1/STM32CubeIDE/plugins/com.st.stm32cube.ide.mcu.externaltools.gnu-tools-for-stm32.12.3.rel1.win32_1.0.200.202406191623/tools/bin/../lib/gcc/arm-none-eabi/12.3.1/thumb/v7e-m+dp/hard/crtn.o
                0x08008c78                        . = ALIGN (0x4)
                0x08008c78                        _etext = .

.vfp11_veneer   0x08008c78        0x0
 .vfp11_veneer  0x08008c78        0x0 linker stubs

.v4_bx          0x08008c78        0x0
 .v4_bx         0x08008c78        0x0 linker stubs

.iplt           0x08008c78        0x0
 .iplt          0x08008c78        0x0 C:/ST/STM32CubeIDE_1.16.1/STM32CubeIDE/plugins/com.st.stm32cube.ide.mcu.externaltools.gnu-tools-for-stm32.12.3.rel1.win32_1.0.200.202406191623/tools/bin/../lib/gcc/arm-none-eabi/12.3.1/thumb/v7e-m+dp/hard/crtbegin.o

.rodata         0x08008c78       0x4c
                0x08008c78                        . = ALIGN (0x4)
 *(.rodata)
 .rodata        0x08008c78        0x8 ./Drivers/STM32H7RSxx_HAL_Driver/stm32h7rsxx_hal_rcc.o
 .rodata        0x08008c80       0x2a ./Middlewares/ST/STM32_ExtMem_Manager/stm32_sfdp_data.o
 *(.rodata*)
 *fill*         0x08008caa        0x2 
 .rodata.block_erase_unit.1
                0x08008cac        0x8 ./Middlewares/ST/STM32_ExtMem_Manager/stm32_sfdp_data.o
 .rodata.chip_erase_unit.0
                0x08008cb4       0x10 ./Middlewares/ST/STM32_ExtMem_Manager/stm32_sfdp_data.o
                0x08008cc4                        . = ALIGN (0x4)

.ARM.extab      0x08008cc4        0x0
                0x08008cc4                        . = ALIGN (0x4)
 *(.ARM.extab* .gnu.linkonce.armextab.*)
                0x08008cc4                        . = ALIGN (0x4)

.ARM            0x08008cc4        0x0
                0x08008cc4                        . = ALIGN (0x4)
                0x08008cc4                        __exidx_start = .
 *(.ARM.exidx*)
                0x08008cc4                        __exidx_end = .
                0x08008cc4                        . = ALIGN (0x4)

.preinit_array  0x08008cc4        0x0
                0x08008cc4                        . = ALIGN (0x4)
                0x08008cc4                        PROVIDE (__preinit_array_start = .)
 *(.preinit_array*)
                0x08008cc4                        PROVIDE (__preinit_array_end = .)
                0x08008cc4                        . = ALIGN (0x4)

.init_array     0x08008cc4        0x4
                0x08008cc4                        . = ALIGN (0x4)
                0x08008cc4                        PROVIDE (__init_array_start = .)
 *(SORT_BY_NAME(.init_array.*))
 *(.init_array*)
 .init_array    0x08008cc4        0x4 C:/ST/STM32CubeIDE_1.16.1/STM32CubeIDE/plugins/com.st.stm32cube.ide.mcu.externaltools.gnu-tools-for-stm32.12.3.rel1.win32_1.0.200.202406191623/tools/bin/../lib/gcc/arm-none-eabi/12.3.1/thumb/v7e-m+dp/hard/crtbegin.o
                0x08008cc8                        PROVIDE (__init_array_end = .)
                0x08008cc8                        . = ALIGN (0x4)

.fini_array     0x08008cc8        0x4
                0x08008cc8                        . = ALIGN (0x4)
                [!provide]                        PROVIDE (__fini_array_start = .)
 *(SORT_BY_NAME(.fini_array.*))
 *(.fini_array*)
 .fini_array    0x08008cc8        0x4 C:/ST/STM32CubeIDE_1.16.1/STM32CubeIDE/plugins/com.st.stm32cube.ide.mcu.externaltools.gnu-tools-for-stm32.12.3.rel1.win32_1.0.200.202406191623/tools/bin/../lib/gcc/arm-none-eabi/12.3.1/thumb/v7e-m+dp/hard/crtbegin.o
                [!provide]                        PROVIDE (__fini_array_end = .)
                0x08008ccc                        . = ALIGN (0x4)
                0x08008ccc                        _sidata = LOADADDR (.data)

.rel.dyn        0x08008ccc        0x0
 .rel.iplt      0x08008ccc        0x0 C:/ST/STM32CubeIDE_1.16.1/STM32CubeIDE/plugins/com.st.stm32cube.ide.mcu.externaltools.gnu-tools-for-stm32.12.3.rel1.win32_1.0.200.202406191623/tools/bin/../lib/gcc/arm-none-eabi/12.3.1/thumb/v7e-m+dp/hard/crtbegin.o

.data           0x24000000       0x10 load address 0x08008ccc
                0x24000000                        . = ALIGN (0x4)
                0x24000000                        _sdata = .
 *(.data)
 *(.data*)
 .data.externalRAM
                0x24000000        0x4 ./Core/Src/main.o
                0x24000000                externalRAM
 .data.SystemCoreClock
                0x24000004        0x4 ./Core/Src/system_stm32h7rsxx.o
                0x24000004                SystemCoreClock
 .data.uwTickPrio
                0x24000008        0x4 ./Drivers/STM32H7RSxx_HAL_Driver/stm32h7rsxx_hal.o
                0x24000008                uwTickPrio
 .data.uwTickFreq
                0x2400000c        0x1 ./Drivers/STM32H7RSxx_HAL_Driver/stm32h7rsxx_hal.o
                0x2400000c                uwTickFreq
 *(.RamFunc)
 *(.RamFunc*)
                0x24000010                        . = ALIGN (0x4)
 *fill*         0x2400000d        0x3 
                0x24000010                        _edata = .

.igot.plt       0x24000010        0x0 load address 0x08008cdc
 .igot.plt      0x24000010        0x0 C:/ST/STM32CubeIDE_1.16.1/STM32CubeIDE/plugins/com.st.stm32cube.ide.mcu.externaltools.gnu-tools-for-stm32.12.3.rel1.win32_1.0.200.202406191623/tools/bin/../lib/gcc/arm-none-eabi/12.3.1/thumb/v7e-m+dp/hard/crtbegin.o
                0x24000010                        . = ALIGN (0x4)

.bss            0x24000010      0x2ec load address 0x08008cdc
                0x24000010                        _sbss = .
                0x24000010                        __bss_start__ = _sbss
 *(.bss)
 .bss           0x24000010       0x1c C:/ST/STM32CubeIDE_1.16.1/STM32CubeIDE/plugins/com.st.stm32cube.ide.mcu.externaltools.gnu-tools-for-stm32.12.3.rel1.win32_1.0.200.202406191623/tools/bin/../lib/gcc/arm-none-eabi/12.3.1/thumb/v7e-m+dp/hard/crtbegin.o
 *(.bss*)
 .bss.hxspi2    0x2400002c       0x60 ./Core/Src/main.o
                0x2400002c                hxspi2
 .bss.hsdram2   0x2400008c       0x34 ./Core/Src/main.o
                0x2400008c                hsdram2
 .bss.FMC_Initialized
                0x240000c0        0x4 ./Core/Src/stm32h7rsxx_hal_msp.o
 .bss.uwTick    0x240000c4        0x4 ./Drivers/STM32H7RSxx_HAL_Driver/stm32h7rsxx_hal.o
                0x240000c4                uwTick
 .bss.extmem_list_config
                0x240000c8       0xac ./Middlewares/ST/STM32_ExtMem_Manager/stm32_extmem.o
                0x240000c8                extmem_list_config
 .bss.sfdp_param_info
                0x24000174       0x78 ./Middlewares/ST/STM32_ExtMem_Manager/stm32_sfdp_data.o
 .bss.JEDEC_Basic
                0x240001ec       0x60 ./Middlewares/ST/STM32_ExtMem_Manager/stm32_sfdp_data.o
 .bss.JEDEC_Address4Bit
                0x2400024c        0x8 ./Middlewares/ST/STM32_ExtMem_Manager/stm32_sfdp_data.o
 .bss.JEDEC_XSPI10
                0x24000254       0x18 ./Middlewares/ST/STM32_ExtMem_Manager/stm32_sfdp_data.o
 .bss.JEDEC_SCCR_Map
                0x2400026c       0x70 ./Middlewares/ST/STM32_ExtMem_Manager/stm32_sfdp_data.o
 .bss.JEDEC_OctalDdr
                0x240002dc       0x20 ./Middlewares/ST/STM32_ExtMem_Manager/stm32_sfdp_data.o
 *(COMMON)
                0x240002fc                        . = ALIGN (0x4)
                0x240002fc                        _ebss = .
                0x240002fc                        __bss_end__ = _ebss

RW_NONCACHEABLE
                0x24071c00        0x0
                0x24071c00                        __NONCACHEABLEBUFFER_BEGIN = .
 *(noncacheable_buffer)
                0x24071c00                        __NONCACHEABLEBUFFER_END = .

._user_heap_stack
                0x20000000      0x600
                0x20000000                        . = ALIGN (0x8)
                [!provide]                        PROVIDE (end = .)
                0x20000000                        PROVIDE (_end = .)
                0x20000200                        . = (. + _Min_Heap_Size)
 *fill*         0x20000000      0x200 
                0x20000600                        . = (. + _Min_Stack_Size)
 *fill*         0x20000200      0x400 
                0x20000600                        . = ALIGN (0x8)

/DISCARD/
 libc.a(*)
 libm.a(*)
 libgcc.a(*)

.ARM.attributes
                0x00000000       0x2e
 *(.ARM.attributes)
 .ARM.attributes
                0x00000000       0x20 C:/ST/STM32CubeIDE_1.16.1/STM32CubeIDE/plugins/com.st.stm32cube.ide.mcu.externaltools.gnu-tools-for-stm32.12.3.rel1.win32_1.0.200.202406191623/tools/bin/../lib/gcc/arm-none-eabi/12.3.1/thumb/v7e-m+dp/hard/crti.o
 .ARM.attributes
                0x00000020       0x32 C:/ST/STM32CubeIDE_1.16.1/STM32CubeIDE/plugins/com.st.stm32cube.ide.mcu.externaltools.gnu-tools-for-stm32.12.3.rel1.win32_1.0.200.202406191623/tools/bin/../lib/gcc/arm-none-eabi/12.3.1/thumb/v7e-m+dp/hard/crtbegin.o
 .ARM.attributes
                0x00000052       0x32 ./Core/Src/extmem_manager.o
 .ARM.attributes
                0x00000084       0x32 ./Core/Src/main.o
 .ARM.attributes
                0x000000b6       0x32 ./Core/Src/stm32h7rsxx_hal_msp.o
 .ARM.attributes
                0x000000e8       0x32 ./Core/Src/stm32h7rsxx_it.o
 .ARM.attributes
                0x0000011a       0x32 ./Core/Src/system_stm32h7rsxx.o
 .ARM.attributes
                0x0000014c       0x21 ./Core/Startup/startup_stm32h7s3l8hx.o
 .ARM.attributes
                0x0000016d       0x32 ./Drivers/STM32H7RSxx_HAL_Driver/stm32h7rsxx_hal.o
 .ARM.attributes
                0x0000019f       0x32 ./Drivers/STM32H7RSxx_HAL_Driver/stm32h7rsxx_hal_cortex.o
 .ARM.attributes
                0x000001d1       0x32 ./Drivers/STM32H7RSxx_HAL_Driver/stm32h7rsxx_hal_dma.o
 .ARM.attributes
                0x00000203       0x32 ./Drivers/STM32H7RSxx_HAL_Driver/stm32h7rsxx_hal_gpio.o
 .ARM.attributes
                0x00000235       0x32 ./Drivers/STM32H7RSxx_HAL_Driver/stm32h7rsxx_hal_pwr_ex.o
 .ARM.attributes
                0x00000267       0x32 ./Drivers/STM32H7RSxx_HAL_Driver/stm32h7rsxx_hal_rcc.o
 .ARM.attributes
                0x00000299       0x32 ./Drivers/STM32H7RSxx_HAL_Driver/stm32h7rsxx_hal_rcc_ex.o
 .ARM.attributes
                0x000002cb       0x32 ./Drivers/STM32H7RSxx_HAL_Driver/stm32h7rsxx_hal_sdram.o
 .ARM.attributes
                0x000002fd       0x32 ./Drivers/STM32H7RSxx_HAL_Driver/stm32h7rsxx_hal_xspi.o
 .ARM.attributes
                0x0000032f       0x32 ./Drivers/STM32H7RSxx_HAL_Driver/stm32h7rsxx_ll_fmc.o
 .ARM.attributes
                0x00000361       0x32 ./Middlewares/ST/STM32_ExtMem_Manager/stm32_boot_xip.o
 .ARM.attributes
                0x00000393       0x32 ./Middlewares/ST/STM32_ExtMem_Manager/stm32_extmem.o
 .ARM.attributes
                0x000003c5       0x32 ./Middlewares/ST/STM32_ExtMem_Manager/stm32_sal_xspi.o
 .ARM.attributes
                0x000003f7       0x32 ./Middlewares/ST/STM32_ExtMem_Manager/stm32_sfdp_data.o
 .ARM.attributes
                0x00000429       0x32 ./Middlewares/ST/STM32_ExtMem_Manager/stm32_sfdp_driver.o
 .ARM.attributes
                0x0000045b       0x32 C:/ST/STM32CubeIDE_1.16.1/STM32CubeIDE/plugins/com.st.stm32cube.ide.mcu.externaltools.gnu-tools-for-stm32.12.3.rel1.win32_1.0.200.202406191623/tools/bin/../lib/gcc/arm-none-eabi/12.3.1/../../../../arm-none-eabi/lib/thumb/v7e-m+dp/hard\libc_nano.a(libc_a-memset.o)
 .ARM.attributes
                0x0000048d       0x32 C:/ST/STM32CubeIDE_1.16.1/STM32CubeIDE/plugins/com.st.stm32cube.ide.mcu.externaltools.gnu-tools-for-stm32.12.3.rel1.win32_1.0.200.202406191623/tools/bin/../lib/gcc/arm-none-eabi/12.3.1/../../../../arm-none-eabi/lib/thumb/v7e-m+dp/hard\libc_nano.a(libc_a-init.o)
 .ARM.attributes
                0x000004bf       0x32 C:/ST/STM32CubeIDE_1.16.1/STM32CubeIDE/plugins/com.st.stm32cube.ide.mcu.externaltools.gnu-tools-for-stm32.12.3.rel1.win32_1.0.200.202406191623/tools/bin/../lib/gcc/arm-none-eabi/12.3.1/../../../../arm-none-eabi/lib/thumb/v7e-m+dp/hard\libc_nano.a(libc_a-memcpy-stub.o)
 .ARM.attributes
                0x000004f1       0x20 C:/ST/STM32CubeIDE_1.16.1/STM32CubeIDE/plugins/com.st.stm32cube.ide.mcu.externaltools.gnu-tools-for-stm32.12.3.rel1.win32_1.0.200.202406191623/tools/bin/../lib/gcc/arm-none-eabi/12.3.1/thumb/v7e-m+dp/hard/crtn.o
OUTPUT(sdram_interfacin_Boot.elf elf32-littlearm)
LOAD linker stubs
LOAD C:/ST/STM32CubeIDE_1.16.1/STM32CubeIDE/plugins/com.st.stm32cube.ide.mcu.externaltools.gnu-tools-for-stm32.12.3.rel1.win32_1.0.200.202406191623/tools/bin/../lib/gcc/arm-none-eabi/12.3.1/../../../../arm-none-eabi/lib/thumb/v7e-m+dp/hard\libc.a
LOAD C:/ST/STM32CubeIDE_1.16.1/STM32CubeIDE/plugins/com.st.stm32cube.ide.mcu.externaltools.gnu-tools-for-stm32.12.3.rel1.win32_1.0.200.202406191623/tools/bin/../lib/gcc/arm-none-eabi/12.3.1/../../../../arm-none-eabi/lib/thumb/v7e-m+dp/hard\libm.a
LOAD C:/ST/STM32CubeIDE_1.16.1/STM32CubeIDE/plugins/com.st.stm32cube.ide.mcu.externaltools.gnu-tools-for-stm32.12.3.rel1.win32_1.0.200.202406191623/tools/bin/../lib/gcc/arm-none-eabi/12.3.1/thumb/v7e-m+dp/hard\libgcc.a

.debug_info     0x00000000    0x17563
 .debug_info    0x00000000      0xf97 ./Core/Src/extmem_manager.o
 .debug_info    0x00000f97     0x1ca1 ./Core/Src/main.o
 .debug_info    0x00002c38     0x16ab ./Core/Src/stm32h7rsxx_hal_msp.o
 .debug_info    0x000042e3      0x128 ./Core/Src/stm32h7rsxx_it.o
 .debug_info    0x0000440b      0x9bd ./Core/Src/system_stm32h7rsxx.o
 .debug_info    0x00004dc8       0x30 ./Core/Startup/startup_stm32h7s3l8hx.o
 .debug_info    0x00004df8     0x18a1 ./Drivers/STM32H7RSxx_HAL_Driver/stm32h7rsxx_hal.o
 .debug_info    0x00006699     0x1103 ./Drivers/STM32H7RSxx_HAL_Driver/stm32h7rsxx_hal_cortex.o
 .debug_info    0x0000779c      0xafb ./Drivers/STM32H7RSxx_HAL_Driver/stm32h7rsxx_hal_dma.o
 .debug_info    0x00008297      0x702 ./Drivers/STM32H7RSxx_HAL_Driver/stm32h7rsxx_hal_gpio.o
 .debug_info    0x00008999      0xb87 ./Drivers/STM32H7RSxx_HAL_Driver/stm32h7rsxx_hal_pwr_ex.o
 .debug_info    0x00009520     0x1464 ./Drivers/STM32H7RSxx_HAL_Driver/stm32h7rsxx_hal_rcc.o
 .debug_info    0x0000a984      0xd71 ./Drivers/STM32H7RSxx_HAL_Driver/stm32h7rsxx_hal_rcc_ex.o
 .debug_info    0x0000b6f5     0x1153 ./Drivers/STM32H7RSxx_HAL_Driver/stm32h7rsxx_hal_sdram.o
 .debug_info    0x0000c848     0x1bec ./Drivers/STM32H7RSxx_HAL_Driver/stm32h7rsxx_hal_xspi.o
 .debug_info    0x0000e434      0xbe3 ./Drivers/STM32H7RSxx_HAL_Driver/stm32h7rsxx_ll_fmc.o
 .debug_info    0x0000f017      0x78b ./Middlewares/ST/STM32_ExtMem_Manager/stm32_boot_xip.o
 .debug_info    0x0000f7a2     0x14d7 ./Middlewares/ST/STM32_ExtMem_Manager/stm32_extmem.o
 .debug_info    0x00010c79     0x160d ./Middlewares/ST/STM32_ExtMem_Manager/stm32_sal_xspi.o
 .debug_info    0x00012286     0x3b52 ./Middlewares/ST/STM32_ExtMem_Manager/stm32_sfdp_data.o
 .debug_info    0x00015dd8     0x178b ./Middlewares/ST/STM32_ExtMem_Manager/stm32_sfdp_driver.o

.debug_abbrev   0x00000000     0x2e6d
 .debug_abbrev  0x00000000      0x1df ./Core/Src/extmem_manager.o
 .debug_abbrev  0x000001df      0x3c1 ./Core/Src/main.o
 .debug_abbrev  0x000005a0      0x28a ./Core/Src/stm32h7rsxx_hal_msp.o
 .debug_abbrev  0x0000082a       0x73 ./Core/Src/stm32h7rsxx_it.o
 .debug_abbrev  0x0000089d      0x12e ./Core/Src/system_stm32h7rsxx.o
 .debug_abbrev  0x000009cb       0x24 ./Core/Startup/startup_stm32h7s3l8hx.o
 .debug_abbrev  0x000009ef      0x34a ./Drivers/STM32H7RSxx_HAL_Driver/stm32h7rsxx_hal.o
 .debug_abbrev  0x00000d39      0x31f ./Drivers/STM32H7RSxx_HAL_Driver/stm32h7rsxx_hal_cortex.o
 .debug_abbrev  0x00001058      0x1dd ./Drivers/STM32H7RSxx_HAL_Driver/stm32h7rsxx_hal_dma.o
 .debug_abbrev  0x00001235      0x1ec ./Drivers/STM32H7RSxx_HAL_Driver/stm32h7rsxx_hal_gpio.o
 .debug_abbrev  0x00001421      0x250 ./Drivers/STM32H7RSxx_HAL_Driver/stm32h7rsxx_hal_pwr_ex.o
 .debug_abbrev  0x00001671      0x2df ./Drivers/STM32H7RSxx_HAL_Driver/stm32h7rsxx_hal_rcc.o
 .debug_abbrev  0x00001950      0x24f ./Drivers/STM32H7RSxx_HAL_Driver/stm32h7rsxx_hal_rcc_ex.o
 .debug_abbrev  0x00001b9f      0x20d ./Drivers/STM32H7RSxx_HAL_Driver/stm32h7rsxx_hal_sdram.o
 .debug_abbrev  0x00001dac      0x2af ./Drivers/STM32H7RSxx_HAL_Driver/stm32h7rsxx_hal_xspi.o
 .debug_abbrev  0x0000205b      0x1ac ./Drivers/STM32H7RSxx_HAL_Driver/stm32h7rsxx_ll_fmc.o
 .debug_abbrev  0x00002207      0x231 ./Middlewares/ST/STM32_ExtMem_Manager/stm32_boot_xip.o
 .debug_abbrev  0x00002438      0x28a ./Middlewares/ST/STM32_ExtMem_Manager/stm32_extmem.o
 .debug_abbrev  0x000026c2      0x269 ./Middlewares/ST/STM32_ExtMem_Manager/stm32_sal_xspi.o
 .debug_abbrev  0x0000292b      0x2bd ./Middlewares/ST/STM32_ExtMem_Manager/stm32_sfdp_data.o
 .debug_abbrev  0x00002be8      0x285 ./Middlewares/ST/STM32_ExtMem_Manager/stm32_sfdp_driver.o

.debug_aranges  0x00000000      0xf40
 .debug_aranges
                0x00000000       0x20 ./Core/Src/extmem_manager.o
 .debug_aranges
                0x00000020       0x60 ./Core/Src/main.o
 .debug_aranges
                0x00000080       0x50 ./Core/Src/stm32h7rsxx_hal_msp.o
 .debug_aranges
                0x000000d0       0x60 ./Core/Src/stm32h7rsxx_it.o
 .debug_aranges
                0x00000130       0x28 ./Core/Src/system_stm32h7rsxx.o
 .debug_aranges
                0x00000158       0x28 ./Core/Startup/startup_stm32h7s3l8hx.o
 .debug_aranges
                0x00000180      0x240 ./Drivers/STM32H7RSxx_HAL_Driver/stm32h7rsxx_hal.o
 .debug_aranges
                0x000003c0      0x130 ./Drivers/STM32H7RSxx_HAL_Driver/stm32h7rsxx_hal_cortex.o
 .debug_aranges
                0x000004f0       0xa8 ./Drivers/STM32H7RSxx_HAL_Driver/stm32h7rsxx_hal_dma.o
 .debug_aranges
                0x00000598       0x60 ./Drivers/STM32H7RSxx_HAL_Driver/stm32h7rsxx_hal_gpio.o
 .debug_aranges
                0x000005f8      0x1c8 ./Drivers/STM32H7RSxx_HAL_Driver/stm32h7rsxx_hal_pwr_ex.o
 .debug_aranges
                0x000007c0      0x130 ./Drivers/STM32H7RSxx_HAL_Driver/stm32h7rsxx_hal_rcc.o
 .debug_aranges
                0x000008f0       0xc8 ./Drivers/STM32H7RSxx_HAL_Driver/stm32h7rsxx_hal_rcc_ex.o
 .debug_aranges
                0x000009b8       0xe8 ./Drivers/STM32H7RSxx_HAL_Driver/stm32h7rsxx_hal_sdram.o
 .debug_aranges
                0x00000aa0      0x198 ./Drivers/STM32H7RSxx_HAL_Driver/stm32h7rsxx_hal_xspi.o
 .debug_aranges
                0x00000c38       0xc8 ./Drivers/STM32H7RSxx_HAL_Driver/stm32h7rsxx_ll_fmc.o
 .debug_aranges
                0x00000d00       0x30 ./Middlewares/ST/STM32_ExtMem_Manager/stm32_boot_xip.o
 .debug_aranges
                0x00000d30       0x68 ./Middlewares/ST/STM32_ExtMem_Manager/stm32_extmem.o
 .debug_aranges
                0x00000d98       0xb0 ./Middlewares/ST/STM32_ExtMem_Manager/stm32_sal_xspi.o
 .debug_aranges
                0x00000e48       0x80 ./Middlewares/ST/STM32_ExtMem_Manager/stm32_sfdp_data.o
 .debug_aranges
                0x00000ec8       0x78 ./Middlewares/ST/STM32_ExtMem_Manager/stm32_sfdp_driver.o

.debug_rnglists
                0x00000000      0xb79
 .debug_rnglists
                0x00000000       0x13 ./Core/Src/extmem_manager.o
 .debug_rnglists
                0x00000013       0x49 ./Core/Src/main.o
 .debug_rnglists
                0x0000005c       0x3b ./Core/Src/stm32h7rsxx_hal_msp.o
 .debug_rnglists
                0x00000097       0x43 ./Core/Src/stm32h7rsxx_it.o
 .debug_rnglists
                0x000000da       0x1a ./Core/Src/system_stm32h7rsxx.o
 .debug_rnglists
                0x000000f4       0x19 ./Core/Startup/startup_stm32h7s3l8hx.o
 .debug_rnglists
                0x0000010d      0x1ae ./Drivers/STM32H7RSxx_HAL_Driver/stm32h7rsxx_hal.o
 .debug_rnglists
                0x000002bb       0xe0 ./Drivers/STM32H7RSxx_HAL_Driver/stm32h7rsxx_hal_cortex.o
 .debug_rnglists
                0x0000039b       0x84 ./Drivers/STM32H7RSxx_HAL_Driver/stm32h7rsxx_hal_dma.o
 .debug_rnglists
                0x0000041f       0x45 ./Drivers/STM32H7RSxx_HAL_Driver/stm32h7rsxx_hal_gpio.o
 .debug_rnglists
                0x00000464      0x154 ./Drivers/STM32H7RSxx_HAL_Driver/stm32h7rsxx_hal_pwr_ex.o
 .debug_rnglists
                0x000005b8       0xea ./Drivers/STM32H7RSxx_HAL_Driver/stm32h7rsxx_hal_rcc.o
 .debug_rnglists
                0x000006a2       0x98 ./Drivers/STM32H7RSxx_HAL_Driver/stm32h7rsxx_hal_rcc_ex.o
 .debug_rnglists
                0x0000073a       0xb1 ./Drivers/STM32H7RSxx_HAL_Driver/stm32h7rsxx_hal_sdram.o
 .debug_rnglists
                0x000007eb      0x143 ./Drivers/STM32H7RSxx_HAL_Driver/stm32h7rsxx_hal_xspi.o
 .debug_rnglists
                0x0000092e       0x95 ./Drivers/STM32H7RSxx_HAL_Driver/stm32h7rsxx_ll_fmc.o
 .debug_rnglists
                0x000009c3       0x20 ./Middlewares/ST/STM32_ExtMem_Manager/stm32_boot_xip.o
 .debug_rnglists
                0x000009e3       0x4e ./Middlewares/ST/STM32_ExtMem_Manager/stm32_extmem.o
 .debug_rnglists
                0x00000a31       0x8a ./Middlewares/ST/STM32_ExtMem_Manager/stm32_sal_xspi.o
 .debug_rnglists
                0x00000abb       0x63 ./Middlewares/ST/STM32_ExtMem_Manager/stm32_sfdp_data.o
 .debug_rnglists
                0x00000b1e       0x5b ./Middlewares/ST/STM32_ExtMem_Manager/stm32_sfdp_driver.o

.debug_macro    0x00000000    0x31a0c
 .debug_macro   0x00000000      0x306 ./Core/Src/extmem_manager.o
 .debug_macro   0x00000306      0xacc ./Core/Src/extmem_manager.o
 .debug_macro   0x00000dd2       0x2e ./Core/Src/extmem_manager.o
 .debug_macro   0x00000e00      0x1a7 ./Core/Src/extmem_manager.o
 .debug_macro   0x00000fa7       0x2e ./Core/Src/extmem_manager.o
 .debug_macro   0x00000fd5       0x42 ./Core/Src/extmem_manager.o
 .debug_macro   0x00001017       0x22 ./Core/Src/extmem_manager.o
 .debug_macro   0x00001039       0x8e ./Core/Src/extmem_manager.o
 .debug_macro   0x000010c7       0x51 ./Core/Src/extmem_manager.o
 .debug_macro   0x00001118      0x103 ./Core/Src/extmem_manager.o
 .debug_macro   0x0000121b       0x6a ./Core/Src/extmem_manager.o
 .debug_macro   0x00001285      0x1df ./Core/Src/extmem_manager.o
 .debug_macro   0x00001464       0x1c ./Core/Src/extmem_manager.o
 .debug_macro   0x00001480       0x22 ./Core/Src/extmem_manager.o
 .debug_macro   0x000014a2       0xfb ./Core/Src/extmem_manager.o
 .debug_macro   0x0000159d     0x1313 ./Core/Src/extmem_manager.o
 .debug_macro   0x000028b0      0x11f ./Core/Src/extmem_manager.o
 .debug_macro   0x000029cf       0x22 ./Core/Src/extmem_manager.o
 .debug_macro   0x000029f1    0x2146c ./Core/Src/extmem_manager.o
 .debug_macro   0x00023e5d       0x6d ./Core/Src/extmem_manager.o
 .debug_macro   0x00023eca     0x346a ./Core/Src/extmem_manager.o
 .debug_macro   0x00027334       0x61 ./Core/Src/extmem_manager.o
 .debug_macro   0x00027395       0x29 ./Core/Src/extmem_manager.o
 .debug_macro   0x000273be       0x43 ./Core/Src/extmem_manager.o
 .debug_macro   0x00027401       0x34 ./Core/Src/extmem_manager.o
 .debug_macro   0x00027435      0x189 ./Core/Src/extmem_manager.o
 .debug_macro   0x000275be       0x16 ./Core/Src/extmem_manager.o
 .debug_macro   0x000275d4       0x43 ./Core/Src/extmem_manager.o
 .debug_macro   0x00027617       0x34 ./Core/Src/extmem_manager.o
 .debug_macro   0x0002764b       0x10 ./Core/Src/extmem_manager.o
 .debug_macro   0x0002765b       0x58 ./Core/Src/extmem_manager.o
 .debug_macro   0x000276b3       0x8e ./Core/Src/extmem_manager.o
 .debug_macro   0x00027741       0x1c ./Core/Src/extmem_manager.o
 .debug_macro   0x0002775d      0x177 ./Core/Src/extmem_manager.o
 .debug_macro   0x000278d4      0x369 ./Core/Src/extmem_manager.o
 .debug_macro   0x00027c3d      0x19b ./Core/Src/extmem_manager.o
 .debug_macro   0x00027dd8       0x64 ./Core/Src/extmem_manager.o
 .debug_macro   0x00027e3c      0xab5 ./Core/Src/extmem_manager.o
 .debug_macro   0x000288f1     0x1f68 ./Core/Src/extmem_manager.o
 .debug_macro   0x0002a859      0x93a ./Core/Src/extmem_manager.o
 .debug_macro   0x0002b193      0x170 ./Core/Src/extmem_manager.o
 .debug_macro   0x0002b303      0x1ba ./Core/Src/extmem_manager.o
 .debug_macro   0x0002b4bd      0x2e8 ./Core/Src/extmem_manager.o
 .debug_macro   0x0002b7a5      0x590 ./Core/Src/extmem_manager.o
 .debug_macro   0x0002bd35      0x52e ./Core/Src/extmem_manager.o
 .debug_macro   0x0002c263       0xba ./Core/Src/extmem_manager.o
 .debug_macro   0x0002c31d      0x27c ./Core/Src/extmem_manager.o
 .debug_macro   0x0002c599      0x2c0 ./Core/Src/extmem_manager.o
 .debug_macro   0x0002c859      0x3fb ./Core/Src/extmem_manager.o
 .debug_macro   0x0002cc54       0xb0 ./Core/Src/extmem_manager.o
 .debug_macro   0x0002cd04      0x11c ./Core/Src/extmem_manager.o
 .debug_macro   0x0002ce20      0x210 ./Core/Src/extmem_manager.o
 .debug_macro   0x0002d030      0x2a0 ./Core/Src/extmem_manager.o
 .debug_macro   0x0002d2d0       0x3c ./Core/Src/extmem_manager.o
 .debug_macro   0x0002d30c      0x512 ./Core/Src/extmem_manager.o
 .debug_macro   0x0002d81e      0x6e0 ./Core/Src/extmem_manager.o
 .debug_macro   0x0002defe      0x587 ./Core/Src/extmem_manager.o
 .debug_macro   0x0002e485       0x10 ./Core/Src/extmem_manager.o
 .debug_macro   0x0002e495       0x22 ./Core/Src/extmem_manager.o
 .debug_macro   0x0002e4b7       0x16 ./Core/Src/extmem_manager.o
 .debug_macro   0x0002e4cd       0x35 ./Core/Src/extmem_manager.o
 .debug_macro   0x0002e502       0x20 ./Core/Src/extmem_manager.o
 .debug_macro   0x0002e522      0x2ec ./Core/Src/main.o
 .debug_macro   0x0002e80e      0x291 ./Core/Src/stm32h7rsxx_hal_msp.o
 .debug_macro   0x0002ea9f      0x29b ./Core/Src/stm32h7rsxx_it.o
 .debug_macro   0x0002ed3a      0x28d ./Core/Src/system_stm32h7rsxx.o
 .debug_macro   0x0002efc7      0x2c9 ./Drivers/STM32H7RSxx_HAL_Driver/stm32h7rsxx_hal.o
 .debug_macro   0x0002f290      0x287 ./Drivers/STM32H7RSxx_HAL_Driver/stm32h7rsxx_hal_cortex.o
 .debug_macro   0x0002f517      0x288 ./Drivers/STM32H7RSxx_HAL_Driver/stm32h7rsxx_hal_dma.o
 .debug_macro   0x0002f79f      0x28e ./Drivers/STM32H7RSxx_HAL_Driver/stm32h7rsxx_hal_gpio.o
 .debug_macro   0x0002fa2d      0x2c0 ./Drivers/STM32H7RSxx_HAL_Driver/stm32h7rsxx_hal_pwr_ex.o
 .debug_macro   0x0002fced      0x2ed ./Drivers/STM32H7RSxx_HAL_Driver/stm32h7rsxx_hal_rcc.o
 .debug_macro   0x0002ffda      0x287 ./Drivers/STM32H7RSxx_HAL_Driver/stm32h7rsxx_hal_rcc_ex.o
 .debug_macro   0x00030261      0x287 ./Drivers/STM32H7RSxx_HAL_Driver/stm32h7rsxx_hal_sdram.o
 .debug_macro   0x000304e8      0x2ce ./Drivers/STM32H7RSxx_HAL_Driver/stm32h7rsxx_hal_xspi.o
 .debug_macro   0x000307b6      0x2b2 ./Drivers/STM32H7RSxx_HAL_Driver/stm32h7rsxx_ll_fmc.o
 .debug_macro   0x00030a68      0x2dc ./Middlewares/ST/STM32_ExtMem_Manager/stm32_boot_xip.o
 .debug_macro   0x00030d44      0x2f9 ./Middlewares/ST/STM32_ExtMem_Manager/stm32_extmem.o
 .debug_macro   0x0003103d      0x30b ./Middlewares/ST/STM32_ExtMem_Manager/stm32_sal_xspi.o
 .debug_macro   0x00031348      0x376 ./Middlewares/ST/STM32_ExtMem_Manager/stm32_sfdp_data.o
 .debug_macro   0x000316be      0x34e ./Middlewares/ST/STM32_ExtMem_Manager/stm32_sfdp_driver.o

.debug_line     0x00000000    0x14a9e
 .debug_line    0x00000000      0xa53 ./Core/Src/extmem_manager.o
 .debug_line    0x00000a53      0xd3d ./Core/Src/main.o
 .debug_line    0x00001790      0xa7c ./Core/Src/stm32h7rsxx_hal_msp.o
 .debug_line    0x0000220c      0x992 ./Core/Src/stm32h7rsxx_it.o
 .debug_line    0x00002b9e      0x9d3 ./Core/Src/system_stm32h7rsxx.o
 .debug_line    0x00003571       0x7b ./Core/Startup/startup_stm32h7s3l8hx.o
 .debug_line    0x000035ec     0x115f ./Drivers/STM32H7RSxx_HAL_Driver/stm32h7rsxx_hal.o
 .debug_line    0x0000474b      0xf18 ./Drivers/STM32H7RSxx_HAL_Driver/stm32h7rsxx_hal_cortex.o
 .debug_line    0x00005663     0x13b4 ./Drivers/STM32H7RSxx_HAL_Driver/stm32h7rsxx_hal_dma.o
 .debug_line    0x00006a17      0xcbe ./Drivers/STM32H7RSxx_HAL_Driver/stm32h7rsxx_hal_gpio.o
 .debug_line    0x000076d5     0x10c0 ./Drivers/STM32H7RSxx_HAL_Driver/stm32h7rsxx_hal_pwr_ex.o
 .debug_line    0x00008795     0x1872 ./Drivers/STM32H7RSxx_HAL_Driver/stm32h7rsxx_hal_rcc.o
 .debug_line    0x0000a007     0x1d33 ./Drivers/STM32H7RSxx_HAL_Driver/stm32h7rsxx_hal_rcc_ex.o
 .debug_line    0x0000bd3a     0x1147 ./Drivers/STM32H7RSxx_HAL_Driver/stm32h7rsxx_hal_sdram.o
 .debug_line    0x0000ce81     0x1b70 ./Drivers/STM32H7RSxx_HAL_Driver/stm32h7rsxx_hal_xspi.o
 .debug_line    0x0000e9f1      0xd19 ./Drivers/STM32H7RSxx_HAL_Driver/stm32h7rsxx_ll_fmc.o
 .debug_line    0x0000f70a      0xc0b ./Middlewares/ST/STM32_ExtMem_Manager/stm32_boot_xip.o
 .debug_line    0x00010315      0xe2d ./Middlewares/ST/STM32_ExtMem_Manager/stm32_extmem.o
 .debug_line    0x00011142      0xfec ./Middlewares/ST/STM32_ExtMem_Manager/stm32_sal_xspi.o
 .debug_line    0x0001212e     0x190f ./Middlewares/ST/STM32_ExtMem_Manager/stm32_sfdp_data.o
 .debug_line    0x00013a3d     0x1061 ./Middlewares/ST/STM32_ExtMem_Manager/stm32_sfdp_driver.o

.debug_str      0x00000000   0x1388d7
 .debug_str     0x00000000   0x12f8c9 ./Core/Src/extmem_manager.o
                             0x12fdbb (size before relaxing)
 .debug_str     0x0012f8c9      0xad7 ./Core/Src/main.o
                             0x130112 (size before relaxing)
 .debug_str     0x001303a0      0x4e3 ./Core/Src/stm32h7rsxx_hal_msp.o
                             0x12fd07 (size before relaxing)
 .debug_str     0x00130883       0xcd ./Core/Src/stm32h7rsxx_it.o
                             0x12ed7b (size before relaxing)
 .debug_str     0x00130950       0xcf ./Core/Src/system_stm32h7rsxx.o
                             0x12f133 (size before relaxing)
 .debug_str     0x00130a1f       0x44 ./Core/Startup/startup_stm32h7s3l8hx.o
                                 0xa2 (size before relaxing)
 .debug_str     0x00130a63     0x146b ./Drivers/STM32H7RSxx_HAL_Driver/stm32h7rsxx_hal.o
                             0x130616 (size before relaxing)
 .debug_str     0x00131ece      0x32c ./Drivers/STM32H7RSxx_HAL_Driver/stm32h7rsxx_hal_cortex.o
                             0x12fc18 (size before relaxing)
 .debug_str     0x001321fa      0x3b7 ./Drivers/STM32H7RSxx_HAL_Driver/stm32h7rsxx_hal_dma.o
                             0x12f49f (size before relaxing)
 .debug_str     0x001325b1      0x1f1 ./Drivers/STM32H7RSxx_HAL_Driver/stm32h7rsxx_hal_gpio.o
                             0x12f037 (size before relaxing)
 .debug_str     0x001327a2      0x809 ./Drivers/STM32H7RSxx_HAL_Driver/stm32h7rsxx_hal_pwr_ex.o
                             0x12f6f5 (size before relaxing)
 .debug_str     0x00132fab      0x855 ./Drivers/STM32H7RSxx_HAL_Driver/stm32h7rsxx_hal_rcc.o
                             0x12faed (size before relaxing)
 .debug_str     0x00133800      0x3b3 ./Drivers/STM32H7RSxx_HAL_Driver/stm32h7rsxx_hal_rcc_ex.o
                             0x12f89d (size before relaxing)
 .debug_str     0x00133bb3      0x3c3 ./Drivers/STM32H7RSxx_HAL_Driver/stm32h7rsxx_hal_sdram.o
                             0x12f7b8 (size before relaxing)
 .debug_str     0x00133f76      0x8ab ./Drivers/STM32H7RSxx_HAL_Driver/stm32h7rsxx_hal_xspi.o
                             0x12fe46 (size before relaxing)
 .debug_str     0x00134821      0x78c ./Drivers/STM32H7RSxx_HAL_Driver/stm32h7rsxx_ll_fmc.o
                             0x12f7d5 (size before relaxing)
 .debug_str     0x00134fad      0x1df ./Middlewares/ST/STM32_ExtMem_Manager/stm32_boot_xip.o
                             0x12f463 (size before relaxing)
 .debug_str     0x0013518c      0x6aa ./Middlewares/ST/STM32_ExtMem_Manager/stm32_extmem.o
                             0x1303c9 (size before relaxing)
 .debug_str     0x00135836      0x44b ./Middlewares/ST/STM32_ExtMem_Manager/stm32_sal_xspi.o
                             0x12fdfd (size before relaxing)
 .debug_str     0x00135c81     0x2a4d ./Middlewares/ST/STM32_ExtMem_Manager/stm32_sfdp_data.o
                             0x132c16 (size before relaxing)
 .debug_str     0x001386ce      0x209 ./Middlewares/ST/STM32_ExtMem_Manager/stm32_sfdp_driver.o
                             0x13073a (size before relaxing)

.comment        0x00000000       0x43
 .comment       0x00000000       0x43 ./Core/Src/extmem_manager.o
                                 0x44 (size before relaxing)
 .comment       0x00000043       0x44 ./Core/Src/main.o
 .comment       0x00000043       0x44 ./Core/Src/stm32h7rsxx_hal_msp.o
 .comment       0x00000043       0x44 ./Core/Src/stm32h7rsxx_it.o
 .comment       0x00000043       0x44 ./Core/Src/system_stm32h7rsxx.o
 .comment       0x00000043       0x44 ./Drivers/STM32H7RSxx_HAL_Driver/stm32h7rsxx_hal.o
 .comment       0x00000043       0x44 ./Drivers/STM32H7RSxx_HAL_Driver/stm32h7rsxx_hal_cortex.o
 .comment       0x00000043       0x44 ./Drivers/STM32H7RSxx_HAL_Driver/stm32h7rsxx_hal_dma.o
 .comment       0x00000043       0x44 ./Drivers/STM32H7RSxx_HAL_Driver/stm32h7rsxx_hal_gpio.o
 .comment       0x00000043       0x44 ./Drivers/STM32H7RSxx_HAL_Driver/stm32h7rsxx_hal_pwr_ex.o
 .comment       0x00000043       0x44 ./Drivers/STM32H7RSxx_HAL_Driver/stm32h7rsxx_hal_rcc.o
 .comment       0x00000043       0x44 ./Drivers/STM32H7RSxx_HAL_Driver/stm32h7rsxx_hal_rcc_ex.o
 .comment       0x00000043       0x44 ./Drivers/STM32H7RSxx_HAL_Driver/stm32h7rsxx_hal_sdram.o
 .comment       0x00000043       0x44 ./Drivers/STM32H7RSxx_HAL_Driver/stm32h7rsxx_hal_xspi.o
 .comment       0x00000043       0x44 ./Drivers/STM32H7RSxx_HAL_Driver/stm32h7rsxx_ll_fmc.o
 .comment       0x00000043       0x44 ./Middlewares/ST/STM32_ExtMem_Manager/stm32_boot_xip.o
 .comment       0x00000043       0x44 ./Middlewares/ST/STM32_ExtMem_Manager/stm32_extmem.o
 .comment       0x00000043       0x44 ./Middlewares/ST/STM32_ExtMem_Manager/stm32_sal_xspi.o
 .comment       0x00000043       0x44 ./Middlewares/ST/STM32_ExtMem_Manager/stm32_sfdp_data.o
 .comment       0x00000043       0x44 ./Middlewares/ST/STM32_ExtMem_Manager/stm32_sfdp_driver.o

.debug_frame    0x00000000     0x3e50
 .debug_frame   0x00000000       0x2c ./Core/Src/extmem_manager.o
 .debug_frame   0x0000002c      0x14c ./Core/Src/main.o
 .debug_frame   0x00000178      0x110 ./Core/Src/stm32h7rsxx_hal_msp.o
 .debug_frame   0x00000288      0x104 ./Core/Src/stm32h7rsxx_it.o
 .debug_frame   0x0000038c       0x58 ./Core/Src/system_stm32h7rsxx.o
 .debug_frame   0x000003e4      0x9a0 ./Drivers/STM32H7RSxx_HAL_Driver/stm32h7rsxx_hal.o
 .debug_frame   0x00000d84      0x508 ./Drivers/STM32H7RSxx_HAL_Driver/stm32h7rsxx_hal_cortex.o
 .debug_frame   0x0000128c      0x2c8 ./Drivers/STM32H7RSxx_HAL_Driver/stm32h7rsxx_hal_dma.o
 .debug_frame   0x00001554      0x174 ./Drivers/STM32H7RSxx_HAL_Driver/stm32h7rsxx_hal_gpio.o
 .debug_frame   0x000016c8      0x758 ./Drivers/STM32H7RSxx_HAL_Driver/stm32h7rsxx_hal_pwr_ex.o
 .debug_frame   0x00001e20      0x510 ./Drivers/STM32H7RSxx_HAL_Driver/stm32h7rsxx_hal_rcc.o
 .debug_frame   0x00002330      0x32c ./Drivers/STM32H7RSxx_HAL_Driver/stm32h7rsxx_hal_rcc_ex.o
 .debug_frame   0x0000265c      0x3e8 ./Drivers/STM32H7RSxx_HAL_Driver/stm32h7rsxx_hal_sdram.o
 .debug_frame   0x00002a44      0x770 ./Drivers/STM32H7RSxx_HAL_Driver/stm32h7rsxx_hal_xspi.o
 .debug_frame   0x000031b4      0x37c ./Drivers/STM32H7RSxx_HAL_Driver/stm32h7rsxx_ll_fmc.o
 .debug_frame   0x00003530       0x7c ./Middlewares/ST/STM32_ExtMem_Manager/stm32_boot_xip.o
 .debug_frame   0x000035ac      0x17c ./Middlewares/ST/STM32_ExtMem_Manager/stm32_extmem.o
 .debug_frame   0x00003728      0x2d0 ./Middlewares/ST/STM32_ExtMem_Manager/stm32_sal_xspi.o
 .debug_frame   0x000039f8      0x208 ./Middlewares/ST/STM32_ExtMem_Manager/stm32_sfdp_data.o
 .debug_frame   0x00003c00      0x1dc ./Middlewares/ST/STM32_ExtMem_Manager/stm32_sfdp_driver.o
 .debug_frame   0x00003ddc       0x20 C:/ST/STM32CubeIDE_1.16.1/STM32CubeIDE/plugins/com.st.stm32cube.ide.mcu.externaltools.gnu-tools-for-stm32.12.3.rel1.win32_1.0.200.202406191623/tools/bin/../lib/gcc/arm-none-eabi/12.3.1/../../../../arm-none-eabi/lib/thumb/v7e-m+dp/hard\libc_nano.a(libc_a-memset.o)
 .debug_frame   0x00003dfc       0x2c C:/ST/STM32CubeIDE_1.16.1/STM32CubeIDE/plugins/com.st.stm32cube.ide.mcu.externaltools.gnu-tools-for-stm32.12.3.rel1.win32_1.0.200.202406191623/tools/bin/../lib/gcc/arm-none-eabi/12.3.1/../../../../arm-none-eabi/lib/thumb/v7e-m+dp/hard\libc_nano.a(libc_a-init.o)
 .debug_frame   0x00003e28       0x28 C:/ST/STM32CubeIDE_1.16.1/STM32CubeIDE/plugins/com.st.stm32cube.ide.mcu.externaltools.gnu-tools-for-stm32.12.3.rel1.win32_1.0.200.202406191623/tools/bin/../lib/gcc/arm-none-eabi/12.3.1/../../../../arm-none-eabi/lib/thumb/v7e-m+dp/hard\libc_nano.a(libc_a-memcpy-stub.o)

.debug_line_str
                0x00000000       0x86
 .debug_line_str
                0x00000000       0x86 ./Core/Startup/startup_stm32h7s3l8hx.o
