Archive member included to satisfy reference by file (symbol)

C:/ST/STM32CubeIDE_1.16.1/STM32CubeIDE/plugins/com.st.stm32cube.ide.mcu.externaltools.gnu-tools-for-stm32.12.3.rel1.win32_1.0.200.202406191623/tools/bin/../lib/gcc/arm-none-eabi/12.3.1/../../../../arm-none-eabi/lib/thumb/v7e-m+dp/hard\libc_nano.a(libc_a-exit.o)
                              C:/ST/STM32CubeIDE_1.16.1/STM32CubeIDE/plugins/com.st.stm32cube.ide.mcu.externaltools.gnu-tools-for-stm32.12.3.rel1.win32_1.0.200.202406191623/tools/bin/../lib/gcc/arm-none-eabi/12.3.1/../../../../arm-none-eabi/lib/thumb/v7e-m+dp/hard/crt0.o (exit)
C:/ST/STM32CubeIDE_1.16.1/STM32CubeIDE/plugins/com.st.stm32cube.ide.mcu.externaltools.gnu-tools-for-stm32.12.3.rel1.win32_1.0.200.202406191623/tools/bin/../lib/gcc/arm-none-eabi/12.3.1/../../../../arm-none-eabi/lib/thumb/v7e-m+dp/hard\libc_nano.a(libc_a-findfp.o)
                              C:/ST/STM32CubeIDE_1.16.1/STM32CubeIDE/plugins/com.st.stm32cube.ide.mcu.externaltools.gnu-tools-for-stm32.12.3.rel1.win32_1.0.200.202406191623/tools/bin/../lib/gcc/arm-none-eabi/12.3.1/../../../../arm-none-eabi/lib/thumb/v7e-m+dp/hard\libc_nano.a(libc_a-exit.o) (__stdio_exit_handler)
C:/ST/STM32CubeIDE_1.16.1/STM32CubeIDE/plugins/com.st.stm32cube.ide.mcu.externaltools.gnu-tools-for-stm32.12.3.rel1.win32_1.0.200.202406191623/tools/bin/../lib/gcc/arm-none-eabi/12.3.1/../../../../arm-none-eabi/lib/thumb/v7e-m+dp/hard\libc_nano.a(libc_a-fwalk.o)
                              C:/ST/STM32CubeIDE_1.16.1/STM32CubeIDE/plugins/com.st.stm32cube.ide.mcu.externaltools.gnu-tools-for-stm32.12.3.rel1.win32_1.0.200.202406191623/tools/bin/../lib/gcc/arm-none-eabi/12.3.1/../../../../arm-none-eabi/lib/thumb/v7e-m+dp/hard\libc_nano.a(libc_a-findfp.o) (_fwalk_sglue)
C:/ST/STM32CubeIDE_1.16.1/STM32CubeIDE/plugins/com.st.stm32cube.ide.mcu.externaltools.gnu-tools-for-stm32.12.3.rel1.win32_1.0.200.202406191623/tools/bin/../lib/gcc/arm-none-eabi/12.3.1/../../../../arm-none-eabi/lib/thumb/v7e-m+dp/hard\libc_nano.a(libc_a-stdio.o)
                              C:/ST/STM32CubeIDE_1.16.1/STM32CubeIDE/plugins/com.st.stm32cube.ide.mcu.externaltools.gnu-tools-for-stm32.12.3.rel1.win32_1.0.200.202406191623/tools/bin/../lib/gcc/arm-none-eabi/12.3.1/../../../../arm-none-eabi/lib/thumb/v7e-m+dp/hard\libc_nano.a(libc_a-findfp.o) (__sread)
C:/ST/STM32CubeIDE_1.16.1/STM32CubeIDE/plugins/com.st.stm32cube.ide.mcu.externaltools.gnu-tools-for-stm32.12.3.rel1.win32_1.0.200.202406191623/tools/bin/../lib/gcc/arm-none-eabi/12.3.1/../../../../arm-none-eabi/lib/thumb/v7e-m+dp/hard\libc_nano.a(libc_a-memset.o)
                              C:/ST/STM32CubeIDE_1.16.1/STM32CubeIDE/plugins/com.st.stm32cube.ide.mcu.externaltools.gnu-tools-for-stm32.12.3.rel1.win32_1.0.200.202406191623/tools/bin/../lib/gcc/arm-none-eabi/12.3.1/../../../../arm-none-eabi/lib/thumb/v7e-m+dp/hard/crt0.o (memset)
C:/ST/STM32CubeIDE_1.16.1/STM32CubeIDE/plugins/com.st.stm32cube.ide.mcu.externaltools.gnu-tools-for-stm32.12.3.rel1.win32_1.0.200.202406191623/tools/bin/../lib/gcc/arm-none-eabi/12.3.1/../../../../arm-none-eabi/lib/thumb/v7e-m+dp/hard\libc_nano.a(libc_a-closer.o)
                              C:/ST/STM32CubeIDE_1.16.1/STM32CubeIDE/plugins/com.st.stm32cube.ide.mcu.externaltools.gnu-tools-for-stm32.12.3.rel1.win32_1.0.200.202406191623/tools/bin/../lib/gcc/arm-none-eabi/12.3.1/../../../../arm-none-eabi/lib/thumb/v7e-m+dp/hard\libc_nano.a(libc_a-stdio.o) (_close_r)
C:/ST/STM32CubeIDE_1.16.1/STM32CubeIDE/plugins/com.st.stm32cube.ide.mcu.externaltools.gnu-tools-for-stm32.12.3.rel1.win32_1.0.200.202406191623/tools/bin/../lib/gcc/arm-none-eabi/12.3.1/../../../../arm-none-eabi/lib/thumb/v7e-m+dp/hard\libc_nano.a(libc_a-reent.o)
                              C:/ST/STM32CubeIDE_1.16.1/STM32CubeIDE/plugins/com.st.stm32cube.ide.mcu.externaltools.gnu-tools-for-stm32.12.3.rel1.win32_1.0.200.202406191623/tools/bin/../lib/gcc/arm-none-eabi/12.3.1/../../../../arm-none-eabi/lib/thumb/v7e-m+dp/hard\libc_nano.a(libc_a-closer.o) (errno)
C:/ST/STM32CubeIDE_1.16.1/STM32CubeIDE/plugins/com.st.stm32cube.ide.mcu.externaltools.gnu-tools-for-stm32.12.3.rel1.win32_1.0.200.202406191623/tools/bin/../lib/gcc/arm-none-eabi/12.3.1/../../../../arm-none-eabi/lib/thumb/v7e-m+dp/hard\libc_nano.a(libc_a-impure.o)
                              C:/ST/STM32CubeIDE_1.16.1/STM32CubeIDE/plugins/com.st.stm32cube.ide.mcu.externaltools.gnu-tools-for-stm32.12.3.rel1.win32_1.0.200.202406191623/tools/bin/../lib/gcc/arm-none-eabi/12.3.1/../../../../arm-none-eabi/lib/thumb/v7e-m+dp/hard\libc_nano.a(libc_a-reent.o) (_impure_ptr)
C:/ST/STM32CubeIDE_1.16.1/STM32CubeIDE/plugins/com.st.stm32cube.ide.mcu.externaltools.gnu-tools-for-stm32.12.3.rel1.win32_1.0.200.202406191623/tools/bin/../lib/gcc/arm-none-eabi/12.3.1/../../../../arm-none-eabi/lib/thumb/v7e-m+dp/hard\libc_nano.a(libc_a-lseekr.o)
[...]
Memory Configuration

Name             Origin             Length             Attributes
RAM              0x24000000         0x00071c00         xrw
RAM_NONCACHEABLEBUFFER 0x24071c00         0x00000400         xrw
ITCM             0x00000000         0x00010000         xrw
DTCM             0x20000000         0x00010000         rw
SRAMAHB          0x30000000         0x00008000         rw
BKPSRAM          0x38800000         0x00001000         rw
FLASH            0x08000000         0x00010000         xrw
*default*        0x00000000         0xffffffff

Linker script and memory map

LOAD C:/ST/STM32CubeIDE_1.16.1/STM32CubeIDE/plugins/com.st.stm32cube.ide.mcu.externaltools.gnu-tools-for-stm32.12.3.rel1.win32_1.0.200.202406191623/tools/bin/../lib/gcc/arm-none-eabi/12.3.1/thumb/v7e-m+dp/hard/crti.o
LOAD C:/ST/STM32CubeIDE_1.16.1/STM32CubeIDE/plugins/com.st.stm32cube.ide.mcu.externaltools.gnu-tools-for-stm32.12.3.rel1.win32_1.0.200.202406191623/tools/bin/../lib/gcc/arm-none-eabi/12.3.1/thumb/v7e-m+dp/hard/crtbegin.o
LOAD C:/ST/STM32CubeIDE_1.16.1/STM32CubeIDE/plugins/com.st.stm32cube.ide.mcu.externaltools.gnu-tools-for-stm32.12.3.rel1.win32_1.0.200.202406191623/tools/bin/../lib/gcc/arm-none-eabi/12.3.1/../../../../arm-none-eabi/lib/thumb/v7e-m+dp/hard/crt0.o
LOAD ./Application/Startup/startup_stm32h7s3l8hx.o
LOAD ./Application/User/main.o
LOAD ./Application/User/stm32h7rsxx_hal_msp.o
LOAD ./Application/User/stm32h7rsxx_it.o
LOAD ./Application/User/syscalls.o
LOAD ./Application/User/sysmem.o
LOAD ./Drivers/CMSIS/system_stm32h7rsxx.o
LOAD ./Drivers/STM32H7RSxx_HAL_Driver/stm32h7rsxx_hal.o
LOAD ./Drivers/STM32H7RSxx_HAL_Driver/stm32h7rsxx_hal_cortex.o
LOAD ./Drivers/STM32H7RSxx_HAL_Driver/stm32h7rsxx_hal_dma.o
LOAD ./Drivers/STM32H7RSxx_HAL_Driver/stm32h7rsxx_hal_dma_ex.o
LOAD ./Drivers/STM32H7RSxx_HAL_Driver/stm32h7rsxx_hal_exti.o
LOAD ./Drivers/STM32H7RSxx_HAL_Driver/stm32h7rsxx_hal_flash.o
LOAD ./Drivers/STM32H7RSxx_HAL_Driver/stm32h7rsxx_hal_flash_ex.o
LOAD ./Drivers/STM32H7RSxx_HAL_Driver/stm32h7rsxx_hal_gpio.o
LOAD ./Drivers/STM32H7RSxx_HAL_Driver/stm32h7rsxx_hal_pwr.o
LOAD ./Drivers/STM32H7RSxx_HAL_Driver/stm32h7rsxx_hal_pwr_ex.o
LOAD ./Drivers/STM32H7RSxx_HAL_Driver/stm32h7rsxx_hal_rcc.o
LOAD ./Drivers/STM32H7RSxx_HAL_Driver/stm32h7rsxx_hal_rcc_ex.o
LOAD ./Drivers/STM32H7RSxx_HAL_Driver/stm32h7rsxx_hal_sdram.o
LOAD ./Drivers/STM32H7RSxx_HAL_Driver/stm32h7rsxx_hal_tim.o
LOAD ./Drivers/STM32H7RSxx_HAL_Driver/stm32h7rsxx_hal_tim_ex.o
LOAD ./Drivers/STM32H7RSxx_HAL_Driver/stm32h7rsxx_ll_exti.o
LOAD ./Drivers/STM32H7RSxx_HAL_Driver/stm32h7rsxx_ll_fmc.o
LOAD ./Drivers/STM32H7RSxx_HAL_Driver/stm32h7rsxx_ll_gpio.o
LOAD ./Drivers/STM32H7RSxx_HAL_Driver/stm32h7rsxx_ll_rcc.o
LOAD ./Drivers/STM32H7RSxx_HAL_Driver/stm32h7rsxx_ll_utils.o
START GROUP
LOAD C:/ST/STM32CubeIDE_1.16.1/STM32CubeIDE/plugins/com.st.stm32cube.ide.mcu.externaltools.gnu-tools-for-stm32.12.3.rel1.win32_1.0.200.202406191623/tools/bin/../lib/gcc/arm-none-eabi/12.3.1/../../../../arm-none-eabi/lib/thumb/v7e-m+dp/hard\libc_nano.a
LOAD C:/ST/STM32CubeIDE_1.16.1/STM32CubeIDE/plugins/com.st.stm32cube.ide.mcu.externaltools.gnu-tools-for-stm32.12.3.rel1.win32_1.0.200.202406191623/tools/bin/../lib/gcc/arm-none-eabi/12.3.1/../../../../arm-none-eabi/lib/thumb/v7e-m+dp/hard\libm.a
END GROUP
START GROUP
LOAD C:/ST/STM32CubeIDE_1.16.1/STM32CubeIDE/plugins/com.st.stm32cube.ide.mcu.externaltools.gnu-tools-for-stm32.12.3.rel1.win32_1.0.200.202406191623/tools/bin/../lib/gcc/arm-none-eabi/12.3.1/thumb/v7e-m+dp/hard\libgcc.a
LOAD C:/ST/STM32CubeIDE_1.16.1/STM32CubeIDE/plugins/com.st.stm32cube.ide.mcu.externaltools.gnu-tools-for-stm32.12.3.rel1.win32_1.0.200.202406191623/tools/bin/../lib/gcc/arm-none-eabi/12.3.1/../../../../arm-none-eabi/lib/thumb/v7e-m+dp/hard\libc_nano.a
END GROUP
START GROUP
LOAD C:/ST/STM32CubeIDE_1.16.1/STM32CubeIDE/plugins/com.st.stm32cube.ide.mcu.externaltools.gnu-tools-for-stm32.12.3.rel1.win32_1.0.200.202406191623/tools/bin/../lib/gcc/arm-none-eabi/12.3.1/thumb/v7e-m+dp/hard\libgcc.a
LOAD C:/ST/STM32CubeIDE_1.16.1/STM32CubeIDE/plugins/com.st.stm32cube.ide.mcu.externaltools.gnu-tools-for-stm32.12.3.rel1.win32_1.0.200.202406191623/tools/bin/../lib/gcc/arm-none-eabi/12.3.1/../../../../arm-none-eabi/lib/thumb/v7e-m+dp/hard\libc_nano.a
LOAD C:/ST/STM32CubeIDE_1.16.1/STM32CubeIDE/plugins/com.st.stm32cube.ide.mcu.externaltools.gnu-tools-for-stm32.12.3.rel1.win32_1.0.200.202406191623/tools/bin/../lib/gcc/arm-none-eabi/12.3.1/../../../../arm-none-eabi/lib/thumb/v7e-m+dp/hard\libnosys.a
END GROUP
START GROUP
LOAD C:/ST/STM32CubeIDE_1.16.1/STM32CubeIDE/plugins/com.st.stm32cube.ide.mcu.externaltools.gnu-tools-for-stm32.12.3.rel1.win32_1.0.200.202406191623/tools/bin/../lib/gcc/arm-none-eabi/12.3.1/thumb/v7e-m+dp/hard\libgcc.a
LOAD C:/ST/STM32CubeIDE_1.16.1/STM32CubeIDE/plugins/com.st.stm32cube.ide.mcu.externaltools.gnu-tools-for-stm32.12.3.rel1.win32_1.0.200.202406191623/tools/bin/../lib/gcc/arm-none-eabi/12.3.1/../../../../arm-none-eabi/lib/thumb/v7e-m+dp/hard\libc_nano.a
LOAD C:/ST/STM32CubeIDE_1.16.1/STM32CubeIDE/plugins/com.st.stm32cube.ide.mcu.externaltools.gnu-tools-for-stm32.12.3.rel1.win32_1.0.200.202406191623/tools/bin/../lib/gcc/arm-none-eabi/12.3.1/../../../../arm-none-eabi/lib/thumb/v7e-m+dp/hard\libnosys.a
END GROUP
LOAD C:/ST/STM32CubeIDE_1.16.1/STM32CubeIDE/plugins/com.st.stm32cube.ide.mcu.externaltools.gnu-tools-for-stm32.12.3.rel1.win32_1.0.200.202406191623/tools/bin/../lib/gcc/arm-none-eabi/12.3.1/thumb/v7e-m+dp/hard/crtend.o
LOAD C:/ST/STM32CubeIDE_1.16.1/STM32CubeIDE/plugins/com.st.stm32cube.ide.mcu.externaltools.gnu-tools-for-stm32.12.3.rel1.win32_1.0.200.202406191623/tools/bin/../lib/gcc/arm-none-eabi/12.3.1/thumb/v7e-m+dp/hard/crtn.o
                0x20010000                        _estack = (ORIGIN (DTCM) + LENGTH (DTCM))
                0x00000200                        _Min_Heap_Size = 0x200
                0x00000400                        _Min_Stack_Size = 0x400
                0x08000000                        __FLASH_BEGIN = 0x8000000
                0x00010000                        __FLASH_SIZE = 0x10000
                0x24000000                        __RAM_BEGIN = 0x24000000
                0x00071c00                        __RAM_SIZE = 0x71c00
                0x00000400                        __RAM_NONCACHEABLEBUFFER_SIZE = 0x400

.isr_vector     0x08000000      0x2b0
                0x08000000                        . = ALIGN (0x4)
 *(.isr_vector)
 .isr_vector    0x08000000      0x2b0 ./Application/Startup/startup_stm32h7s3l8hx.o
                0x08000000                g_pfnVectors
                0x080002b0                        . = ALIGN (0x4)

.text           0x080002b0     0x1b8c
                0x080002b0                        . = ALIGN (0x4)
 *(.text)
 .text          0x080002b0       0x40 C:/ST/STM32CubeIDE_1.16.1/STM32CubeIDE/plugins/com.st.stm32cube.ide.mcu.externaltools.gnu-tools-for-stm32.12.3.rel1.win32_1.0.200.202406191623/tools/bin/../lib/gcc/arm-none-eabi/12.3.1/thumb/v7e-m+dp/hard/crtbegin.o
 *(.text*)
 .text.Reset_Handler
                0x080002f0       0x50 ./Application/Startup/startup_stm32h7s3l8hx.o
                0x080002f0                Reset_Handler
 .text.Default_Handler
                0x08000340        0x2 ./Application/Startup/startup_stm32h7s3l8hx.o
                0x08000340                HPDMA1_Channel13_IRQHandler
                0x08000340                EXTI2_IRQHandler
                0x08000340                MCE2_IRQHandler
                0x08000340                SAI1_A_IRQHandler
                0x08000340                EXTI5_IRQHandler
                0x08000340                I3C1_ER_IRQHandler
                0x08000340                UART8_IRQHandler
                0x08000340                SPI4_IRQHandler
                0x08000340                EXTI13_IRQHandler
                0x08000340                TIM1_CC_IRQHandler
                0x08000340                XSPI1_IRQHandler
                0x08000340                JPEG_IRQHandler
                0x08000340                TAMP_IRQHandler
                0x08000340                TIM6_IRQHandler
                0x08000340                EXTI12_IRQHandler
                0x08000340                CORDIC_IRQHandler
                0x08000340                GFXTIM_IRQHandler
                0x08000340                EXTI3_IRQHandler
                0x08000340                LPTIM4_IRQHandler
                0x08000340                GPDMA1_Channel5_IRQHandler
                0x08000340                EXTI8_IRQHandler
                0x08000340                LPTIM2_IRQHandler
                0x08000340                GFXMMU_IRQHandler
                0x08000340                I2C3_ER_IRQHandler
                0x08000340                LPTIM3_IRQHandler
                0x08000340                SAI2_A_IRQHandler
                0x08000340                EXTI0_IRQHandler
                0x08000340                HPDMA1_Channel9_IRQHandler
                0x08000340                I2C2_EV_IRQHandler
                0x08000340                FPU_IRQHandler
                0x08000340                GPDMA1_Channel3_IRQHandler
                0x08000340                GPDMA1_Channel7_IRQHandler
                0x08000340                FDCAN1_IT1_IRQHandler
                0x08000340                HPDMA1_Channel3_IRQHandler
                0x08000340                ADC1_2_IRQHandler
                0x08000340                GPDMA1_Channel9_IRQHandler
                0x08000340                SPI1_IRQHandler
                0x08000340                SAI1_B_IRQHandler
                0x08000340                GPDMA1_Channel2_IRQHandler
                0x08000340                I3C1_WKUP_IRQHandler
                0x08000340                PKA_IRQHandler
                0x08000340                HPDMA1_Channel2_IRQHandler
                0x08000340                EXTI15_IRQHandler
                0x08000340                TIM17_IRQHandler
                0x08000340                USART3_IRQHandler
                0x08000340                HPDMA1_Channel6_IRQHandler
                0x08000340                CRYP_IRQHandler
                0x08000340                RTC_IRQHandler
                0x08000340                XSPI2_IRQHandler
                0x08000340                EXTI9_IRQHandler
                0x08000340                HPDMA1_Channel0_IRQHandler
                0x08000340                LPTIM5_IRQHandler
                0x08000340                HPDMA1_Channel1_IRQHandler
                0x08000340                UART5_IRQHandler
                0x08000340                TIM4_IRQHandler
                0x08000340                I2C1_EV_IRQHandler
                0x08000340                GPDMA1_Channel12_IRQHandler
                0x08000340                HPDMA1_Channel7_IRQHandler
                0x08000340                GPDMA1_Channel1_IRQHandler
                0x08000340                TIM16_IRQHandler
                0x08000340                GPDMA1_Channel15_IRQHandler
                0x08000340                UART4_IRQHandler
                0x08000340                TIM3_IRQHandler
                0x08000340                RCC_IRQHandler
                0x08000340                TIM1_TRG_COM_IRQHandler
                0x08000340                SAI2_B_IRQHandler
                0x08000340                Default_Handler
                0x08000340                GPDMA1_Channel8_IRQHandler
                0x08000340                HPDMA1_Channel8_IRQHandler
                0x08000340                CEC_IRQHandler
                0x08000340                TIM14_IRQHandler
                0x08000340                TIM13_IRQHandler
                0x08000340                GPDMA1_Channel11_IRQHandler
                0x08000340                SPI5_IRQHandler
                0x08000340                TIM12_IRQHandler
                0x08000340                TIM7_IRQHandler
                0x08000340                HPDMA1_Channel10_IRQHandler
                0x08000340                SDMMC1_IRQHandler
                0x08000340                SAES_IRQHandler
                0x08000340                TIM5_IRQHandler
                0x08000340                UCPD1_IRQHandler
                0x08000340                GPDMA1_Channel0_IRQHandler
                0x08000340                I3C1_EV_IRQHandler
                0x08000340                HPDMA1_Channel5_IRQHandler
                0x08000340                TIM15_IRQHandler
                0x08000340                I2C3_EV_IRQHandler
                0x08000340                HPDMA1_Channel4_IRQHandler
                0x08000340                HPDMA1_Channel15_IRQHandler
                0x08000340                TIM9_IRQHandler
                0x08000340                SPDIF_RX_IRQHandler
                0x08000340                PVD_PVM_IRQHandler
                0x08000340                SPI2_IRQHandler
                0x08000340                HPDMA1_Channel11_IRQHandler
                0x08000340                EXTI14_IRQHandler
                0x08000340                EXTI11_IRQHandler
                0x08000340                CRS_IRQHandler
                0x08000340                GPDMA1_Channel14_IRQHandler
                0x08000340                EXTI4_IRQHandler
                0x08000340                GPDMA1_Channel13_IRQHandler
                0x08000340                RNG_IRQHandler
                0x08000340                FDCAN2_IT1_IRQHandler
                0x08000340                ETH_IRQHandler
                0x08000340                TIM1_UP_IRQHandler
                0x08000340                WWDG_IRQHandler
                0x08000340                SPI6_IRQHandler
                0x08000340                MDIOS_IRQHandler
                0x08000340                FDCAN2_IT0_IRQHandler
                0x08000340                IWDG_IRQHandler
                0x08000340                HPDMA1_Channel14_IRQHandler
                0x08000340                LPUART1_IRQHandler
                0x08000340                FDCAN1_IT0_IRQHandler
                0x08000340                TIM2_IRQHandler
                0x08000340                PSSI_IRQHandler
                0x08000340                MCE3_IRQHandler
                0x08000340                GPDMA1_Channel4_IRQHandler
                0x08000340                OTG_HS_IRQHandler
                0x08000340                EXTI7_IRQHandler
                0x08000340                DMA2D_IRQHandler
                0x08000340                TIM1_BRK_IRQHandler
                0x08000340                EXTI1_IRQHandler
                0x08000340                SDMMC2_IRQHandler
                0x08000340                UART7_IRQHandler
                0x08000340                DTS_IRQHandler
                0x08000340                USART2_IRQHandler
                0x08000340                GPDMA1_Channel6_IRQHandler
                0x08000340                ADF1_FLT0_IRQHandler
                0x08000340                RAMECC_IRQHandler
                0x08000340                I2C2_ER_IRQHandler
                0x08000340                MCE1_IRQHandler
                0x08000340                HPDMA1_Channel12_IRQHandler
                0x08000340                FLASH_IRQHandler
                0x08000340                USART1_IRQHandler
                0x08000340                EXTI10_IRQHandler
                0x08000340                OTG_FS_IRQHandler
                0x08000340                SPI3_IRQHandler
                0x08000340                WAKEUP_PIN_IRQHandler
                0x08000340                DCMIPP_IRQHandler
                0x08000340                I2C1_ER_IRQHandler
                0x08000340                FMC_IRQHandler
                0x08000340                EXTI6_IRQHandler
                0x08000340                LPTIM1_IRQHandler
                0x08000340                GPDMA1_Channel10_IRQHandler
                0x08000340                HASH_IRQHandler
 *fill*         0x08000342        0x2 
 .text.LL_RCC_HSI_Enable
                0x08000344       0x20 ./Application/User/main.o
 .text.LL_RCC_HSI_IsReady
                0x08000364       0x24 ./Application/User/main.o
 .text.LL_RCC_HSI_SetDivider
                0x08000388       0x28 ./Application/User/main.o
 .text.LL_RCC_HSI_SetCalibTrimming
                0x080003b0       0x2c ./Application/User/main.o
 .text.LL_RCC_SetSysClkSource
                0x080003dc       0x28 ./Application/User/main.o
 .text.LL_RCC_GetSysClkSource
                0x08000404       0x1c ./Application/User/main.o
 .text.LL_RCC_SetSysPrescaler
                0x08000420       0x28 ./Application/User/main.o
 .text.LL_RCC_SetAHBPrescaler
                0x08000448       0x28 ./Application/User/main.o
 .text.LL_RCC_SetAPB1Prescaler
                0x08000470       0x28 ./Application/User/main.o
 .text.LL_RCC_SetAPB2Prescaler
                0x08000498       0x28 ./Application/User/main.o
 .text.LL_RCC_SetAPB4Prescaler
                0x080004c0       0x28 ./Application/User/main.o
 .text.LL_RCC_SetAPB5Prescaler
                0x080004e8       0x28 ./Application/User/main.o
 .text.LL_RCC_PLL1_Enable
                0x08000510       0x20 ./Application/User/main.o
 .text.LL_RCC_PLL1_IsReady
                0x08000530       0x28 ./Application/User/main.o
 .text.LL_RCC_PLL1P_Enable
                0x08000558       0x20 ./Application/User/main.o
 .text.LL_RCC_PLL1_SetVCOInputRange
                0x08000578       0x28 ./Application/User/main.o
 .text.LL_RCC_PLL1_SetVCOOutputRange
                0x080005a0       0x28 ./Application/User/main.o
 .text.LL_RCC_PLL1_SetN
                0x080005c8       0x30 ./Application/User/main.o
 .text.LL_RCC_PLL1_SetM
                0x080005f8       0x2c ./Application/User/main.o
 .text.LL_RCC_PLL1_SetP
                0x08000624       0x2c ./Application/User/main.o
 .text.LL_RCC_PLL1_SetQ
                0x08000650       0x2c ./Application/User/main.o
 .text.LL_RCC_PLL1_SetR
                0x0800067c       0x2c ./Application/User/main.o
 .text.LL_RCC_PLL1_SetS
                0x080006a8       0x30 ./Application/User/main.o
 .text.LL_RCC_PLL2_Enable
                0x080006d8       0x20 ./Application/User/main.o
 .text.LL_RCC_PLL2_IsReady
                0x080006f8       0x28 ./Application/User/main.o
 .text.LL_RCC_PLL2R_Enable
                0x08000720       0x20 ./Application/User/main.o
 .text.LL_RCC_PLL2_SetVCOInputRange
                0x08000740       0x2c ./Application/User/main.o
 .text.LL_RCC_PLL2_SetVCOOutputRange
                0x0800076c       0x2c ./Application/User/main.o
 .text.LL_RCC_PLL2_SetN
                0x08000798       0x30 ./Application/User/main.o
 .text.LL_RCC_PLL2_SetM
                0x080007c8       0x2c ./Application/User/main.o
 .text.LL_RCC_PLL2_SetP
                0x080007f4       0x2c ./Application/User/main.o
 .text.LL_RCC_PLL2_SetQ
                0x08000820       0x2c ./Application/User/main.o
 .text.LL_RCC_PLL2_SetR
                0x0800084c       0x2c ./Application/User/main.o
 .text.LL_RCC_PLL2_SetS
                0x08000878       0x30 ./Application/User/main.o
 .text.LL_RCC_PLL2_SetT
                0x080008a8       0x30 ./Application/User/main.o
 .text.LL_AHB4_GRP1_EnableClock
                0x080008d8       0x38 ./Application/User/main.o
 .text.LL_FLASH_SetLatency
                0x08000910       0x28 ./Application/User/main.o
 .text.LL_FLASH_GetLatency
                0x08000938       0x1c ./Application/User/main.o
 .text.LL_PWR_ConfigSupply
                0x08000954       0x28 ./Application/User/main.o
 .text.LL_PWR_SetRegulVoltageScaling
                0x0800097c       0x28 ./Application/User/main.o
 .text.LL_PWR_IsActiveFlag_ACTVOSRDY
                0x080009a4       0x24 ./Application/User/main.o
 .text.LL_PWR_IsActiveFlag_VOSRDY
                0x080009c8       0x24 ./Application/User/main.o
 .text.LL_GPIO_ResetOutputPin
                0x080009ec       0x1c ./Application/User/main.o
 .text.LL_GPIO_TogglePin
                0x08000a08       0x32 ./Application/User/main.o
 .text.FMC_ERASE
                0x08000a3a       0x44 ./Application/User/main.o
                0x08000a3a                FMC_ERASE
 .text.FMC_WRITE
                0x08000a7e       0x52 ./Application/User/main.o
                0x08000a7e                FMC_WRITE
 .text.main     0x08000ad0      0x114 ./Application/User/main.o
                0x08000ad0                main
 .text.SystemClock_Config
                0x08000be4      0x12c ./Application/User/main.o
                0x08000be4                SystemClock_Config
 .text.MX_FMC_Init
                0x08000d10      0x12c ./Application/User/main.o
 .text.MX_GPIO_Init
                0x08000e3c       0x78 ./Application/User/main.o
 .text.Error_Handler
                0x08000eb4        0x8 ./Application/User/main.o
                0x08000eb4                Error_Handler
 .text.LL_RCC_SetFMCClockSource
                0x08000ebc       0x28 ./Application/User/stm32h7rsxx_hal_msp.o
 .text.HAL_MspInit
                0x08000ee4        0xc ./Application/User/stm32h7rsxx_hal_msp.o
                0x08000ee4                HAL_MspInit
 .text.HAL_FMC_MspInit
                0x08000ef0      0x16c ./Application/User/stm32h7rsxx_hal_msp.o
 .text.HAL_SDRAM_MspInit
                0x0800105c       0x14 ./Application/User/stm32h7rsxx_hal_msp.o
                0x0800105c                HAL_SDRAM_MspInit
 .text.NMI_Handler
                0x08001070        0xe ./Application/User/stm32h7rsxx_it.o
                0x08001070                NMI_Handler
 .text.HardFault_Handler
                0x0800107e        0x8 ./Application/User/stm32h7rsxx_it.o
                0x0800107e                HardFault_Handler
 .text.MemManage_Handler
                0x08001086        0x8 ./Application/User/stm32h7rsxx_it.o
                0x08001086                MemManage_Handler
 .text.BusFault_Handler
                0x0800108e        0x8 ./Application/User/stm32h7rsxx_it.o
                0x0800108e                BusFault_Handler
 .text.UsageFault_Handler
                0x08001096        0x8 ./Application/User/stm32h7rsxx_it.o
                0x08001096                UsageFault_Handler
 .text.SVC_Handler
                0x0800109e        0xe ./Application/User/stm32h7rsxx_it.o
                0x0800109e                SVC_Handler
 .text.DebugMon_Handler
                0x080010ac        0xe ./Application/User/stm32h7rsxx_it.o
                0x080010ac                DebugMon_Handler
 .text.PendSV_Handler
                0x080010ba        0xe ./Application/User/stm32h7rsxx_it.o
                0x080010ba                PendSV_Handler
 .text.SysTick_Handler
                0x080010c8        0xc ./Application/User/stm32h7rsxx_it.o
                0x080010c8                SysTick_Handler
 .text.SystemInit
                0x080010d4       0x2c ./Drivers/CMSIS/system_stm32h7rsxx.o
                0x080010d4                SystemInit
 .text.HAL_Init
                0x08001100       0x30 ./Drivers/STM32H7RSxx_HAL_Driver/stm32h7rsxx_hal.o
                0x08001100                HAL_Init
 .text.HAL_InitTick
                0x08001130       0x78 ./Drivers/STM32H7RSxx_HAL_Driver/stm32h7rsxx_hal.o
                0x08001130                HAL_InitTick
 .text.HAL_IncTick
                0x080011a8       0x28 ./Drivers/STM32H7RSxx_HAL_Driver/stm32h7rsxx_hal.o
                0x080011a8                HAL_IncTick
 .text.HAL_GetTick
                0x080011d0       0x18 ./Drivers/STM32H7RSxx_HAL_Driver/stm32h7rsxx_hal.o
                0x080011d0                HAL_GetTick
 .text.HAL_Delay
                0x080011e8       0x48 ./Drivers/STM32H7RSxx_HAL_Driver/stm32h7rsxx_hal.o
                0x080011e8                HAL_Delay
 .text.__NVIC_SetPriorityGrouping
                0x08001230       0x48 ./Drivers/STM32H7RSxx_HAL_Driver/stm32h7rsxx_hal_cortex.o
 .text.__NVIC_GetPriorityGrouping
                0x08001278       0x1c ./Drivers/STM32H7RSxx_HAL_Driver/stm32h7rsxx_hal_cortex.o
 .text.__NVIC_SetPriority
                0x08001294       0x54 ./Drivers/STM32H7RSxx_HAL_Driver/stm32h7rsxx_hal_cortex.o
 .text.NVIC_EncodePriority
                0x080012e8       0x66 ./Drivers/STM32H7RSxx_HAL_Driver/stm32h7rsxx_hal_cortex.o
 *fill*         0x0800134e        0x2 
 .text.SysTick_Config
                0x08001350       0x44 ./Drivers/STM32H7RSxx_HAL_Driver/stm32h7rsxx_hal_cortex.o
 .text.HAL_NVIC_SetPriorityGrouping
                0x08001394       0x16 ./Drivers/STM32H7RSxx_HAL_Driver/stm32h7rsxx_hal_cortex.o
                0x08001394                HAL_NVIC_SetPriorityGrouping
 .text.HAL_NVIC_SetPriority
                0x080013aa       0x34 ./Drivers/STM32H7RSxx_HAL_Driver/stm32h7rsxx_hal_cortex.o
                0x080013aa                HAL_NVIC_SetPriority
 .text.HAL_SYSTICK_Config
                0x080013de       0x18 ./Drivers/STM32H7RSxx_HAL_Driver/stm32h7rsxx_hal_cortex.o
                0x080013de                HAL_SYSTICK_Config
 *fill*         0x080013f6        0x2 
 .text.HAL_GPIO_Init
                0x080013f8      0x2ac ./Drivers/STM32H7RSxx_HAL_Driver/stm32h7rsxx_hal_gpio.o
                0x080013f8                HAL_GPIO_Init
 .text.HAL_PWREx_EnableXSPIM2
                0x080016a4       0x20 ./Drivers/STM32H7RSxx_HAL_Driver/stm32h7rsxx_hal_pwr_ex.o
                0x080016a4                HAL_PWREx_EnableXSPIM2
 .text.HAL_SDRAM_Init
                0x080016c4       0x78 ./Drivers/STM32H7RSxx_HAL_Driver/stm32h7rsxx_hal_sdram.o
                0x080016c4                HAL_SDRAM_Init
 .text.HAL_SDRAM_SendCommand
                0x0800173c       0x6a ./Drivers/STM32H7RSxx_HAL_Driver/stm32h7rsxx_hal_sdram.o
                0x0800173c                HAL_SDRAM_SendCommand
 .text.HAL_SDRAM_ProgramRefreshRate
                0x080017a6       0x50 ./Drivers/STM32H7RSxx_HAL_Driver/stm32h7rsxx_hal_sdram.o
                0x080017a6                HAL_SDRAM_ProgramRefreshRate
 *fill*         0x080017f6        0x2 
 .text.FMC_SDRAM_Init
                0x080017f8       0xb8 ./Drivers/STM32H7RSxx_HAL_Driver/stm32h7rsxx_ll_fmc.o
                0x080017f8                FMC_SDRAM_Init
 .text.FMC_SDRAM_Timing_Init
                0x080018b0       0xd4 ./Drivers/STM32H7RSxx_HAL_Driver/stm32h7rsxx_ll_fmc.o
                0x080018b0                FMC_SDRAM_Timing_Init
 .text.FMC_SDRAM_SendCommand
                0x08001984       0x48 ./Drivers/STM32H7RSxx_HAL_Driver/stm32h7rsxx_ll_fmc.o
                0x08001984                FMC_SDRAM_SendCommand
 .text.FMC_SDRAM_ProgramRefreshRate
                0x080019cc       0x30 ./Drivers/STM32H7RSxx_HAL_Driver/stm32h7rsxx_ll_fmc.o
                0x080019cc                FMC_SDRAM_ProgramRefreshRate
 .text.LL_GPIO_SetPinMode
                0x080019fc       0x7a ./Drivers/STM32H7RSxx_HAL_Driver/stm32h7rsxx_ll_gpio.o
 .text.LL_GPIO_SetPinOutputType
                0x08001a76       0x30 ./Drivers/STM32H7RSxx_HAL_Driver/stm32h7rsxx_ll_gpio.o
 .text.LL_GPIO_SetPinSpeed
                0x08001aa6       0x7a ./Drivers/STM32H7RSxx_HAL_Driver/stm32h7rsxx_ll_gpio.o
 .text.LL_GPIO_SetPinPull
                0x08001b20       0x7a ./Drivers/STM32H7RSxx_HAL_Driver/stm32h7rsxx_ll_gpio.o
 .text.LL_GPIO_SetAFPin_0_7
                0x08001b9a       0x7a ./Drivers/STM32H7RSxx_HAL_Driver/stm32h7rsxx_ll_gpio.o
 .text.LL_GPIO_SetAFPin_8_15
                0x08001c14       0x7e ./Drivers/STM32H7RSxx_HAL_Driver/stm32h7rsxx_ll_gpio.o
 .text.LL_GPIO_Init
                0x08001c92       0xda ./Drivers/STM32H7RSxx_HAL_Driver/stm32h7rsxx_ll_gpio.o
                0x08001c92                LL_GPIO_Init
 .text.LL_mDelay
                0x08001d6c       0x50 ./Drivers/STM32H7RSxx_HAL_Driver/stm32h7rsxx_ll_utils.o
                0x08001d6c                LL_mDelay
 .text.LL_SetSystemCoreClock
                0x08001dbc       0x20 ./Drivers/STM32H7RSxx_HAL_Driver/stm32h7rsxx_ll_utils.o
                0x08001dbc                LL_SetSystemCoreClock
 .text.__libc_init_array
                0x08001ddc       0x48 C:/ST/STM32CubeIDE_1.16.1/STM32CubeIDE/plugins/com.st.stm32cube.ide.mcu.externaltools.gnu-tools-for-stm32.12.3.rel1.win32_1.0.200.202406191623/tools/bin/../lib/gcc/arm-none-eabi/12.3.1/../../../../arm-none-eabi/lib/thumb/v7e-m+dp/hard\libc_nano.a(libc_a-init.o)
                0x08001ddc                __libc_init_array
 *(.glue_7)
 .glue_7        0x08001e24        0x0 linker stubs
 *(.glue_7t)
 .glue_7t       0x08001e24        0x0 linker stubs
 *(.eh_frame)
 .eh_frame      0x08001e24        0x0 C:/ST/STM32CubeIDE_1.16.1/STM32CubeIDE/plugins/com.st.stm32cube.ide.mcu.externaltools.gnu-tools-for-stm32.12.3.rel1.win32_1.0.200.202406191623/tools/bin/../lib/gcc/arm-none-eabi/12.3.1/thumb/v7e-m+dp/hard/crtbegin.o
 *(.init)
 .init          0x08001e24        0x4 C:/ST/STM32CubeIDE_1.16.1/STM32CubeIDE/plugins/com.st.stm32cube.ide.mcu.externaltools.gnu-tools-for-stm32.12.3.rel1.win32_1.0.200.202406191623/tools/bin/../lib/gcc/arm-none-eabi/12.3.1/thumb/v7e-m+dp/hard/crti.o
                0x08001e24                _init
 .init          0x08001e28        0x8 C:/ST/STM32CubeIDE_1.16.1/STM32CubeIDE/plugins/com.st.stm32cube.ide.mcu.externaltools.gnu-tools-for-stm32.12.3.rel1.win32_1.0.200.202406191623/tools/bin/../lib/gcc/arm-none-eabi/12.3.1/thumb/v7e-m+dp/hard/crtn.o
 *(.fini)
 .fini          0x08001e30        0x4 C:/ST/STM32CubeIDE_1.16.1/STM32CubeIDE/plugins/com.st.stm32cube.ide.mcu.externaltools.gnu-tools-for-stm32.12.3.rel1.win32_1.0.200.202406191623/tools/bin/../lib/gcc/arm-none-eabi/12.3.1/thumb/v7e-m+dp/hard/crti.o
                0x08001e30                _fini
 .fini          0x08001e34        0x8 C:/ST/STM32CubeIDE_1.16.1/STM32CubeIDE/plugins/com.st.stm32cube.ide.mcu.externaltools.gnu-tools-for-stm32.12.3.rel1.win32_1.0.200.202406191623/tools/bin/../lib/gcc/arm-none-eabi/12.3.1/thumb/v7e-m+dp/hard/crtn.o
                0x08001e3c                        . = ALIGN (0x4)
                0x08001e3c                        _etext = .

.vfp11_veneer   0x08001e3c        0x0
 .vfp11_veneer  0x08001e3c        0x0 linker stubs

.v4_bx          0x08001e3c        0x0
 .v4_bx         0x08001e3c        0x0 linker stubs

.iplt           0x08001e3c        0x0
 .iplt          0x08001e3c        0x0 C:/ST/STM32CubeIDE_1.16.1/STM32CubeIDE/plugins/com.st.stm32cube.ide.mcu.externaltools.gnu-tools-for-stm32.12.3.rel1.win32_1.0.200.202406191623/tools/bin/../lib/gcc/arm-none-eabi/12.3.1/thumb/v7e-m+dp/hard/crtbegin.o

.rodata         0x08001e3c        0x0
                0x08001e3c                        . = ALIGN (0x4)
 *(.rodata)
 *(.rodata*)
                0x08001e3c                        . = ALIGN (0x4)

.ARM.extab      0x08001e3c        0x0
                0x08001e3c                        . = ALIGN (0x4)
 *(.ARM.extab* .gnu.linkonce.armextab.*)
                0x08001e3c                        . = ALIGN (0x4)

.ARM            0x08001e3c        0x0
                0x08001e3c                        . = ALIGN (0x4)
                0x08001e3c                        __exidx_start = .
 *(.ARM.exidx*)
                0x08001e3c                        __exidx_end = .
                0x08001e3c                        . = ALIGN (0x4)

.preinit_array  0x08001e3c        0x0
                0x08001e3c                        . = ALIGN (0x4)
                0x08001e3c                        PROVIDE (__preinit_array_start = .)
 *(.preinit_array*)
                0x08001e3c                        PROVIDE (__preinit_array_end = .)
                0x08001e3c                        . = ALIGN (0x4)

.init_array     0x08001e3c        0x4
                0x08001e3c                        . = ALIGN (0x4)
                0x08001e3c                        PROVIDE (__init_array_start = .)
 *(SORT_BY_NAME(.init_array.*))
 *(.init_array*)
 .init_array    0x08001e3c        0x4 C:/ST/STM32CubeIDE_1.16.1/STM32CubeIDE/plugins/com.st.stm32cube.ide.mcu.externaltools.gnu-tools-for-stm32.12.3.rel1.win32_1.0.200.202406191623/tools/bin/../lib/gcc/arm-none-eabi/12.3.1/thumb/v7e-m+dp/hard/crtbegin.o
                0x08001e40                        PROVIDE (__init_array_end = .)
                0x08001e40                        . = ALIGN (0x4)

.fini_array     0x08001e40        0x4
                0x08001e40                        . = ALIGN (0x4)
                [!provide]                        PROVIDE (__fini_array_start = .)
 *(SORT_BY_NAME(.fini_array.*))
 *(.fini_array*)
 .fini_array    0x08001e40        0x4 C:/ST/STM32CubeIDE_1.16.1/STM32CubeIDE/plugins/com.st.stm32cube.ide.mcu.externaltools.gnu-tools-for-stm32.12.3.rel1.win32_1.0.200.202406191623/tools/bin/../lib/gcc/arm-none-eabi/12.3.1/thumb/v7e-m+dp/hard/crtbegin.o
                [!provide]                        PROVIDE (__fini_array_end = .)
                0x08001e44                        . = ALIGN (0x4)
                0x08001e44                        _sidata = LOADADDR (.data)

.rel.dyn        0x08001e44        0x0
 .rel.iplt      0x08001e44        0x0 C:/ST/STM32CubeIDE_1.16.1/STM32CubeIDE/plugins/com.st.stm32cube.ide.mcu.externaltools.gnu-tools-for-stm32.12.3.rel1.win32_1.0.200.202406191623/tools/bin/../lib/gcc/arm-none-eabi/12.3.1/thumb/v7e-m+dp/hard/crtbegin.o

.data           0x24000000        0xc load address 0x08001e44
                0x24000000                        . = ALIGN (0x4)
                0x24000000                        _sdata = .
 *(.data)
 *(.data*)
 .data.SystemCoreClock
                0x24000000        0x4 ./Drivers/CMSIS/system_stm32h7rsxx.o
                0x24000000                SystemCoreClock
 .data.uwTickPrio
                0x24000004        0x4 ./Drivers/STM32H7RSxx_HAL_Driver/stm32h7rsxx_hal.o
                0x24000004                uwTickPrio
 .data.uwTickFreq
                0x24000008        0x1 ./Drivers/STM32H7RSxx_HAL_Driver/stm32h7rsxx_hal.o
                0x24000008                uwTickFreq
 *(.RamFunc)
 *(.RamFunc*)
                0x2400000c                        . = ALIGN (0x4)
 *fill*         0x24000009        0x3 
                0x2400000c                        _edata = .

.igot.plt       0x2400000c        0x0 load address 0x08001e50
 .igot.plt      0x2400000c        0x0 C:/ST/STM32CubeIDE_1.16.1/STM32CubeIDE/plugins/com.st.stm32cube.ide.mcu.externaltools.gnu-tools-for-stm32.12.3.rel1.win32_1.0.200.202406191623/tools/bin/../lib/gcc/arm-none-eabi/12.3.1/thumb/v7e-m+dp/hard/crtbegin.o
                0x2400000c                        . = ALIGN (0x4)

.bss            0x2400000c       0x58 load address 0x08001e50
                0x2400000c                        _sbss = .
                0x2400000c                        __bss_start__ = _sbss
 *(.bss)
 .bss           0x2400000c       0x1c C:/ST/STM32CubeIDE_1.16.1/STM32CubeIDE/plugins/com.st.stm32cube.ide.mcu.externaltools.gnu-tools-for-stm32.12.3.rel1.win32_1.0.200.202406191623/tools/bin/../lib/gcc/arm-none-eabi/12.3.1/thumb/v7e-m+dp/hard/crtbegin.o
 *(.bss*)
 .bss.hsdram2   0x24000028       0x34 ./Application/User/main.o
                0x24000028                hsdram2
 .bss.FMC_Initialized
                0x2400005c        0x4 ./Application/User/stm32h7rsxx_hal_msp.o
 .bss.uwTick    0x24000060        0x4 ./Drivers/STM32H7RSxx_HAL_Driver/stm32h7rsxx_hal.o
                0x24000060                uwTick
 *(COMMON)
                0x24000064                        . = ALIGN (0x4)
                0x24000064                        _ebss = .
                0x24000064                        __bss_end__ = _ebss

RW_NONCACHEABLE
                0x24071c00        0x0
                0x24071c00                        __NONCACHEABLEBUFFER_BEGIN = .
 *(noncacheable_buffer)
                0x24071c00                        __NONCACHEABLEBUFFER_END = .

._user_heap_stack
                0x20000000      0x600
                0x20000000                        . = ALIGN (0x8)
                [!provide]                        PROVIDE (end = .)
                0x20000000                        PROVIDE (_end = .)
                0x20000200                        . = (. + _Min_Heap_Size)
 *fill*         0x20000000      0x200 
                0x20000600                        . = (. + _Min_Stack_Size)
 *fill*         0x20000200      0x400 
                0x20000600                        . = ALIGN (0x8)

/DISCARD/
 libc.a(*)
 libm.a(*)
 libgcc.a(*)

.ARM.attributes
                0x00000000       0x2e
 *(.ARM.attributes)
 .ARM.attributes
                0x00000000       0x20 C:/ST/STM32CubeIDE_1.16.1/STM32CubeIDE/plugins/com.st.stm32cube.ide.mcu.externaltools.gnu-tools-for-stm32.12.3.rel1.win32_1.0.200.202406191623/tools/bin/../lib/gcc/arm-none-eabi/12.3.1/thumb/v7e-m+dp/hard/crti.o
 .ARM.attributes
                0x00000020       0x32 C:/ST/STM32CubeIDE_1.16.1/STM32CubeIDE/plugins/com.st.stm32cube.ide.mcu.externaltools.gnu-tools-for-stm32.12.3.rel1.win32_1.0.200.202406191623/tools/bin/../lib/gcc/arm-none-eabi/12.3.1/thumb/v7e-m+dp/hard/crtbegin.o
 .ARM.attributes
                0x00000052       0x21 ./Application/Startup/startup_stm32h7s3l8hx.o
 .ARM.attributes
                0x00000073       0x32 ./Application/User/main.o
 .ARM.attributes
                0x000000a5       0x32 ./Application/User/stm32h7rsxx_hal_msp.o
 .ARM.attributes
                0x000000d7       0x32 ./Application/User/stm32h7rsxx_it.o
 .ARM.attributes
                0x00000109       0x32 ./Drivers/CMSIS/system_stm32h7rsxx.o
 .ARM.attributes
                0x0000013b       0x32 ./Drivers/STM32H7RSxx_HAL_Driver/stm32h7rsxx_hal.o
 .ARM.attributes
                0x0000016d       0x32 ./Drivers/STM32H7RSxx_HAL_Driver/stm32h7rsxx_hal_cortex.o
 .ARM.attributes
                0x0000019f       0x32 ./Drivers/STM32H7RSxx_HAL_Driver/stm32h7rsxx_hal_gpio.o
 .ARM.attributes
                0x000001d1       0x32 ./Drivers/STM32H7RSxx_HAL_Driver/stm32h7rsxx_hal_pwr_ex.o
 .ARM.attributes
                0x00000203       0x32 ./Drivers/STM32H7RSxx_HAL_Driver/stm32h7rsxx_hal_sdram.o
 .ARM.attributes
                0x00000235       0x32 ./Drivers/STM32H7RSxx_HAL_Driver/stm32h7rsxx_ll_fmc.o
 .ARM.attributes
                0x00000267       0x32 ./Drivers/STM32H7RSxx_HAL_Driver/stm32h7rsxx_ll_gpio.o
 .ARM.attributes
                0x00000299       0x32 ./Drivers/STM32H7RSxx_HAL_Driver/stm32h7rsxx_ll_utils.o
 .ARM.attributes
                0x000002cb       0x32 C:/ST/STM32CubeIDE_1.16.1/STM32CubeIDE/plugins/com.st.stm32cube.ide.mcu.externaltools.gnu-tools-for-stm32.12.3.rel1.win32_1.0.200.202406191623/tools/bin/../lib/gcc/arm-none-eabi/12.3.1/../../../../arm-none-eabi/lib/thumb/v7e-m+dp/hard\libc_nano.a(libc_a-init.o)
 .ARM.attributes
                0x000002fd       0x20 C:/ST/STM32CubeIDE_1.16.1/STM32CubeIDE/plugins/com.st.stm32cube.ide.mcu.externaltools.gnu-tools-for-stm32.12.3.rel1.win32_1.0.200.202406191623/tools/bin/../lib/gcc/arm-none-eabi/12.3.1/thumb/v7e-m+dp/hard/crtn.o
OUTPUT(GPIO_InfiniteLedToggling_Init_Boot.elf elf32-littlearm)
LOAD linker stubs
LOAD C:/ST/STM32CubeIDE_1.16.1/STM32CubeIDE/plugins/com.st.stm32cube.ide.mcu.externaltools.gnu-tools-for-stm32.12.3.rel1.win32_1.0.200.202406191623/tools/bin/../lib/gcc/arm-none-eabi/12.3.1/../../../../arm-none-eabi/lib/thumb/v7e-m+dp/hard\libc.a
LOAD C:/ST/STM32CubeIDE_1.16.1/STM32CubeIDE/plugins/com.st.stm32cube.ide.mcu.externaltools.gnu-tools-for-stm32.12.3.rel1.win32_1.0.200.202406191623/tools/bin/../lib/gcc/arm-none-eabi/12.3.1/../../../../arm-none-eabi/lib/thumb/v7e-m+dp/hard\libm.a
LOAD C:/ST/STM32CubeIDE_1.16.1/STM32CubeIDE/plugins/com.st.stm32cube.ide.mcu.externaltools.gnu-tools-for-stm32.12.3.rel1.win32_1.0.200.202406191623/tools/bin/../lib/gcc/arm-none-eabi/12.3.1/thumb/v7e-m+dp/hard\libgcc.a

.debug_line     0x00000000     0xac77
 .debug_line    0x00000000       0x7b ./Application/Startup/startup_stm32h7s3l8hx.o
 .debug_line    0x0000007b     0x1202 ./Application/User/main.o
 .debug_line    0x0000127d      0xb34 ./Application/User/stm32h7rsxx_hal_msp.o
 .debug_line    0x00001db1      0xac3 ./Application/User/stm32h7rsxx_it.o
 .debug_line    0x00002874      0xa28 ./Drivers/CMSIS/system_stm32h7rsxx.o
 .debug_line    0x0000329c     0x1164 ./Drivers/STM32H7RSxx_HAL_Driver/stm32h7rsxx_hal.o
 .debug_line    0x00004400      0xf1d ./Drivers/STM32H7RSxx_HAL_Driver/stm32h7rsxx_hal_cortex.o
 .debug_line    0x0000531d      0xcc3 ./Drivers/STM32H7RSxx_HAL_Driver/stm32h7rsxx_hal_gpio.o
 .debug_line    0x00005fe0     0x10c5 ./Drivers/STM32H7RSxx_HAL_Driver/stm32h7rsxx_hal_pwr_ex.o
 .debug_line    0x000070a5     0x114c ./Drivers/STM32H7RSxx_HAL_Driver/stm32h7rsxx_hal_sdram.o
 .debug_line    0x000081f1      0xd1e ./Drivers/STM32H7RSxx_HAL_Driver/stm32h7rsxx_ll_fmc.o
 .debug_line    0x00008f0f      0xc7d ./Drivers/STM32H7RSxx_HAL_Driver/stm32h7rsxx_ll_gpio.o
 .debug_line    0x00009b8c     0x10eb ./Drivers/STM32H7RSxx_HAL_Driver/stm32h7rsxx_ll_utils.o

.debug_line_str
                0x00000000       0xa7
 .debug_line_str
                0x00000000       0xa7 ./Application/Startup/startup_stm32h7s3l8hx.o

.debug_info     0x00000000     0xadcc
 .debug_info    0x00000000       0x30 ./Application/Startup/startup_stm32h7s3l8hx.o
 .debug_info    0x00000030     0x1e46 ./Application/User/main.o
 .debug_info    0x00001e76      0xd5f ./Application/User/stm32h7rsxx_hal_msp.o
 .debug_info    0x00002bd5      0x16c ./Application/User/stm32h7rsxx_it.o
 .debug_info    0x00002d41      0x9bd ./Drivers/CMSIS/system_stm32h7rsxx.o
 .debug_info    0x000036fe     0x18a1 ./Drivers/STM32H7RSxx_HAL_Driver/stm32h7rsxx_hal.o
 .debug_info    0x00004f9f     0x1103 ./Drivers/STM32H7RSxx_HAL_Driver/stm32h7rsxx_hal_cortex.o
 .debug_info    0x000060a2      0x702 ./Drivers/STM32H7RSxx_HAL_Driver/stm32h7rsxx_hal_gpio.o
 .debug_info    0x000067a4      0xb87 ./Drivers/STM32H7RSxx_HAL_Driver/stm32h7rsxx_hal_pwr_ex.o
 .debug_info    0x0000732b     0x1153 ./Drivers/STM32H7RSxx_HAL_Driver/stm32h7rsxx_hal_sdram.o
 .debug_info    0x0000847e      0xbe3 ./Drivers/STM32H7RSxx_HAL_Driver/stm32h7rsxx_ll_fmc.o
 .debug_info    0x00009061      0xb89 ./Drivers/STM32H7RSxx_HAL_Driver/stm32h7rsxx_ll_gpio.o
 .debug_info    0x00009bea     0x11e2 ./Drivers/STM32H7RSxx_HAL_Driver/stm32h7rsxx_ll_utils.o

.debug_abbrev   0x00000000     0x1b32
 .debug_abbrev  0x00000000       0x24 ./Application/Startup/startup_stm32h7s3l8hx.o
 .debug_abbrev  0x00000024      0x38b ./Application/User/main.o
 .debug_abbrev  0x000003af      0x252 ./Application/User/stm32h7rsxx_hal_msp.o
 .debug_abbrev  0x00000601       0xac ./Application/User/stm32h7rsxx_it.o
 .debug_abbrev  0x000006ad      0x12e ./Drivers/CMSIS/system_stm32h7rsxx.o
 .debug_abbrev  0x000007db      0x34a ./Drivers/STM32H7RSxx_HAL_Driver/stm32h7rsxx_hal.o
 .debug_abbrev  0x00000b25      0x31f ./Drivers/STM32H7RSxx_HAL_Driver/stm32h7rsxx_hal_cortex.o
 .debug_abbrev  0x00000e44      0x1ec ./Drivers/STM32H7RSxx_HAL_Driver/stm32h7rsxx_hal_gpio.o
 .debug_abbrev  0x00001030      0x250 ./Drivers/STM32H7RSxx_HAL_Driver/stm32h7rsxx_hal_pwr_ex.o
 .debug_abbrev  0x00001280      0x20d ./Drivers/STM32H7RSxx_HAL_Driver/stm32h7rsxx_hal_sdram.o
 .debug_abbrev  0x0000148d      0x1ac ./Drivers/STM32H7RSxx_HAL_Driver/stm32h7rsxx_ll_fmc.o
 .debug_abbrev  0x00001639      0x26d ./Drivers/STM32H7RSxx_HAL_Driver/stm32h7rsxx_ll_gpio.o
 .debug_abbrev  0x000018a6      0x28c ./Drivers/STM32H7RSxx_HAL_Driver/stm32h7rsxx_ll_utils.o

.debug_aranges  0x00000000      0xbe8
 .debug_aranges
                0x00000000       0x28 ./Application/Startup/startup_stm32h7s3l8hx.o
 .debug_aranges
                0x00000028      0x1b0 ./Application/User/main.o
 .debug_aranges
                0x000001d8       0x48 ./Application/User/stm32h7rsxx_hal_msp.o
 .debug_aranges
                0x00000220       0x60 ./Application/User/stm32h7rsxx_it.o
 .debug_aranges
                0x00000280       0x28 ./Drivers/CMSIS/system_stm32h7rsxx.o
 .debug_aranges
                0x000002a8      0x240 ./Drivers/STM32H7RSxx_HAL_Driver/stm32h7rsxx_hal.o
 .debug_aranges
                0x000004e8      0x130 ./Drivers/STM32H7RSxx_HAL_Driver/stm32h7rsxx_hal_cortex.o
 .debug_aranges
                0x00000618       0x60 ./Drivers/STM32H7RSxx_HAL_Driver/stm32h7rsxx_hal_gpio.o
 .debug_aranges
                0x00000678      0x1c8 ./Drivers/STM32H7RSxx_HAL_Driver/stm32h7rsxx_hal_pwr_ex.o
 .debug_aranges
                0x00000840       0xe8 ./Drivers/STM32H7RSxx_HAL_Driver/stm32h7rsxx_hal_sdram.o
 .debug_aranges
                0x00000928       0xc8 ./Drivers/STM32H7RSxx_HAL_Driver/stm32h7rsxx_ll_fmc.o
 .debug_aranges
                0x000009f0       0x70 ./Drivers/STM32H7RSxx_HAL_Driver/stm32h7rsxx_ll_gpio.o
 .debug_aranges
                0x00000a60      0x188 ./Drivers/STM32H7RSxx_HAL_Driver/stm32h7rsxx_ll_utils.o

.debug_str      0x00000000   0x139142
 .debug_str     0x00000000       0xc3 ./Application/Startup/startup_stm32h7s3l8hx.o
 .debug_str     0x000000c3   0x134186 ./Application/User/main.o
                             0x136d7b (size before relaxing)
 .debug_str     0x00134249      0x155 ./Application/User/stm32h7rsxx_hal_msp.o
                             0x136517 (size before relaxing)
 .debug_str     0x0013439e      0x12a ./Application/User/stm32h7rsxx_it.o
                             0x135cb9 (size before relaxing)
 .debug_str     0x001344c8      0x11c ./Drivers/CMSIS/system_stm32h7rsxx.o
                             0x12ae84 (size before relaxing)
 .debug_str     0x001345e4     0x14e2 ./Drivers/STM32H7RSxx_HAL_Driver/stm32h7rsxx_hal.o
                             0x12c317 (size before relaxing)
 .debug_str     0x00135ac6      0x3ff ./Drivers/STM32H7RSxx_HAL_Driver/stm32h7rsxx_hal_cortex.o
                             0x12b919 (size before relaxing)
 .debug_str     0x00135ec5      0x1f8 ./Drivers/STM32H7RSxx_HAL_Driver/stm32h7rsxx_hal_gpio.o
                             0x12ad38 (size before relaxing)
 .debug_str     0x001360bd      0x7d4 ./Drivers/STM32H7RSxx_HAL_Driver/stm32h7rsxx_hal_pwr_ex.o
                             0x12b3f6 (size before relaxing)
 .debug_str     0x00136891      0x3fd ./Drivers/STM32H7RSxx_HAL_Driver/stm32h7rsxx_hal_sdram.o
                             0x12b4b9 (size before relaxing)
 .debug_str     0x00136c8e      0x7a9 ./Drivers/STM32H7RSxx_HAL_Driver/stm32h7rsxx_ll_fmc.o
                             0x12b4d6 (size before relaxing)
 .debug_str     0x00137437      0x6ab ./Drivers/STM32H7RSxx_HAL_Driver/stm32h7rsxx_ll_gpio.o
                             0x12d074 (size before relaxing)
 .debug_str     0x00137ae2     0x1660 ./Drivers/STM32H7RSxx_HAL_Driver/stm32h7rsxx_ll_utils.o
                             0x1304c5 (size before relaxing)

.debug_rnglists
                0x00000000      0x8d0
 .debug_rnglists
                0x00000000       0x19 ./Application/Startup/startup_stm32h7s3l8hx.o
 .debug_rnglists
                0x00000019      0x142 ./Application/User/main.o
 .debug_rnglists
                0x0000015b       0x33 ./Application/User/stm32h7rsxx_hal_msp.o
 .debug_rnglists
                0x0000018e       0x43 ./Application/User/stm32h7rsxx_it.o
 .debug_rnglists
                0x000001d1       0x1a ./Drivers/CMSIS/system_stm32h7rsxx.o
 .debug_rnglists
                0x000001eb      0x1ae ./Drivers/STM32H7RSxx_HAL_Driver/stm32h7rsxx_hal.o
 .debug_rnglists
                0x00000399       0xe0 ./Drivers/STM32H7RSxx_HAL_Driver/stm32h7rsxx_hal_cortex.o
 .debug_rnglists
                0x00000479       0x45 ./Drivers/STM32H7RSxx_HAL_Driver/stm32h7rsxx_hal_gpio.o
 .debug_rnglists
                0x000004be      0x154 ./Drivers/STM32H7RSxx_HAL_Driver/stm32h7rsxx_hal_pwr_ex.o
 .debug_rnglists
                0x00000612       0xb1 ./Drivers/STM32H7RSxx_HAL_Driver/stm32h7rsxx_hal_sdram.o
 .debug_rnglists
                0x000006c3       0x95 ./Drivers/STM32H7RSxx_HAL_Driver/stm32h7rsxx_ll_fmc.o
 .debug_rnglists
                0x00000758       0x51 ./Drivers/STM32H7RSxx_HAL_Driver/stm32h7rsxx_ll_gpio.o
 .debug_rnglists
                0x000007a9      0x127 ./Drivers/STM32H7RSxx_HAL_Driver/stm32h7rsxx_ll_utils.o

.debug_macro    0x00000000    0x31652
 .debug_macro   0x00000000      0x2fb ./Application/User/main.o
 .debug_macro   0x000002fb      0xad2 ./Application/User/main.o
 .debug_macro   0x00000dcd      0x1a1 ./Application/User/main.o
 .debug_macro   0x00000f6e       0x2e ./Application/User/main.o
 .debug_macro   0x00000f9c       0x42 ./Application/User/main.o
 .debug_macro   0x00000fde       0x22 ./Application/User/main.o
 .debug_macro   0x00001000       0x8e ./Application/User/main.o
 .debug_macro   0x0000108e       0x51 ./Application/User/main.o
 .debug_macro   0x000010df      0x103 ./Application/User/main.o
 .debug_macro   0x000011e2       0x6a ./Application/User/main.o
 .debug_macro   0x0000124c      0x1df ./Application/User/main.o
 .debug_macro   0x0000142b       0x1c ./Application/User/main.o
 .debug_macro   0x00001447       0x22 ./Application/User/main.o
 .debug_macro   0x00001469       0xfb ./Application/User/main.o
 .debug_macro   0x00001564     0x1313 ./Application/User/main.o
 .debug_macro   0x00002877      0x11f ./Application/User/main.o
 .debug_macro   0x00002996       0x22 ./Application/User/main.o
 .debug_macro   0x000029b8    0x2146c ./Application/User/main.o
 .debug_macro   0x00023e24       0x6d ./Application/User/main.o
 .debug_macro   0x00023e91     0x346a ./Application/User/main.o
 .debug_macro   0x000272fb       0x61 ./Application/User/main.o
 .debug_macro   0x0002735c       0x29 ./Application/User/main.o
 .debug_macro   0x00027385       0x43 ./Application/User/main.o
 .debug_macro   0x000273c8       0x34 ./Application/User/main.o
 .debug_macro   0x000273fc      0x189 ./Application/User/main.o
 .debug_macro   0x00027585       0x16 ./Application/User/main.o
 .debug_macro   0x0002759b       0x43 ./Application/User/main.o
 .debug_macro   0x000275de       0x34 ./Application/User/main.o
 .debug_macro   0x00027612       0x10 ./Application/User/main.o
 .debug_macro   0x00027622       0x58 ./Application/User/main.o
 .debug_macro   0x0002767a       0x8e ./Application/User/main.o
 .debug_macro   0x00027708       0x1c ./Application/User/main.o
 .debug_macro   0x00027724      0x177 ./Application/User/main.o
 .debug_macro   0x0002789b      0x369 ./Application/User/main.o
 .debug_macro   0x00027c04      0x19b ./Application/User/main.o
 .debug_macro   0x00027d9f       0x64 ./Application/User/main.o
 .debug_macro   0x00027e03      0xac3 ./Application/User/main.o
 .debug_macro   0x000288c6     0x1f68 ./Application/User/main.o
 .debug_macro   0x0002a82e      0x93a ./Application/User/main.o
 .debug_macro   0x0002b168      0x170 ./Application/User/main.o
 .debug_macro   0x0002b2d8      0x1ba ./Application/User/main.o
 .debug_macro   0x0002b492      0x2e8 ./Application/User/main.o
 .debug_macro   0x0002b77a      0x590 ./Application/User/main.o
 .debug_macro   0x0002bd0a      0x52e ./Application/User/main.o
 .debug_macro   0x0002c238       0xba ./Application/User/main.o
 .debug_macro   0x0002c2f2      0x27c ./Application/User/main.o
 .debug_macro   0x0002c56e      0x2c0 ./Application/User/main.o
 .debug_macro   0x0002c82e      0x3fb ./Application/User/main.o
 .debug_macro   0x0002cc29       0xb0 ./Application/User/main.o
 .debug_macro   0x0002ccd9      0x11c ./Application/User/main.o
 .debug_macro   0x0002cdf5      0x210 ./Application/User/main.o
 .debug_macro   0x0002d005      0x2a0 ./Application/User/main.o
 .debug_macro   0x0002d2a5       0x3c ./Application/User/main.o
 .debug_macro   0x0002d2e1      0x512 ./Application/User/main.o
 .debug_macro   0x0002d7f3      0x587 ./Application/User/main.o
 .debug_macro   0x0002dd7a       0xd6 ./Application/User/main.o
 .debug_macro   0x0002de50      0x32c ./Application/User/main.o
 .debug_macro   0x0002e17c      0x37f ./Application/User/main.o
 .debug_macro   0x0002e4fb      0x1fc ./Application/User/main.o
 .debug_macro   0x0002e6f7      0x1dd ./Application/User/main.o
 .debug_macro   0x0002e8d4       0x93 ./Application/User/main.o
 .debug_macro   0x0002e967      0x1f9 ./Application/User/main.o
 .debug_macro   0x0002eb60      0x9c4 ./Application/User/main.o
 .debug_macro   0x0002f524      0x14e ./Application/User/main.o
 .debug_macro   0x0002f672       0x10 ./Application/User/main.o
 .debug_macro   0x0002f682      0x2ef ./Application/User/stm32h7rsxx_hal_msp.o
 .debug_macro   0x0002f971      0x2f9 ./Application/User/stm32h7rsxx_it.o
 .debug_macro   0x0002fc6a      0x283 ./Drivers/CMSIS/system_stm32h7rsxx.o
 .debug_macro   0x0002feed      0x2bf ./Drivers/STM32H7RSxx_HAL_Driver/stm32h7rsxx_hal.o
 .debug_macro   0x000301ac      0x27d ./Drivers/STM32H7RSxx_HAL_Driver/stm32h7rsxx_hal_cortex.o
 .debug_macro   0x00030429      0x284 ./Drivers/STM32H7RSxx_HAL_Driver/stm32h7rsxx_hal_gpio.o
 .debug_macro   0x000306ad      0x2b6 ./Drivers/STM32H7RSxx_HAL_Driver/stm32h7rsxx_hal_pwr_ex.o
 .debug_macro   0x00030963      0x27d ./Drivers/STM32H7RSxx_HAL_Driver/stm32h7rsxx_hal_sdram.o
 .debug_macro   0x00030be0      0x2a8 ./Drivers/STM32H7RSxx_HAL_Driver/stm32h7rsxx_ll_fmc.o
 .debug_macro   0x00030e88      0x2bf ./Drivers/STM32H7RSxx_HAL_Driver/stm32h7rsxx_ll_gpio.o
 .debug_macro   0x00031147      0x148 ./Drivers/STM32H7RSxx_HAL_Driver/stm32h7rsxx_ll_gpio.o
 .debug_macro   0x0003128f      0x3c3 ./Drivers/STM32H7RSxx_HAL_Driver/stm32h7rsxx_ll_utils.o

.comment        0x00000000       0x43
 .comment       0x00000000       0x43 ./Application/User/main.o
                                 0x44 (size before relaxing)
 .comment       0x00000043       0x44 ./Application/User/stm32h7rsxx_hal_msp.o
 .comment       0x00000043       0x44 ./Application/User/stm32h7rsxx_it.o
 .comment       0x00000043       0x44 ./Drivers/CMSIS/system_stm32h7rsxx.o
 .comment       0x00000043       0x44 ./Drivers/STM32H7RSxx_HAL_Driver/stm32h7rsxx_hal.o
 .comment       0x00000043       0x44 ./Drivers/STM32H7RSxx_HAL_Driver/stm32h7rsxx_hal_cortex.o
 .comment       0x00000043       0x44 ./Drivers/STM32H7RSxx_HAL_Driver/stm32h7rsxx_hal_gpio.o
 .comment       0x00000043       0x44 ./Drivers/STM32H7RSxx_HAL_Driver/stm32h7rsxx_hal_pwr_ex.o
 .comment       0x00000043       0x44 ./Drivers/STM32H7RSxx_HAL_Driver/stm32h7rsxx_hal_sdram.o
 .comment       0x00000043       0x44 ./Drivers/STM32H7RSxx_HAL_Driver/stm32h7rsxx_ll_fmc.o
 .comment       0x00000043       0x44 ./Drivers/STM32H7RSxx_HAL_Driver/stm32h7rsxx_ll_gpio.o
 .comment       0x00000043       0x44 ./Drivers/STM32H7RSxx_HAL_Driver/stm32h7rsxx_ll_utils.o

.debug_frame    0x00000000     0x3100
 .debug_frame   0x00000000      0x774 ./Application/User/main.o
 .debug_frame   0x00000774       0xdc ./Application/User/stm32h7rsxx_hal_msp.o
 .debug_frame   0x00000850      0x10c ./Application/User/stm32h7rsxx_it.o
 .debug_frame   0x0000095c       0x58 ./Drivers/CMSIS/system_stm32h7rsxx.o
 .debug_frame   0x000009b4      0x9a0 ./Drivers/STM32H7RSxx_HAL_Driver/stm32h7rsxx_hal.o
 .debug_frame   0x00001354      0x508 ./Drivers/STM32H7RSxx_HAL_Driver/stm32h7rsxx_hal_cortex.o
 .debug_frame   0x0000185c      0x174 ./Drivers/STM32H7RSxx_HAL_Driver/stm32h7rsxx_hal_gpio.o
 .debug_frame   0x000019d0      0x758 ./Drivers/STM32H7RSxx_HAL_Driver/stm32h7rsxx_hal_pwr_ex.o
 .debug_frame   0x00002128      0x3e8 ./Drivers/STM32H7RSxx_HAL_Driver/stm32h7rsxx_hal_sdram.o
 .debug_frame   0x00002510      0x37c ./Drivers/STM32H7RSxx_HAL_Driver/stm32h7rsxx_ll_fmc.o
 .debug_frame   0x0000288c      0x1c0 ./Drivers/STM32H7RSxx_HAL_Driver/stm32h7rsxx_ll_gpio.o
 .debug_frame   0x00002a4c      0x688 ./Drivers/STM32H7RSxx_HAL_Driver/stm32h7rsxx_ll_utils.o
 .debug_frame   0x000030d4       0x2c C:/ST/STM32CubeIDE_1.16.1/STM32CubeIDE/plugins/com.st.stm32cube.ide.mcu.externaltools.gnu-tools-for-stm32.12.3.rel1.win32_1.0.200.202406191623/tools/bin/../lib/gcc/arm-none-eabi/12.3.1/../../../../arm-none-eabi/lib/thumb/v7e-m+dp/hard\libc_nano.a(libc_a-init.o)
