15:44:36 **** Incremental Build of configuration Debug for project sdram_interfacin_Boot ****
make -j28 all 
arm-none-eabi-size  sdram_interfacin_Boot.elf 
   text	   data	    bss	    dec	    hex	filename
  36108	     12	   2284	  38404	   9604	sdram_interfacin_Boot.elf
Finished building: default.size.stdout
 
15:44:39 **** Incremental Build of configuration Debug for project sdram_interfacin_Boot ****
make -j28 all 
arm-none-eabi-size  sdram_interfacin_Boot.elf 
   text	   data	    bss	    dec	    hex	filename
  36108	     12	   2284	  38404	   9604	sdram_interfacin_Boot.elf
Finished building: default.size.stdout
 
15:44:45 **** Incremental Build of configuration Debug for project sdram_interfacin_Boot ****
make -j28 all 
arm-none-eabi-size  sdram_interfacin_Boot.elf 
   text	   data	    bss	    dec	    hex	filename
  36108	     12	   2284	  38404	   9604	sdram_interfacin_Boot.elf
Finished building: default.size.stdout
 
